Archive member included because of file (symbol)

c:/program files (x86)/atmel/atmel toolchain/arm gcc/native/4.8.1443/arm-gnu-toolchain/bin/../lib/gcc/arm-none-eabi/4.8.4/armv6-m\libgcc.a(_udivsi3.o)
                              trcRecorder.o (__aeabi_uidiv)
c:/program files (x86)/atmel/atmel toolchain/arm gcc/native/4.8.1443/arm-gnu-toolchain/bin/../lib/gcc/arm-none-eabi/4.8.4/armv6-m\libgcc.a(_dvmd_tls.o)
                              c:/program files (x86)/atmel/atmel toolchain/arm gcc/native/4.8.1443/arm-gnu-toolchain/bin/../lib/gcc/arm-none-eabi/4.8.4/armv6-m\libgcc.a(_udivsi3.o) (__aeabi_idiv0)
c:/program files (x86)/atmel/atmel toolchain/arm gcc/native/4.8.1443/arm-gnu-toolchain/bin/../lib/gcc/arm-none-eabi/4.8.4/armv6-m\libgcc.a(_muldi3.o)
                              src/ASF/sam0/drivers/sercom/sercom.o (__aeabi_lmul)
c:/program files (x86)/atmel/atmel toolchain/arm gcc/native/4.8.1443/arm-gnu-toolchain/bin/../lib/gcc/arm-none-eabi/4.8.4/armv6-m\libgcc.a(truncdfsf2.o)
                              trcRecorder.o (__aeabi_d2f)
c:/program files (x86)/atmel/atmel toolchain/arm gcc/native/4.8.1443/arm-gnu-toolchain/bin/../lib/gcc/arm-none-eabi/4.8.4/../../../../arm-none-eabi/lib/armv6-m\libc_s.a(lib_a-exit.o)
                              c:/program files (x86)/atmel/atmel toolchain/arm gcc/native/4.8.1443/arm-gnu-toolchain/bin/../lib/gcc/arm-none-eabi/4.8.4/../../../../arm-none-eabi/lib/armv6-m/crt0.o (exit)
c:/program files (x86)/atmel/atmel toolchain/arm gcc/native/4.8.1443/arm-gnu-toolchain/bin/../lib/gcc/arm-none-eabi/4.8.4/../../../../arm-none-eabi/lib/armv6-m\libc_s.a(lib_a-impure.o)
                              c:/program files (x86)/atmel/atmel toolchain/arm gcc/native/4.8.1443/arm-gnu-toolchain/bin/../lib/gcc/arm-none-eabi/4.8.4/../../../../arm-none-eabi/lib/armv6-m\libc_s.a(lib_a-exit.o) (_global_impure_ptr)
c:/program files (x86)/atmel/atmel toolchain/arm gcc/native/4.8.1443/arm-gnu-toolchain/bin/../lib/gcc/arm-none-eabi/4.8.4/../../../../arm-none-eabi/lib/armv6-m\libc_s.a(lib_a-init.o)
                              c:/program files (x86)/atmel/atmel toolchain/arm gcc/native/4.8.1443/arm-gnu-toolchain/bin/../lib/gcc/arm-none-eabi/4.8.4/../../../../arm-none-eabi/lib/armv6-m/crt0.o (__libc_init_array)
c:/program files (x86)/atmel/atmel toolchain/arm gcc/native/4.8.1443/arm-gnu-toolchain/bin/../lib/gcc/arm-none-eabi/4.8.4/../../../../arm-none-eabi/lib/armv6-m\libc_s.a(lib_a-memcpy-stub.o)
                              src/ASF/sam0/drivers/adc/adc_sam_d_r/adc.o (memcpy)
c:/program files (x86)/atmel/atmel toolchain/arm gcc/native/4.8.1443/arm-gnu-toolchain/bin/../lib/gcc/arm-none-eabi/4.8.4/../../../../arm-none-eabi/lib/armv6-m\libc_s.a(lib_a-memset.o)
                              c:/program files (x86)/atmel/atmel toolchain/arm gcc/native/4.8.1443/arm-gnu-toolchain/bin/../lib/gcc/arm-none-eabi/4.8.4/../../../../arm-none-eabi/lib/armv6-m/crt0.o (memset)
c:/program files (x86)/atmel/atmel toolchain/arm gcc/native/4.8.1443/arm-gnu-toolchain/bin/../lib/gcc/arm-none-eabi/4.8.4/../../../../arm-none-eabi/lib/armv6-m\libc_s.a(lib_a-printf.o)
                              src/ASF/sam0/utils/syscalls/gcc/syscalls.o (printf)
c:/program files (x86)/atmel/atmel toolchain/arm gcc/native/4.8.1443/arm-gnu-toolchain/bin/../lib/gcc/arm-none-eabi/4.8.4/../../../../arm-none-eabi/lib/armv6-m\libc_s.a(lib_a-setbuf.o)
                              src/ASF/thirdparty/wireless/addons/sio2host/uart/sio2host.o (setbuf)
c:/program files (x86)/atmel/atmel toolchain/arm gcc/native/4.8.1443/arm-gnu-toolchain/bin/../lib/gcc/arm-none-eabi/4.8.4/../../../../arm-none-eabi/lib/armv6-m\libc_s.a(lib_a-setvbuf.o)
                              c:/program files (x86)/atmel/atmel toolchain/arm gcc/native/4.8.1443/arm-gnu-toolchain/bin/../lib/gcc/arm-none-eabi/4.8.4/../../../../arm-none-eabi/lib/armv6-m\libc_s.a(lib_a-setbuf.o) (setvbuf)
c:/program files (x86)/atmel/atmel toolchain/arm gcc/native/4.8.1443/arm-gnu-toolchain/bin/../lib/gcc/arm-none-eabi/4.8.4/../../../../arm-none-eabi/lib/armv6-m\libc_s.a(lib_a-sprintf.o)
                              src/ASF/thirdparty/freertos/freertos-8.0.1/Source/tasks.o (sprintf)
c:/program files (x86)/atmel/atmel toolchain/arm gcc/native/4.8.1443/arm-gnu-toolchain/bin/../lib/gcc/arm-none-eabi/4.8.4/../../../../arm-none-eabi/lib/armv6-m\libc_s.a(lib_a-strcmp.o)
                              src/main.o (strcmp)
c:/program files (x86)/atmel/atmel toolchain/arm gcc/native/4.8.1443/arm-gnu-toolchain/bin/../lib/gcc/arm-none-eabi/4.8.4/../../../../arm-none-eabi/lib/armv6-m\libc_s.a(lib_a-strlen.o)
                              src/ASF/thirdparty/freertos/freertos-8.0.1/Source/tasks.o (strlen)
c:/program files (x86)/atmel/atmel toolchain/arm gcc/native/4.8.1443/arm-gnu-toolchain/bin/../lib/gcc/arm-none-eabi/4.8.4/../../../../arm-none-eabi/lib/armv6-m\libc_s.a(lib_a-strncmp.o)
                              trcRecorder.o (strncmp)
[...]
Memory Configuration

Name             Origin             Length             Attributes
rom              0x00000000         0x00040000         xr
ram              0x20000000         0x00008000         xrw
*default*        0x00000000         0xffffffff

Linker script and memory map

LOAD c:/program files (x86)/atmel/atmel toolchain/arm gcc/native/4.8.1443/arm-gnu-toolchain/bin/../lib/gcc/arm-none-eabi/4.8.4/armv6-m/crti.o
LOAD c:/program files (x86)/atmel/atmel toolchain/arm gcc/native/4.8.1443/arm-gnu-toolchain/bin/../lib/gcc/arm-none-eabi/4.8.4/armv6-m/crtbegin.o
LOAD c:/program files (x86)/atmel/atmel toolchain/arm gcc/native/4.8.1443/arm-gnu-toolchain/bin/../lib/gcc/arm-none-eabi/4.8.4/../../../../arm-none-eabi/lib/armv6-m/crt0.o
LOAD src/ASF/sam0/drivers/adc/adc_sam_d_r/adc.o
LOAD src/ASF/sam0/drivers/adc/adc_sam_d_r/adc_callback.o
LOAD src/ASF/sam0/drivers/extint/extint_sam_d_r/extint.o
LOAD src/ASF/sam0/drivers/sercom/sercom.o
LOAD src/ASF/sam0/utils/stdio/read.o
LOAD src/ASF/sam0/utils/stdio/write.o
LOAD src/ASF/thirdparty/freertos/freertos-8.0.1/Source/croutine.o
LOAD src/ASF/thirdparty/freertos/freertos-8.0.1/Source/event_groups.o
LOAD src/ASF/thirdparty/freertos/freertos-8.0.1/Source/portable/GCC/ARM_CM0/port.o
LOAD src/ASF/thirdparty/freertos/freertos-8.0.1/Source/portable/MemMang/heap_1.o
LOAD src/ASF/thirdparty/wireless/addons/sio2host/uart/sio2host.o
LOAD src/tasks.o
LOAD trcRecorder.o
LOAD src/ASF/thirdparty/freertos/freertos-8.0.1/Source/list.o
LOAD src/ASF/thirdparty/freertos/freertos-8.0.1/Source/queue.o
LOAD src/ASF/thirdparty/freertos/freertos-8.0.1/Source/tasks.o
LOAD src/ASF/thirdparty/freertos/freertos-8.0.1/Source/timers.o
LOAD src/ASF/sam0/drivers/sercom/usart/usart.o
LOAD src/ASF/sam0/drivers/sercom/usart/usart_interrupt.o
LOAD src/ASF/sam0/drivers/sercom/sercom_interrupt.o
LOAD src/ASF/sam0/drivers/extint/extint_callback.o
LOAD src/ASF/common2/services/delay/sam0/systick_counter.o
LOAD src/config/lcd.o
LOAD src/ASF/common/utils/interrupt/interrupt_sam_nvic.o
LOAD src/ASF/sam0/boards/samr21_xplained_pro/board_init.o
LOAD src/ASF/sam0/drivers/port/port.o
LOAD src/ASF/sam0/drivers/system/clock/clock_samd21_r21/clock.o
LOAD src/ASF/sam0/drivers/system/clock/clock_samd21_r21/gclk.o
LOAD src/ASF/sam0/drivers/system/interrupt/system_interrupt.o
LOAD src/ASF/sam0/drivers/system/pinmux/pinmux.o
LOAD src/ASF/sam0/drivers/system/system.o
LOAD src/ASF/sam0/utils/cmsis/samr21/source/gcc/startup_samr21.o
LOAD src/ASF/sam0/utils/cmsis/samr21/source/system_samr21.o
LOAD src/ASF/sam0/utils/syscalls/gcc/syscalls.o
LOAD src/main.o
START GROUP
LOAD ../src/ASF/thirdparty/CMSIS/Lib/GCC\libarm_cortexM0l_math.a
LOAD c:/program files (x86)/atmel/atmel toolchain/arm gcc/native/4.8.1443/arm-gnu-toolchain/bin/../lib/gcc/arm-none-eabi/4.8.4/../../../../arm-none-eabi/lib/armv6-m\libm.a
END GROUP
START GROUP
LOAD c:/program files (x86)/atmel/atmel toolchain/arm gcc/native/4.8.1443/arm-gnu-toolchain/bin/../lib/gcc/arm-none-eabi/4.8.4/armv6-m\libgcc.a
LOAD c:/program files (x86)/atmel/atmel toolchain/arm gcc/native/4.8.1443/arm-gnu-toolchain/bin/../lib/gcc/arm-none-eabi/4.8.4/../../../../arm-none-eabi/lib/armv6-m\libc_s.a
END GROUP
START GROUP
LOAD c:/program files (x86)/atmel/atmel toolchain/arm gcc/native/4.8.1443/arm-gnu-toolchain/bin/../lib/gcc/arm-none-eabi/4.8.4/armv6-m\libgcc.a
LOAD c:/program files (x86)/atmel/atmel toolchain/arm gcc/native/4.8.1443/arm-gnu-toolchain/bin/../lib/gcc/arm-none-eabi/4.8.4/../../../../arm-none-eabi/lib/armv6-m\libc_s.a
END GROUP
LOAD c:/program files (x86)/atmel/atmel toolchain/arm gcc/native/4.8.1443/arm-gnu-toolchain/bin/../lib/gcc/arm-none-eabi/4.8.4/armv6-m/crtend.o
LOAD c:/program files (x86)/atmel/atmel toolchain/arm gcc/native/4.8.1443/arm-gnu-toolchain/bin/../lib/gcc/arm-none-eabi/4.8.4/armv6-m/crtn.o
                0x00002000                STACK_SIZE = DEFINED (STACK_SIZE)?STACK_SIZE:DEFINED (__stack_size__)?__stack_size__:0x2000

.text           0x00000000     0x4b58
                0x00000000                . = ALIGN (0x4)
                0x00000000                _sfixed = .
 *(.vectors .vectors.*)
 .vectors       0x00000000       0xb4 src/ASF/sam0/utils/cmsis/samr21/source/gcc/startup_samr21.o
                0x00000000                exception_table
 *(.text .text.* .gnu.linkonce.t.*)
 .text          0x000000b4       0x60 c:/program files (x86)/atmel/atmel toolchain/arm gcc/native/4.8.1443/arm-gnu-toolchain/bin/../lib/gcc/arm-none-eabi/4.8.4/armv6-m/crtbegin.o
 .text.adc_get_config_defaults
                0x00000114       0x48 src/ASF/sam0/drivers/adc/adc_sam_d_r/adc.o
                0x00000114                adc_get_config_defaults
 .text.adc_init
                0x0000015c      0x434 src/ASF/sam0/drivers/adc/adc_sam_d_r/adc.o
                0x0000015c                adc_init
 .text.ADC_Handler
                0x00000590       0xbc src/ASF/sam0/drivers/adc/adc_sam_d_r/adc_callback.o
                0x00000590                ADC_Handler
 .text._extint_enable
                0x0000064c       0x1c src/ASF/sam0/drivers/extint/extint_sam_d_r/extint.o
 .text._system_extint_init
                0x00000668       0x6c src/ASF/sam0/drivers/extint/extint_sam_d_r/extint.o
                0x00000668                _system_extint_init
 .text.extint_chan_get_config_defaults
                0x000006d4       0x14 src/ASF/sam0/drivers/extint/extint_sam_d_r/extint.o
                0x000006d4                extint_chan_get_config_defaults
 .text.extint_chan_set_config
                0x000006e8       0x78 src/ASF/sam0/drivers/extint/extint_sam_d_r/extint.o
                0x000006e8                extint_chan_set_config
 .text._sercom_get_sync_baud_val
                0x00000760       0x28 src/ASF/sam0/drivers/sercom/sercom.o
                0x00000760                _sercom_get_sync_baud_val
 .text._sercom_get_async_baud_val
                0x00000788      0x1b0 src/ASF/sam0/drivers/sercom/sercom.o
                0x00000788                _sercom_get_async_baud_val
 .text.sercom_set_gclk_generator
                0x00000938       0x50 src/ASF/sam0/drivers/sercom/sercom.o
                0x00000938                sercom_set_gclk_generator
 .text._sercom_get_default_pad
                0x00000988      0x188 src/ASF/sam0/drivers/sercom/sercom.o
                0x00000988                _sercom_get_default_pad
 .text._sercom_get_sercom_inst_index
                0x00000b10       0x3c src/ASF/sam0/drivers/sercom/sercom.o
                0x00000b10                _sercom_get_sercom_inst_index
 .text._read    0x00000b4c       0x44 src/ASF/sam0/utils/stdio/read.o
                0x00000b4c                _read
 .text._write   0x00000b90       0x54 src/ASF/sam0/utils/stdio/write.o
                0x00000b90                _write
 .text.prvTaskExitError
                0x00000be4       0x14 src/ASF/thirdparty/freertos/freertos-8.0.1/Source/portable/GCC/ARM_CM0/port.o
 .text.vPortStartFirstTask
                0x00000bf8       0x20 src/ASF/thirdparty/freertos/freertos-8.0.1/Source/portable/GCC/ARM_CM0/port.o
 .text.pxPortInitialiseStack
                0x00000c18       0x20 src/ASF/thirdparty/freertos/freertos-8.0.1/Source/portable/GCC/ARM_CM0/port.o
                0x00000c18                pxPortInitialiseStack
 .text.SVC_Handler
                0x00000c38        0x4 src/ASF/thirdparty/freertos/freertos-8.0.1/Source/portable/GCC/ARM_CM0/port.o
                0x00000c38                SVC_Handler
 .text.vPortYield
                0x00000c3c       0x18 src/ASF/thirdparty/freertos/freertos-8.0.1/Source/portable/GCC/ARM_CM0/port.o
                0x00000c3c                vPortYield
 .text.vPortEnterCritical
                0x00000c54       0x18 src/ASF/thirdparty/freertos/freertos-8.0.1/Source/portable/GCC/ARM_CM0/port.o
                0x00000c54                vPortEnterCritical
 .text.vPortExitCritical
                0x00000c6c       0x20 src/ASF/thirdparty/freertos/freertos-8.0.1/Source/portable/GCC/ARM_CM0/port.o
                0x00000c6c                vPortExitCritical
 .text.ulSetInterruptMaskFromISR
                0x00000c8c        0xc src/ASF/thirdparty/freertos/freertos-8.0.1/Source/portable/GCC/ARM_CM0/port.o
                0x00000c8c                ulSetInterruptMaskFromISR
 .text.vClearInterruptMaskFromISR
                0x00000c98        0x8 src/ASF/thirdparty/freertos/freertos-8.0.1/Source/portable/GCC/ARM_CM0/port.o
                0x00000c98                vClearInterruptMaskFromISR
 .text.PendSV_Handler
                0x00000ca0       0x44 src/ASF/thirdparty/freertos/freertos-8.0.1/Source/portable/GCC/ARM_CM0/port.o
                0x00000ca0                PendSV_Handler
 .text.SysTick_Handler
                0x00000ce4       0x30 src/ASF/thirdparty/freertos/freertos-8.0.1/Source/portable/GCC/ARM_CM0/port.o
                0x00000ce4                SysTick_Handler
 .text.vPortSetupTimerInterrupt
                0x00000d14       0x24 src/ASF/thirdparty/freertos/freertos-8.0.1/Source/portable/GCC/ARM_CM0/port.o
                0x00000d14                vPortSetupTimerInterrupt
 .text.xPortStartScheduler
                0x00000d38       0x40 src/ASF/thirdparty/freertos/freertos-8.0.1/Source/portable/GCC/ARM_CM0/port.o
                0x00000d38                xPortStartScheduler
 .text.pvPortMalloc
                0x00000d78       0x68 src/ASF/thirdparty/freertos/freertos-8.0.1/Source/portable/MemMang/heap_1.o
                0x00000d78                pvPortMalloc
 .text.vPortFree
                0x00000de0        0xc src/ASF/thirdparty/freertos/freertos-8.0.1/Source/portable/MemMang/heap_1.o
                0x00000de0                vPortFree
 .text.vListInitialise
                0x00000dec       0x18 src/ASF/thirdparty/freertos/freertos-8.0.1/Source/list.o
                0x00000dec                vListInitialise
 .text.vListInitialiseItem
                0x00000e04        0x8 src/ASF/thirdparty/freertos/freertos-8.0.1/Source/list.o
                0x00000e04                vListInitialiseItem
 .text.vListInsertEnd
                0x00000e0c       0x18 src/ASF/thirdparty/freertos/freertos-8.0.1/Source/list.o
                0x00000e0c                vListInsertEnd
 .text.vListInsert
                0x00000e24       0x30 src/ASF/thirdparty/freertos/freertos-8.0.1/Source/list.o
                0x00000e24                vListInsert
 .text.uxListRemove
                0x00000e54       0x24 src/ASF/thirdparty/freertos/freertos-8.0.1/Source/list.o
                0x00000e54                uxListRemove
 .text.prvCopyDataToQueue
                0x00000e78       0x78 src/ASF/thirdparty/freertos/freertos-8.0.1/Source/queue.o
 .text.prvNotifyQueueSetContainer
                0x00000ef0       0x50 src/ASF/thirdparty/freertos/freertos-8.0.1/Source/queue.o
 .text.prvCopyDataFromQueue
                0x00000f40       0x28 src/ASF/thirdparty/freertos/freertos-8.0.1/Source/queue.o
 .text.prvUnlockQueue
                0x00000f68       0xa8 src/ASF/thirdparty/freertos/freertos-8.0.1/Source/queue.o
 .text.xQueueGenericReset
                0x00001010       0x78 src/ASF/thirdparty/freertos/freertos-8.0.1/Source/queue.o
                0x00001010                xQueueGenericReset
 .text.xQueueGenericCreate
                0x00001088       0x58 src/ASF/thirdparty/freertos/freertos-8.0.1/Source/queue.o
                0x00001088                xQueueGenericCreate
 .text.xQueueGenericSend
                0x000010e0      0x174 src/ASF/thirdparty/freertos/freertos-8.0.1/Source/queue.o
                0x000010e0                xQueueGenericSend
 .text.xQueueGenericSendFromISR
                0x00001254       0xd0 src/ASF/thirdparty/freertos/freertos-8.0.1/Source/queue.o
                0x00001254                xQueueGenericSendFromISR
 .text.xQueueGenericReceive
                0x00001324      0x18c src/ASF/thirdparty/freertos/freertos-8.0.1/Source/queue.o
                0x00001324                xQueueGenericReceive
 .text.vQueueWaitForMessageRestricted
                0x000014b0       0x4c src/ASF/thirdparty/freertos/freertos-8.0.1/Source/queue.o
                0x000014b0                vQueueWaitForMessageRestricted
 .text.prvResetNextTaskUnblockTime
                0x000014fc       0x2c src/ASF/thirdparty/freertos/freertos-8.0.1/Source/tasks.o
 .text.prvAddCurrentTaskToDelayedList
                0x00001528       0x58 src/ASF/thirdparty/freertos/freertos-8.0.1/Source/tasks.o
 .text.xTaskGenericCreate
                0x00001580      0x208 src/ASF/thirdparty/freertos/freertos-8.0.1/Source/tasks.o
                0x00001580                xTaskGenericCreate
 .text.vTaskStartScheduler
                0x00001788       0x60 src/ASF/thirdparty/freertos/freertos-8.0.1/Source/tasks.o
                0x00001788                vTaskStartScheduler
 .text.vTaskSuspendAll
                0x000017e8       0x10 src/ASF/thirdparty/freertos/freertos-8.0.1/Source/tasks.o
                0x000017e8                vTaskSuspendAll
 .text.xTaskGetTickCount
                0x000017f8       0x20 src/ASF/thirdparty/freertos/freertos-8.0.1/Source/tasks.o
                0x000017f8                xTaskGetTickCount
 .text.xTaskIncrementTick
                0x00001818      0x12c src/ASF/thirdparty/freertos/freertos-8.0.1/Source/tasks.o
                0x00001818                xTaskIncrementTick
 .text.xTaskResumeAll
                0x00001944       0xf8 src/ASF/thirdparty/freertos/freertos-8.0.1/Source/tasks.o
                0x00001944                xTaskResumeAll
 .text.vTaskDelay
                0x00001a3c       0x5c src/ASF/thirdparty/freertos/freertos-8.0.1/Source/tasks.o
                0x00001a3c                vTaskDelay
 .text.prvIdleTask
                0x00001a98       0x84 src/ASF/thirdparty/freertos/freertos-8.0.1/Source/tasks.o
 .text.vTaskSwitchContext
                0x00001b1c       0xc0 src/ASF/thirdparty/freertos/freertos-8.0.1/Source/tasks.o
                0x00001b1c                vTaskSwitchContext
 .text.vTaskPlaceOnEventList
                0x00001bdc       0x58 src/ASF/thirdparty/freertos/freertos-8.0.1/Source/tasks.o
                0x00001bdc                vTaskPlaceOnEventList
 .text.vTaskPlaceOnEventListRestricted
                0x00001c34       0x40 src/ASF/thirdparty/freertos/freertos-8.0.1/Source/tasks.o
                0x00001c34                vTaskPlaceOnEventListRestricted
 .text.xTaskRemoveFromEventList
                0x00001c74       0x88 src/ASF/thirdparty/freertos/freertos-8.0.1/Source/tasks.o
                0x00001c74                xTaskRemoveFromEventList
 .text.vTaskSetTimeOutState
                0x00001cfc       0x20 src/ASF/thirdparty/freertos/freertos-8.0.1/Source/tasks.o
                0x00001cfc                vTaskSetTimeOutState
 .text.xTaskCheckForTimeOut
                0x00001d1c       0x70 src/ASF/thirdparty/freertos/freertos-8.0.1/Source/tasks.o
                0x00001d1c                xTaskCheckForTimeOut
 .text.vTaskMissedYield
                0x00001d8c        0xc src/ASF/thirdparty/freertos/freertos-8.0.1/Source/tasks.o
                0x00001d8c                vTaskMissedYield
 .text.xTaskGetCurrentTaskHandle
                0x00001d98        0xc src/ASF/thirdparty/freertos/freertos-8.0.1/Source/tasks.o
                0x00001d98                xTaskGetCurrentTaskHandle
 .text.xTaskGetSchedulerState
                0x00001da4       0x20 src/ASF/thirdparty/freertos/freertos-8.0.1/Source/tasks.o
                0x00001da4                xTaskGetSchedulerState
 .text.vTaskPriorityInherit
                0x00001dc4       0x80 src/ASF/thirdparty/freertos/freertos-8.0.1/Source/tasks.o
                0x00001dc4                vTaskPriorityInherit
 .text.vTaskPriorityDisinherit
                0x00001e44       0x54 src/ASF/thirdparty/freertos/freertos-8.0.1/Source/tasks.o
                0x00001e44                vTaskPriorityDisinherit
 .text.prvInsertTimerInActiveList
                0x00001e98       0x48 src/ASF/thirdparty/freertos/freertos-8.0.1/Source/timers.o
 .text.prvCheckForValidListAndQueue
                0x00001ee0       0x68 src/ASF/thirdparty/freertos/freertos-8.0.1/Source/timers.o
 .text.xTimerCreateTimerTask
                0x00001f48       0x48 src/ASF/thirdparty/freertos/freertos-8.0.1/Source/timers.o
                0x00001f48                xTimerCreateTimerTask
 .text.xTimerGenericCommand
                0x00001f90       0x64 src/ASF/thirdparty/freertos/freertos-8.0.1/Source/timers.o
                0x00001f90                xTimerGenericCommand
 .text.prvSampleTimeNow
                0x00001ff4       0xbc src/ASF/thirdparty/freertos/freertos-8.0.1/Source/timers.o
 .text.prvTimerTask
                0x000020b0      0x178 src/ASF/thirdparty/freertos/freertos-8.0.1/Source/timers.o
 .text.usart_init
                0x00002228      0x308 src/ASF/sam0/drivers/sercom/usart/usart.o
                0x00002228                usart_init
 .text.usart_write_wait
                0x00002530       0x2c src/ASF/sam0/drivers/sercom/usart/usart.o
                0x00002530                usart_write_wait
 .text.usart_read_wait
                0x0000255c       0x78 src/ASF/sam0/drivers/sercom/usart/usart.o
                0x0000255c                usart_read_wait
 .text._usart_interrupt_handler
                0x000025d4      0x19c src/ASF/sam0/drivers/sercom/usart/usart_interrupt.o
                0x000025d4                _usart_interrupt_handler
 .text._sercom_default_handler
                0x00002770        0x4 src/ASF/sam0/drivers/sercom/sercom_interrupt.o
 .text._sercom_set_handler
                0x00002774       0x3c src/ASF/sam0/drivers/sercom/sercom_interrupt.o
                0x00002774                _sercom_set_handler
 .text._sercom_get_interrupt_vector
                0x000027b0       0x2c src/ASF/sam0/drivers/sercom/sercom_interrupt.o
                0x000027b0                _sercom_get_interrupt_vector
 .text.SERCOM0_Handler
                0x000027dc       0x10 src/ASF/sam0/drivers/sercom/sercom_interrupt.o
                0x000027dc                SERCOM0_Handler
 .text.SERCOM1_Handler
                0x000027ec       0x10 src/ASF/sam0/drivers/sercom/sercom_interrupt.o
                0x000027ec                SERCOM1_Handler
 .text.SERCOM2_Handler
                0x000027fc       0x10 src/ASF/sam0/drivers/sercom/sercom_interrupt.o
                0x000027fc                SERCOM2_Handler
 .text.SERCOM3_Handler
                0x0000280c       0x10 src/ASF/sam0/drivers/sercom/sercom_interrupt.o
                0x0000280c                SERCOM3_Handler
 .text.SERCOM4_Handler
                0x0000281c       0x10 src/ASF/sam0/drivers/sercom/sercom_interrupt.o
                0x0000281c                SERCOM4_Handler
 .text.SERCOM5_Handler
                0x0000282c       0x10 src/ASF/sam0/drivers/sercom/sercom_interrupt.o
                0x0000282c                SERCOM5_Handler
 .text.extint_register_callback
                0x0000283c       0x30 src/ASF/sam0/drivers/extint/extint_callback.o
                0x0000283c                extint_register_callback
 .text.extint_chan_enable_callback
                0x0000286c       0x20 src/ASF/sam0/drivers/extint/extint_callback.o
                0x0000286c                extint_chan_enable_callback
 .text.EIC_Handler
                0x0000288c       0x6c src/ASF/sam0/drivers/extint/extint_callback.o
                0x0000288c                EIC_Handler
 .text.delay_init
                0x000028f8       0x3c src/ASF/common2/services/delay/sam0/systick_counter.o
                0x000028f8                delay_init
 .text.delay_cycles_ms
                0x00002934       0x2c src/ASF/common2/services/delay/sam0/systick_counter.o
                0x00002934                delay_cycles_ms
 .text.cpu_irq_enter_critical
                0x00002960       0x40 src/ASF/common/utils/interrupt/interrupt_sam_nvic.o
                0x00002960                cpu_irq_enter_critical
 .text.cpu_irq_leave_critical
                0x000029a0       0x30 src/ASF/common/utils/interrupt/interrupt_sam_nvic.o
                0x000029a0                cpu_irq_leave_critical
 .text.system_board_init
                0x000029d0       0x38 src/ASF/sam0/boards/samr21_xplained_pro/board_init.o
                0x000029d0                board_init
                0x000029d0                system_board_init
 .text.port_pin_set_config
                0x00002a08       0x24 src/ASF/sam0/drivers/port/port.o
                0x00002a08                port_pin_set_config
 .text.system_clock_source_get_hz
                0x00002a2c       0x90 src/ASF/sam0/drivers/system/clock/clock_samd21_r21/clock.o
                0x00002a2c                system_clock_source_get_hz
 .text.system_clock_source_osc8m_set_config
                0x00002abc       0x3c src/ASF/sam0/drivers/system/clock/clock_samd21_r21/clock.o
                0x00002abc                system_clock_source_osc8m_set_config
 .text.system_clock_source_enable
                0x00002af8       0xa0 src/ASF/sam0/drivers/system/clock/clock_samd21_r21/clock.o
                0x00002af8                system_clock_source_enable
 .text.system_clock_init
                0x00002b98       0x94 src/ASF/sam0/drivers/system/clock/clock_samd21_r21/clock.o
                0x00002b98                system_clock_init
 .text.system_gclk_init
                0x00002c2c       0x24 src/ASF/sam0/drivers/system/clock/clock_samd21_r21/gclk.o
                0x00002c2c                system_gclk_init
 .text.system_gclk_gen_set_config
                0x00002c50       0xb4 src/ASF/sam0/drivers/system/clock/clock_samd21_r21/gclk.o
                0x00002c50                system_gclk_gen_set_config
 .text.system_gclk_gen_enable
                0x00002d04       0x44 src/ASF/sam0/drivers/system/clock/clock_samd21_r21/gclk.o
                0x00002d04                system_gclk_gen_enable
 .text.system_gclk_gen_get_hz
                0x00002d48       0x8c src/ASF/sam0/drivers/system/clock/clock_samd21_r21/gclk.o
                0x00002d48                system_gclk_gen_get_hz
 .text.system_gclk_chan_enable
                0x00002dd4       0x30 src/ASF/sam0/drivers/system/clock/clock_samd21_r21/gclk.o
                0x00002dd4                system_gclk_chan_enable
 .text.system_gclk_chan_disable
                0x00002e04       0x5c src/ASF/sam0/drivers/system/clock/clock_samd21_r21/gclk.o
                0x00002e04                system_gclk_chan_disable
 .text.system_gclk_chan_set_config
                0x00002e60       0x1c src/ASF/sam0/drivers/system/clock/clock_samd21_r21/gclk.o
                0x00002e60                system_gclk_chan_set_config
 .text.system_gclk_chan_get_hz
                0x00002e7c       0x34 src/ASF/sam0/drivers/system/clock/clock_samd21_r21/gclk.o
                0x00002e7c                system_gclk_chan_get_hz
 .text._system_pinmux_config
                0x00002eb0       0x8c src/ASF/sam0/drivers/system/pinmux/pinmux.o
 .text.system_pinmux_pin_set_config
                0x00002f3c       0x2c src/ASF/sam0/drivers/system/pinmux/pinmux.o
                0x00002f3c                system_pinmux_pin_set_config
 .text._system_dummy_init
                0x00002f68        0x4 src/ASF/sam0/drivers/system/system.o
                0x00002f68                _system_dummy_init
                0x00002f68                _system_events_init
 .text.system_init
                0x00002f6c       0x24 src/ASF/sam0/drivers/system/system.o
                0x00002f6c                system_init
 .text.Dummy_Handler
                0x00002f90        0x4 src/ASF/sam0/utils/cmsis/samr21/source/gcc/startup_samr21.o
                0x00002f90                DMAC_Handler
                0x00002f90                HardFault_Handler
                0x00002f90                AC_Handler
                0x00002f90                NMI_Handler
                0x00002f90                TCC1_Handler
                0x00002f90                TCC0_Handler
                0x00002f90                RTC_Handler
                0x00002f90                WDT_Handler
                0x00002f90                TC4_Handler
                0x00002f90                USB_Handler
                0x00002f90                TC3_Handler
                0x00002f90                Dummy_Handler
                0x00002f90                PM_Handler
                0x00002f90                TCC2_Handler
                0x00002f90                EVSYS_Handler
                0x00002f90                I2S_Handler
                0x00002f90                NVMCTRL_Handler
                0x00002f90                PTC_Handler
                0x00002f90                TC5_Handler
                0x00002f90                SYSCTRL_Handler
 .text.Reset_Handler
                0x00002f94       0xa0 src/ASF/sam0/utils/cmsis/samr21/source/gcc/startup_samr21.o
                0x00002f94                Reset_Handler
 .text._sbrk    0x00003034       0x24 src/ASF/sam0/utils/syscalls/gcc/syscalls.o
                0x00003034                _sbrk
 .text._close   0x00003058        0x8 src/ASF/sam0/utils/syscalls/gcc/syscalls.o
                0x00003058                _close
 .text._fstat   0x00003060        0xc src/ASF/sam0/utils/syscalls/gcc/syscalls.o
                0x00003060                _fstat
 .text._isatty  0x0000306c        0x4 src/ASF/sam0/utils/syscalls/gcc/syscalls.o
                0x0000306c                _isatty
 .text._lseek   0x00003070        0x4 src/ASF/sam0/utils/syscalls/gcc/syscalls.o
                0x00003070                _lseek
 .text.stats_task
                0x00003074       0x68 src/main.o
 .text.read_temp_task
                0x000030dc       0x40 src/main.o
 .text.cycle_room_task
                0x0000311c       0x7c src/main.o
 .text.extint_callback
                0x00003198       0x4c src/main.o
 .text.lcd_task
                0x000031e4      0x13c src/main.o
 .text.usart_serial_getchar
                0x00003320       0x2c src/main.o
 .text.usart_serial_putchar
                0x0000334c       0x18 src/main.o
 .text.open_register
                0x00003364       0x28 src/main.o
                0x00003364                open_register
 .text.close_register
                0x0000338c       0x28 src/main.o
                0x0000338c                close_register
 .text.update_register_task
                0x000033b4      0x114 src/main.o
 .text.configure_adc
                0x000034c8       0x68 src/main.o
                0x000034c8                configure_adc
 .text.pin_init
                0x00003530       0x3c src/main.o
                0x00003530                pin_init
 .text.main     0x0000356c      0x24c src/main.o
                0x0000356c                main
 .text          0x000037b8       0x9c c:/program files (x86)/atmel/atmel toolchain/arm gcc/native/4.8.1443/arm-gnu-toolchain/bin/../lib/gcc/arm-none-eabi/4.8.4/armv6-m\libgcc.a(_udivsi3.o)
                0x000037b8                __aeabi_uidiv
                0x000037b8                __udivsi3
                0x00003840                __aeabi_uidivmod
 .text          0x00003854        0x4 c:/program files (x86)/atmel/atmel toolchain/arm gcc/native/4.8.1443/arm-gnu-toolchain/bin/../lib/gcc/arm-none-eabi/4.8.4/armv6-m\libgcc.a(_dvmd_tls.o)
                0x00003854                __aeabi_idiv0
                0x00003854                __aeabi_ldiv0
 .text          0x00003858       0x44 c:/program files (x86)/atmel/atmel toolchain/arm gcc/native/4.8.1443/arm-gnu-toolchain/bin/../lib/gcc/arm-none-eabi/4.8.4/armv6-m\libgcc.a(_muldi3.o)
                0x00003858                __muldi3
                0x00003858                __aeabi_lmul
 .text.__libc_init_array
                0x0000389c       0x4c c:/program files (x86)/atmel/atmel toolchain/arm gcc/native/4.8.1443/arm-gnu-toolchain/bin/../lib/gcc/arm-none-eabi/4.8.4/../../../../arm-none-eabi/lib/armv6-m\libc_s.a(lib_a-init.o)
                0x0000389c                __libc_init_array
 .text.memcpy   0x000038e8       0x12 c:/program files (x86)/atmel/atmel toolchain/arm gcc/native/4.8.1443/arm-gnu-toolchain/bin/../lib/gcc/arm-none-eabi/4.8.4/../../../../arm-none-eabi/lib/armv6-m\libc_s.a(lib_a-memcpy-stub.o)
                0x000038e8                memcpy
 .text.memset   0x000038fa       0x10 c:/program files (x86)/atmel/atmel toolchain/arm gcc/native/4.8.1443/arm-gnu-toolchain/bin/../lib/gcc/arm-none-eabi/4.8.4/../../../../arm-none-eabi/lib/armv6-m\libc_s.a(lib_a-memset.o)
                0x000038fa                memset
 *fill*         0x0000390a        0x2 
 .text.printf   0x0000390c       0x34 c:/program files (x86)/atmel/atmel toolchain/arm gcc/native/4.8.1443/arm-gnu-toolchain/bin/../lib/gcc/arm-none-eabi/4.8.4/../../../../arm-none-eabi/lib/armv6-m\libc_s.a(lib_a-printf.o)
                0x0000390c                iprintf
                0x0000390c                printf
 .text.setbuf   0x00003940       0x12 c:/program files (x86)/atmel/atmel toolchain/arm gcc/native/4.8.1443/arm-gnu-toolchain/bin/../lib/gcc/arm-none-eabi/4.8.4/../../../../arm-none-eabi/lib/armv6-m\libc_s.a(lib_a-setbuf.o)
                0x00003940                setbuf
 *fill*         0x00003952        0x2 
 .text.setvbuf  0x00003954      0x10c c:/program files (x86)/atmel/atmel toolchain/arm gcc/native/4.8.1443/arm-gnu-toolchain/bin/../lib/gcc/arm-none-eabi/4.8.4/../../../../arm-none-eabi/lib/armv6-m\libc_s.a(lib_a-setvbuf.o)
                0x00003954                setvbuf
 .text          0x00003a60       0x14 c:/program files (x86)/atmel/atmel toolchain/arm gcc/native/4.8.1443/arm-gnu-toolchain/bin/../lib/gcc/arm-none-eabi/4.8.4/../../../../arm-none-eabi/lib/armv6-m\libc_s.a(lib_a-strcmp.o)
                0x00003a60                strcmp
 .text.strlen   0x00003a74        0xe c:/program files (x86)/atmel/atmel toolchain/arm gcc/native/4.8.1443/arm-gnu-toolchain/bin/../lib/gcc/arm-none-eabi/4.8.4/../../../../arm-none-eabi/lib/armv6-m\libc_s.a(lib_a-strlen.o)
                0x00003a74                strlen
 .text.__sfputc_r
                0x00003a82       0x2a c:/program files (x86)/atmel/atmel toolchain/arm gcc/native/4.8.1443/arm-gnu-toolchain/bin/../lib/gcc/arm-none-eabi/4.8.4/../../../../arm-none-eabi/lib/armv6-m\libc_s.a(lib_a-vfprintf.o)
 .text.__sfputs_r
                0x00003aac       0x24 c:/program files (x86)/atmel/atmel toolchain/arm gcc/native/4.8.1443/arm-gnu-toolchain/bin/../lib/gcc/arm-none-eabi/4.8.4/../../../../arm-none-eabi/lib/armv6-m\libc_s.a(lib_a-vfprintf.o)
                0x00003aac                __sfputs_r
 .text._vfprintf_r
                0x00003ad0      0x210 c:/program files (x86)/atmel/atmel toolchain/arm gcc/native/4.8.1443/arm-gnu-toolchain/bin/../lib/gcc/arm-none-eabi/4.8.4/../../../../arm-none-eabi/lib/armv6-m\libc_s.a(lib_a-vfprintf.o)
                0x00003ad0                _vfprintf_r
                0x00003ad0                _vfiprintf_r
 .text._printf_common
                0x00003ce0       0xe8 c:/program files (x86)/atmel/atmel toolchain/arm gcc/native/4.8.1443/arm-gnu-toolchain/bin/../lib/gcc/arm-none-eabi/4.8.4/../../../../arm-none-eabi/lib/armv6-m\libc_s.a(lib_a-vfprintf_i.o)
                0x00003ce0                _printf_common
 .text._printf_i
                0x00003dc8      0x22c c:/program files (x86)/atmel/atmel toolchain/arm gcc/native/4.8.1443/arm-gnu-toolchain/bin/../lib/gcc/arm-none-eabi/4.8.4/../../../../arm-none-eabi/lib/armv6-m\libc_s.a(lib_a-vfprintf_i.o)
                0x00003dc8                _printf_i
 .text.__swbuf_r
                0x00003ff4       0xb0 c:/program files (x86)/atmel/atmel toolchain/arm gcc/native/4.8.1443/arm-gnu-toolchain/bin/../lib/gcc/arm-none-eabi/4.8.4/../../../../arm-none-eabi/lib/armv6-m\libc_s.a(lib_a-wbuf.o)
                0x00003ff4                __swbuf_r
 .text.__swsetup_r
                0x000040a4       0xe4 c:/program files (x86)/atmel/atmel toolchain/arm gcc/native/4.8.1443/arm-gnu-toolchain/bin/../lib/gcc/arm-none-eabi/4.8.4/../../../../arm-none-eabi/lib/armv6-m\libc_s.a(lib_a-wsetup.o)
                0x000040a4                __swsetup_r
 .text.__sflush_r
                0x00004188      0x112 c:/program files (x86)/atmel/atmel toolchain/arm gcc/native/4.8.1443/arm-gnu-toolchain/bin/../lib/gcc/arm-none-eabi/4.8.4/../../../../arm-none-eabi/lib/armv6-m\libc_s.a(lib_a-fflush.o)
                0x00004188                __sflush_r
 *fill*         0x0000429a        0x2 
 .text._fflush_r
                0x0000429c       0x58 c:/program files (x86)/atmel/atmel toolchain/arm gcc/native/4.8.1443/arm-gnu-toolchain/bin/../lib/gcc/arm-none-eabi/4.8.4/../../../../arm-none-eabi/lib/armv6-m\libc_s.a(lib_a-fflush.o)
                0x0000429c                _fflush_r
 .text._cleanup_r
                0x000042f4       0x34 c:/program files (x86)/atmel/atmel toolchain/arm gcc/native/4.8.1443/arm-gnu-toolchain/bin/../lib/gcc/arm-none-eabi/4.8.4/../../../../arm-none-eabi/lib/armv6-m\libc_s.a(lib_a-findfp.o)
                0x000042f4                _cleanup_r
 .text.std.isra.0
                0x00004328       0x48 c:/program files (x86)/atmel/atmel toolchain/arm gcc/native/4.8.1443/arm-gnu-toolchain/bin/../lib/gcc/arm-none-eabi/4.8.4/../../../../arm-none-eabi/lib/armv6-m\libc_s.a(lib_a-findfp.o)
 .text.__sfmoreglue
                0x00004370       0x2c c:/program files (x86)/atmel/atmel toolchain/arm gcc/native/4.8.1443/arm-gnu-toolchain/bin/../lib/gcc/arm-none-eabi/4.8.4/../../../../arm-none-eabi/lib/armv6-m\libc_s.a(lib_a-findfp.o)
                0x00004370                __sfmoreglue
 .text.__sinit  0x0000439c       0x64 c:/program files (x86)/atmel/atmel toolchain/arm gcc/native/4.8.1443/arm-gnu-toolchain/bin/../lib/gcc/arm-none-eabi/4.8.4/../../../../arm-none-eabi/lib/armv6-m\libc_s.a(lib_a-findfp.o)
                0x0000439c                __sinit
 .text.__sfp    0x00004400       0x7c c:/program files (x86)/atmel/atmel toolchain/arm gcc/native/4.8.1443/arm-gnu-toolchain/bin/../lib/gcc/arm-none-eabi/4.8.4/../../../../arm-none-eabi/lib/armv6-m\libc_s.a(lib_a-findfp.o)
                0x00004400                __sfp
 .text.__smakebuf_r
                0x0000447c       0xa0 c:/program files (x86)/atmel/atmel toolchain/arm gcc/native/4.8.1443/arm-gnu-toolchain/bin/../lib/gcc/arm-none-eabi/4.8.4/../../../../arm-none-eabi/lib/armv6-m\libc_s.a(lib_a-makebuf.o)
                0x0000447c                __smakebuf_r
 .text.malloc   0x0000451c       0x14 c:/program files (x86)/atmel/atmel toolchain/arm gcc/native/4.8.1443/arm-gnu-toolchain/bin/../lib/gcc/arm-none-eabi/4.8.4/../../../../arm-none-eabi/lib/armv6-m\libc_s.a(lib_a-malloc.o)
                0x0000451c                malloc
 .text.memchr   0x00004530       0x16 c:/program files (x86)/atmel/atmel toolchain/arm gcc/native/4.8.1443/arm-gnu-toolchain/bin/../lib/gcc/arm-none-eabi/4.8.4/../../../../arm-none-eabi/lib/armv6-m\libc_s.a(lib_a-memchr-stub.o)
                0x00004530                memchr
 *fill*         0x00004546        0x2 
 .text._free_r  0x00004548       0x90 c:/program files (x86)/atmel/atmel toolchain/arm gcc/native/4.8.1443/arm-gnu-toolchain/bin/../lib/gcc/arm-none-eabi/4.8.4/../../../../arm-none-eabi/lib/armv6-m\libc_s.a(lib_a-nano-freer.o)
                0x00004548                _free_r
 .text._malloc_r
                0x000045d8       0xa8 c:/program files (x86)/atmel/atmel toolchain/arm gcc/native/4.8.1443/arm-gnu-toolchain/bin/../lib/gcc/arm-none-eabi/4.8.4/../../../../arm-none-eabi/lib/armv6-m\libc_s.a(lib_a-nano-mallocr.o)
                0x000045d8                _malloc_r
 .text._sbrk_r  0x00004680       0x24 c:/program files (x86)/atmel/atmel toolchain/arm gcc/native/4.8.1443/arm-gnu-toolchain/bin/../lib/gcc/arm-none-eabi/4.8.4/../../../../arm-none-eabi/lib/armv6-m\libc_s.a(lib_a-sbrkr.o)
                0x00004680                _sbrk_r
 .text.__sread  0x000046a4       0x28 c:/program files (x86)/atmel/atmel toolchain/arm gcc/native/4.8.1443/arm-gnu-toolchain/bin/../lib/gcc/arm-none-eabi/4.8.4/../../../../arm-none-eabi/lib/armv6-m\libc_s.a(lib_a-stdio.o)
                0x000046a4                __sread
 .text.__swrite
                0x000046cc       0x38 c:/program files (x86)/atmel/atmel toolchain/arm gcc/native/4.8.1443/arm-gnu-toolchain/bin/../lib/gcc/arm-none-eabi/4.8.4/../../../../arm-none-eabi/lib/armv6-m\libc_s.a(lib_a-stdio.o)
                0x000046cc                __swrite
 .text.__sseek  0x00004704       0x2c c:/program files (x86)/atmel/atmel toolchain/arm gcc/native/4.8.1443/arm-gnu-toolchain/bin/../lib/gcc/arm-none-eabi/4.8.4/../../../../arm-none-eabi/lib/armv6-m\libc_s.a(lib_a-stdio.o)
                0x00004704                __sseek
 .text.__sclose
                0x00004730        0xc c:/program files (x86)/atmel/atmel toolchain/arm gcc/native/4.8.1443/arm-gnu-toolchain/bin/../lib/gcc/arm-none-eabi/4.8.4/../../../../arm-none-eabi/lib/armv6-m\libc_s.a(lib_a-stdio.o)
                0x00004730                __sclose
 .text._write_r
                0x0000473c       0x28 c:/program files (x86)/atmel/atmel toolchain/arm gcc/native/4.8.1443/arm-gnu-toolchain/bin/../lib/gcc/arm-none-eabi/4.8.4/../../../../arm-none-eabi/lib/armv6-m\libc_s.a(lib_a-writer.o)
                0x0000473c                _write_r
 .text._close_r
                0x00004764       0x24 c:/program files (x86)/atmel/atmel toolchain/arm gcc/native/4.8.1443/arm-gnu-toolchain/bin/../lib/gcc/arm-none-eabi/4.8.4/../../../../arm-none-eabi/lib/armv6-m\libc_s.a(lib_a-closer.o)
                0x00004764                _close_r
 .text._fstat_r
                0x00004788       0x24 c:/program files (x86)/atmel/atmel toolchain/arm gcc/native/4.8.1443/arm-gnu-toolchain/bin/../lib/gcc/arm-none-eabi/4.8.4/../../../../arm-none-eabi/lib/armv6-m\libc_s.a(lib_a-fstatr.o)
                0x00004788                _fstat_r
 .text._isatty_r
                0x000047ac       0x24 c:/program files (x86)/atmel/atmel toolchain/arm gcc/native/4.8.1443/arm-gnu-toolchain/bin/../lib/gcc/arm-none-eabi/4.8.4/../../../../arm-none-eabi/lib/armv6-m\libc_s.a(lib_a-isattyr.o)
                0x000047ac                _isatty_r
 .text._lseek_r
                0x000047d0       0x28 c:/program files (x86)/atmel/atmel toolchain/arm gcc/native/4.8.1443/arm-gnu-toolchain/bin/../lib/gcc/arm-none-eabi/4.8.4/../../../../arm-none-eabi/lib/armv6-m\libc_s.a(lib_a-lseekr.o)
                0x000047d0                _lseek_r
 .text._read_r  0x000047f8       0x28 c:/program files (x86)/atmel/atmel toolchain/arm gcc/native/4.8.1443/arm-gnu-toolchain/bin/../lib/gcc/arm-none-eabi/4.8.4/../../../../arm-none-eabi/lib/armv6-m\libc_s.a(lib_a-readr.o)
                0x000047f8                _read_r
 *(.glue_7t)
 .glue_7t       0x00000000        0x0 linker stubs
 *(.glue_7)
 .glue_7        0x00000000        0x0 linker stubs
 *(.rodata .rodata* .gnu.linkonce.r.*)
 .rodata.adc_init
                0x00004820       0xd4 src/ASF/sam0/drivers/adc/adc_sam_d_r/adc.o
 .rodata        0x000048f4       0x50 src/ASF/sam0/drivers/adc/adc_sam_d_r/adc.o
 .rodata        0x00004944       0x18 src/ASF/sam0/drivers/sercom/sercom.o
 .rodata.str1.4
                0x0000495c       0x3b src/ASF/thirdparty/freertos/freertos-8.0.1/Source/tasks.o
                                 0x3c (size before relaxing)
 *fill*         0x00004997        0x1 
 .rodata.prvTimerTask
                0x00004998       0x28 src/ASF/thirdparty/freertos/freertos-8.0.1/Source/timers.o
 .rodata.str1.4
                0x000049c0        0x8 src/ASF/thirdparty/freertos/freertos-8.0.1/Source/timers.o
 .rodata        0x000049c8        0x8 src/ASF/sam0/drivers/sercom/sercom_interrupt.o
 .rodata.system_clock_source_get_hz
                0x000049d0       0x24 src/ASF/sam0/drivers/system/clock/clock_samd21_r21/clock.o
 .rodata.system_clock_source_enable
                0x000049f4       0x24 src/ASF/sam0/drivers/system/clock/clock_samd21_r21/clock.o
 .rodata.str1.4
                0x00004a18       0x84 src/main.o
 .rodata.str1.1
                0x00004a9c        0x2 c:/program files (x86)/atmel/atmel toolchain/arm gcc/native/4.8.1443/arm-gnu-toolchain/bin/../lib/gcc/arm-none-eabi/4.8.4/../../../../arm-none-eabi/lib/armv6-m\libc_s.a(lib_a-impure.o)
 *fill*         0x00004a9e        0x2 
 .rodata._global_impure_ptr
                0x00004aa0        0x4 c:/program files (x86)/atmel/atmel toolchain/arm gcc/native/4.8.1443/arm-gnu-toolchain/bin/../lib/gcc/arm-none-eabi/4.8.4/../../../../arm-none-eabi/lib/armv6-m\libc_s.a(lib_a-impure.o)
                0x00004aa0                _global_impure_ptr
 .rodata.str1.1
                0x00004aa4       0x11 c:/program files (x86)/atmel/atmel toolchain/arm gcc/native/4.8.1443/arm-gnu-toolchain/bin/../lib/gcc/arm-none-eabi/4.8.4/../../../../arm-none-eabi/lib/armv6-m\libc_s.a(lib_a-vfprintf.o)
 .rodata.str1.1
                0x00004ab5       0x22 c:/program files (x86)/atmel/atmel toolchain/arm gcc/native/4.8.1443/arm-gnu-toolchain/bin/../lib/gcc/arm-none-eabi/4.8.4/../../../../arm-none-eabi/lib/armv6-m\libc_s.a(lib_a-vfprintf_i.o)
 *fill*         0x00004ad7        0x1 
 .rodata.__sf_fake_stdin
                0x00004ad8       0x20 c:/program files (x86)/atmel/atmel toolchain/arm gcc/native/4.8.1443/arm-gnu-toolchain/bin/../lib/gcc/arm-none-eabi/4.8.4/../../../../arm-none-eabi/lib/armv6-m\libc_s.a(lib_a-findfp.o)
                0x00004ad8                __sf_fake_stdin
 .rodata.__sf_fake_stdout
                0x00004af8       0x20 c:/program files (x86)/atmel/atmel toolchain/arm gcc/native/4.8.1443/arm-gnu-toolchain/bin/../lib/gcc/arm-none-eabi/4.8.4/../../../../arm-none-eabi/lib/armv6-m\libc_s.a(lib_a-findfp.o)
                0x00004af8                __sf_fake_stdout
 .rodata.__sf_fake_stderr
                0x00004b18       0x20 c:/program files (x86)/atmel/atmel toolchain/arm gcc/native/4.8.1443/arm-gnu-toolchain/bin/../lib/gcc/arm-none-eabi/4.8.4/../../../../arm-none-eabi/lib/armv6-m\libc_s.a(lib_a-findfp.o)
                0x00004b18                __sf_fake_stderr
 *(.ARM.extab* .gnu.linkonce.armextab.*)
                0x00004b38                . = ALIGN (0x4)
 *(.init)
 .init          0x00004b38        0x4 c:/program files (x86)/atmel/atmel toolchain/arm gcc/native/4.8.1443/arm-gnu-toolchain/bin/../lib/gcc/arm-none-eabi/4.8.4/armv6-m/crti.o
                0x00004b38                _init
 .init          0x00004b3c        0x8 c:/program files (x86)/atmel/atmel toolchain/arm gcc/native/4.8.1443/arm-gnu-toolchain/bin/../lib/gcc/arm-none-eabi/4.8.4/armv6-m/crtn.o
                0x00004b44                . = ALIGN (0x4)
                0x00004b44                __preinit_array_start = .
 *(.preinit_array)
                0x00004b44                __preinit_array_end = .
                0x00004b44                . = ALIGN (0x4)
                0x00004b44                __init_array_start = .
 *(SORT(.init_array.*))
 *(.init_array)
 .init_array    0x00004b44        0x4 c:/program files (x86)/atmel/atmel toolchain/arm gcc/native/4.8.1443/arm-gnu-toolchain/bin/../lib/gcc/arm-none-eabi/4.8.4/armv6-m/crtbegin.o
                0x00004b48                __init_array_end = .
                0x00004b48                . = ALIGN (0x4)
 *crtbegin.o(.ctors)
 *(EXCLUDE_FILE(*crtend.o) .ctors)
 *(SORT(.ctors.*))
 *crtend.o(.ctors)
                0x00004b48                . = ALIGN (0x4)
 *(.fini)
 .fini          0x00004b48        0x4 c:/program files (x86)/atmel/atmel toolchain/arm gcc/native/4.8.1443/arm-gnu-toolchain/bin/../lib/gcc/arm-none-eabi/4.8.4/armv6-m/crti.o
                0x00004b48                _fini
 .fini          0x00004b4c        0x8 c:/program files (x86)/atmel/atmel toolchain/arm gcc/native/4.8.1443/arm-gnu-toolchain/bin/../lib/gcc/arm-none-eabi/4.8.4/armv6-m/crtn.o
                0x00004b54                . = ALIGN (0x4)
                0x00004b54                __fini_array_start = .
 *(.fini_array)
 .fini_array    0x00004b54        0x4 c:/program files (x86)/atmel/atmel toolchain/arm gcc/native/4.8.1443/arm-gnu-toolchain/bin/../lib/gcc/arm-none-eabi/4.8.4/armv6-m/crtbegin.o
 *(SORT(.fini_array.*))
                0x00004b58                __fini_array_end = .
 *crtbegin.o(.dtors)
 *(EXCLUDE_FILE(*crtend.o) .dtors)
 *(SORT(.dtors.*))
 *crtend.o(.dtors)
                0x00004b58                . = ALIGN (0x4)
                0x00004b58                _efixed = .
                0x00004b58                PROVIDE (__exidx_start, .)

.vfp11_veneer   0x00004b58        0x0
 .vfp11_veneer  0x00000000        0x0 linker stubs

.v4_bx          0x00004b58        0x0
 .v4_bx         0x00000000        0x0 linker stubs

.iplt           0x00004b58        0x0
 .iplt          0x00000000        0x0 c:/program files (x86)/atmel/atmel toolchain/arm gcc/native/4.8.1443/arm-gnu-toolchain/bin/../lib/gcc/arm-none-eabi/4.8.4/armv6-m/crtbegin.o

.eh_frame       0x00004b58        0x0
 .eh_frame      0x00004b58        0x0 c:/program files (x86)/atmel/atmel toolchain/arm gcc/native/4.8.1443/arm-gnu-toolchain/bin/../lib/gcc/arm-none-eabi/4.8.4/armv6-m/crtbegin.o

.rel.dyn        0x00004b58        0x0
 .rel.iplt      0x00000000        0x0 c:/program files (x86)/atmel/atmel toolchain/arm gcc/native/4.8.1443/arm-gnu-toolchain/bin/../lib/gcc/arm-none-eabi/4.8.4/armv6-m/crtbegin.o

.jcr            0x00004b58        0x0
 .jcr           0x00004b58        0x0 c:/program files (x86)/atmel/atmel toolchain/arm gcc/native/4.8.1443/arm-gnu-toolchain/bin/../lib/gcc/arm-none-eabi/4.8.4/armv6-m/crtbegin.o

.igot.plt       0x00004b58        0x0
 .igot.plt      0x00000000        0x0 c:/program files (x86)/atmel/atmel toolchain/arm gcc/native/4.8.1443/arm-gnu-toolchain/bin/../lib/gcc/arm-none-eabi/4.8.4/armv6-m/crtbegin.o

.ARM.exidx
 *(.ARM.exidx* .gnu.linkonce.armexidx.*)
                0x00004b58                PROVIDE (__exidx_end, .)
                0x00004b58                . = ALIGN (0x4)
                0x00004b58                _etext = .

.relocate       0x20000000       0x90 load address 0x00004b58
                0x20000000                . = ALIGN (0x4)
                0x20000000                _srelocate = .
 *(.ramfunc .ramfunc.*)
 *(.data .data.*)
 .data.uxCriticalNesting
                0x20000000        0x4 src/ASF/thirdparty/freertos/freertos-8.0.1/Source/portable/GCC/ARM_CM0/port.o
 .data.xNextTaskUnblockTime
                0x20000004        0x4 src/ASF/thirdparty/freertos/freertos-8.0.1/Source/tasks.o
 .data.cycles_per_us
                0x20000008        0x4 src/ASF/common2/services/delay/sam0/systick_counter.o
 .data.cycles_per_ms
                0x2000000c        0x4 src/ASF/common2/services/delay/sam0/systick_counter.o
 .data.g_interrupt_enabled
                0x20000010        0x1 src/ASF/common/utils/interrupt/interrupt_sam_nvic.o
                0x20000010                g_interrupt_enabled
 *fill*         0x20000011        0x3 
 .data.targetTemp
                0x20000014        0x4 src/main.o
                0x20000014                targetTemp
 .data.ventStatus
                0x20000018        0x1 src/main.o
                0x20000018                ventStatus
 *fill*         0x20000019        0x3 
 .data.mode     0x2000001c        0x4 src/main.o
                0x2000001c                mode
 .data.roomTemp
                0x20000020        0x4 src/main.o
                0x20000020                roomTemp
 .data.roomSelection
                0x20000024        0x4 src/main.o
                0x20000024                roomSelection
 .data.degree   0x20000028        0x1 src/main.o
                0x20000028                degree
 *fill*         0x20000029        0x3 
 .data.impure_data
                0x2000002c       0x60 c:/program files (x86)/atmel/atmel toolchain/arm gcc/native/4.8.1443/arm-gnu-toolchain/bin/../lib/gcc/arm-none-eabi/4.8.4/../../../../arm-none-eabi/lib/armv6-m\libc_s.a(lib_a-impure.o)
 .data._impure_ptr
                0x2000008c        0x4 c:/program files (x86)/atmel/atmel toolchain/arm gcc/native/4.8.1443/arm-gnu-toolchain/bin/../lib/gcc/arm-none-eabi/4.8.4/../../../../arm-none-eabi/lib/armv6-m\libc_s.a(lib_a-impure.o)
                0x2000008c                _impure_ptr
                0x20000090                . = ALIGN (0x4)
                0x20000090                _erelocate = .

.bss            0x20000090     0x3fec load address 0x00004be8
                0x20000090                . = ALIGN (0x4)
                0x20000090                _sbss = .
                0x20000090                _szero = .
 *(.bss .bss.*)
 .bss           0x20000090       0x1c c:/program files (x86)/atmel/atmel toolchain/arm gcc/native/4.8.1443/arm-gnu-toolchain/bin/../lib/gcc/arm-none-eabi/4.8.4/armv6-m/crtbegin.o
 .bss._sercom_config
                0x200000ac        0x4 src/ASF/sam0/drivers/sercom/sercom.o
 .bss.xNextFreeByte
                0x200000b0        0x4 src/ASF/thirdparty/freertos/freertos-8.0.1/Source/portable/MemMang/heap_1.o
 .bss.ucHeap    0x200000b4     0x3a98 src/ASF/thirdparty/freertos/freertos-8.0.1/Source/portable/MemMang/heap_1.o
 .bss.pucAlignedHeap.4890
                0x20003b4c        0x4 src/ASF/thirdparty/freertos/freertos-8.0.1/Source/portable/MemMang/heap_1.o
 .bss.ulTaskSwitchedInTime
                0x20003b50        0x4 src/ASF/thirdparty/freertos/freertos-8.0.1/Source/tasks.o
 .bss.xNumOfOverflows
                0x20003b54        0x4 src/ASF/thirdparty/freertos/freertos-8.0.1/Source/tasks.o
 .bss.pxDelayedTaskList
                0x20003b58        0x4 src/ASF/thirdparty/freertos/freertos-8.0.1/Source/tasks.o
 .bss.xSchedulerRunning
                0x20003b5c        0x4 src/ASF/thirdparty/freertos/freertos-8.0.1/Source/tasks.o
 .bss.uxTasksDeleted
                0x20003b60        0x4 src/ASF/thirdparty/freertos/freertos-8.0.1/Source/tasks.o
 .bss.xDelayedTaskList1
                0x20003b64       0x14 src/ASF/thirdparty/freertos/freertos-8.0.1/Source/tasks.o
 .bss.xDelayedTaskList2
                0x20003b78       0x14 src/ASF/thirdparty/freertos/freertos-8.0.1/Source/tasks.o
 .bss.uxPendedTicks
                0x20003b8c        0x4 src/ASF/thirdparty/freertos/freertos-8.0.1/Source/tasks.o
 .bss.pxReadyTasksLists
                0x20003b90       0xa0 src/ASF/thirdparty/freertos/freertos-8.0.1/Source/tasks.o
 .bss.xTasksWaitingTermination
                0x20003c30       0x14 src/ASF/thirdparty/freertos/freertos-8.0.1/Source/tasks.o
 .bss.ulTotalRunTime
                0x20003c44        0x4 src/ASF/thirdparty/freertos/freertos-8.0.1/Source/tasks.o
 .bss.pxCurrentTCB
                0x20003c48        0x4 src/ASF/thirdparty/freertos/freertos-8.0.1/Source/tasks.o
                0x20003c48                pxCurrentTCB
 .bss.xPendingReadyList
                0x20003c4c       0x14 src/ASF/thirdparty/freertos/freertos-8.0.1/Source/tasks.o
 .bss.uxSchedulerSuspended
                0x20003c60        0x4 src/ASF/thirdparty/freertos/freertos-8.0.1/Source/tasks.o
 .bss.xTickCount
                0x20003c64        0x4 src/ASF/thirdparty/freertos/freertos-8.0.1/Source/tasks.o
 .bss.pxOverflowDelayedTaskList
                0x20003c68        0x4 src/ASF/thirdparty/freertos/freertos-8.0.1/Source/tasks.o
 .bss.uxTaskNumber
                0x20003c6c        0x4 src/ASF/thirdparty/freertos/freertos-8.0.1/Source/tasks.o
 .bss.uxCurrentNumberOfTasks
                0x20003c70        0x4 src/ASF/thirdparty/freertos/freertos-8.0.1/Source/tasks.o
 .bss.xSuspendedTaskList
                0x20003c74       0x14 src/ASF/thirdparty/freertos/freertos-8.0.1/Source/tasks.o
 .bss.uxTopReadyPriority
                0x20003c88        0x4 src/ASF/thirdparty/freertos/freertos-8.0.1/Source/tasks.o
 .bss.xYieldPending
                0x20003c8c        0x4 src/ASF/thirdparty/freertos/freertos-8.0.1/Source/tasks.o
 .bss.pxCurrentTimerList
                0x20003c90        0x4 src/ASF/thirdparty/freertos/freertos-8.0.1/Source/timers.o
 .bss.xActiveTimerList1
                0x20003c94       0x14 src/ASF/thirdparty/freertos/freertos-8.0.1/Source/timers.o
 .bss.xActiveTimerList2
                0x20003ca8       0x14 src/ASF/thirdparty/freertos/freertos-8.0.1/Source/timers.o
 .bss.xLastTime.5134
                0x20003cbc        0x4 src/ASF/thirdparty/freertos/freertos-8.0.1/Source/timers.o
 .bss.xTimerQueue
                0x20003cc0        0x4 src/ASF/thirdparty/freertos/freertos-8.0.1/Source/timers.o
 .bss.pxOverflowTimerList
                0x20003cc4        0x4 src/ASF/thirdparty/freertos/freertos-8.0.1/Source/timers.o
 .bss._handler_table_initialized
                0x20003cc8        0x1 src/ASF/sam0/drivers/sercom/sercom_interrupt.o
 *fill*         0x20003cc9        0x3 
 .bss._sercom_interrupt_handlers
                0x20003ccc       0x18 src/ASF/sam0/drivers/sercom/sercom_interrupt.o
 .bss.cpu_irq_critical_section_counter
                0x20003ce4        0x4 src/ASF/common/utils/interrupt/interrupt_sam_nvic.o
 .bss.cpu_irq_prev_interrupt_state
                0x20003ce8        0x1 src/ASF/common/utils/interrupt/interrupt_sam_nvic.o
 *fill*         0x20003ce9        0x3 
 .bss._system_clock_inst
                0x20003cec       0x18 src/ASF/sam0/drivers/system/clock/clock_samd21_r21/clock.o
 .bss.heap.5097
                0x20003d04        0x4 src/ASF/sam0/utils/syscalls/gcc/syscalls.o
 .bss.update_register_task_runs
                0x20003d08        0x4 src/main.o
                0x20003d08                update_register_task_runs
 .bss.stats_task_runs
                0x20003d0c        0x4 src/main.o
                0x20003d0c                stats_task_runs
 .bss.numberOfRooms
                0x20003d10        0x4 src/main.o
                0x20003d10                numberOfRooms
 .bss.cycle_room_task_runs
                0x20003d14        0x4 src/main.o
                0x20003d14                cycle_room_task_runs
 .bss.lcd_task_runs
                0x20003d18        0x4 src/main.o
                0x20003d18                lcd_task_runs
 .bss.read_temp_task_runs
                0x20003d1c        0x4 src/main.o
                0x20003d1c                read_temp_task_runs
 .bss.cdc_uart_module
                0x20003d20       0x34 src/main.o
 .bss.__malloc_sbrk_start
                0x20003d54        0x4 c:/program files (x86)/atmel/atmel toolchain/arm gcc/native/4.8.1443/arm-gnu-toolchain/bin/../lib/gcc/arm-none-eabi/4.8.4/../../../../arm-none-eabi/lib/armv6-m\libc_s.a(lib_a-nano-mallocr.o)
                0x20003d54                __malloc_sbrk_start
 .bss.__malloc_free_list
                0x20003d58        0x4 c:/program files (x86)/atmel/atmel toolchain/arm gcc/native/4.8.1443/arm-gnu-toolchain/bin/../lib/gcc/arm-none-eabi/4.8.4/../../../../arm-none-eabi/lib/armv6-m\libc_s.a(lib_a-nano-mallocr.o)
                0x20003d58                __malloc_free_list
 *(COMMON)
 COMMON         0x20003d5c        0x4 src/ASF/sam0/drivers/adc/adc_sam_d_r/adc_callback.o
                0x20003d5c                _adc_instances
 COMMON         0x20003d60       0x40 src/ASF/sam0/drivers/extint/extint_sam_d_r/extint.o
                0x20003d60                _extint_dev
 COMMON         0x20003da0        0x4 src/ASF/sam0/utils/stdio/read.o
                0x20003da0                ptr_get
 COMMON         0x20003da4        0x8 src/ASF/sam0/utils/stdio/write.o
                0x20003da4                ptr_put
                0x20003da8                stdio_base
 COMMON         0x20003dac       0x18 src/ASF/sam0/drivers/sercom/sercom_interrupt.o
                0x20003dac                _sercom_instances
 COMMON         0x20003dc4        0x1 src/ASF/sam0/drivers/extint/extint_callback.o
                0x20003dc4                _current_channel
 *fill*         0x20003dc5        0x3 
 COMMON         0x20003dc8      0x2b0 src/main.o
                0x20003dc8                xTaskRunTime
                0x20003dcc                rooms
                0x20003fac                xTotalStart
                0x20003fb0                TEMP_QUEUE
                0x20003fb4                REGISTER_QUEUE
                0x20003fb8                report
                0x20004058                adc_instance
 COMMON         0x20004078        0x4 c:/program files (x86)/atmel/atmel toolchain/arm gcc/native/4.8.1443/arm-gnu-toolchain/bin/../lib/gcc/arm-none-eabi/4.8.4/../../../../arm-none-eabi/lib/armv6-m\libc_s.a(lib_a-reent.o)
                0x20004078                errno
                0x2000407c                . = ALIGN (0x4)
                0x2000407c                _ebss = .
                0x2000407c                _ezero = .

.stack          0x2000407c     0x2004 load address 0x00008bd4
                0x20004080                . = ALIGN (0x8)
 *fill*         0x2000407c        0x4 
                0x20004080                _sstack = .
                0x20006080                . = (. + STACK_SIZE)
 *fill*         0x20004080     0x2000 
                0x20006080                . = ALIGN (0x8)
                0x20006080                _estack = .
                0x20006080                . = ALIGN (0x4)
                0x20006080                _end = .
OUTPUT(Kozy_Main.elf elf32-littlearm)

.ARM.attributes
                0x00000000       0x28
 .ARM.attributes
                0x00000000       0x1e c:/program files (x86)/atmel/atmel toolchain/arm gcc/native/4.8.1443/arm-gnu-toolchain/bin/../lib/gcc/arm-none-eabi/4.8.4/armv6-m/crti.o
 .ARM.attributes
                0x0000001e       0x2c c:/program files (x86)/atmel/atmel toolchain/arm gcc/native/4.8.1443/arm-gnu-toolchain/bin/../lib/gcc/arm-none-eabi/4.8.4/armv6-m/crtbegin.o
 .ARM.attributes
                0x0000004a       0x32 src/ASF/sam0/drivers/adc/adc_sam_d_r/adc.o
 .ARM.attributes
                0x0000007c       0x32 src/ASF/sam0/drivers/adc/adc_sam_d_r/adc_callback.o
 .ARM.attributes
                0x000000ae       0x32 src/ASF/sam0/drivers/extint/extint_sam_d_r/extint.o
 .ARM.attributes
                0x000000e0       0x32 src/ASF/sam0/drivers/sercom/sercom.o
 .ARM.attributes
                0x00000112       0x32 src/ASF/sam0/utils/stdio/read.o
 .ARM.attributes
                0x00000144       0x32 src/ASF/sam0/utils/stdio/write.o
 .ARM.attributes
                0x00000176       0x32 src/ASF/thirdparty/freertos/freertos-8.0.1/Source/portable/GCC/ARM_CM0/port.o
 .ARM.attributes
                0x000001a8       0x32 src/ASF/thirdparty/freertos/freertos-8.0.1/Source/portable/MemMang/heap_1.o
 .ARM.attributes
                0x000001da       0x32 src/ASF/thirdparty/freertos/freertos-8.0.1/Source/list.o
 .ARM.attributes
                0x0000020c       0x32 src/ASF/thirdparty/freertos/freertos-8.0.1/Source/queue.o
 .ARM.attributes
                0x0000023e       0x32 src/ASF/thirdparty/freertos/freertos-8.0.1/Source/tasks.o
 .ARM.attributes
                0x00000270       0x32 src/ASF/thirdparty/freertos/freertos-8.0.1/Source/timers.o
 .ARM.attributes
                0x000002a2       0x32 src/ASF/sam0/drivers/sercom/usart/usart.o
 .ARM.attributes
                0x000002d4       0x32 src/ASF/sam0/drivers/sercom/usart/usart_interrupt.o
 .ARM.attributes
                0x00000306       0x32 src/ASF/sam0/drivers/sercom/sercom_interrupt.o
 .ARM.attributes
                0x00000338       0x32 src/ASF/sam0/drivers/extint/extint_callback.o
 .ARM.attributes
                0x0000036a       0x32 src/ASF/common2/services/delay/sam0/systick_counter.o
 .ARM.attributes
                0x0000039c       0x32 src/ASF/common/utils/interrupt/interrupt_sam_nvic.o
 .ARM.attributes
                0x000003ce       0x32 src/ASF/sam0/boards/samr21_xplained_pro/board_init.o
 .ARM.attributes
                0x00000400       0x32 src/ASF/sam0/drivers/port/port.o
 .ARM.attributes
                0x00000432       0x32 src/ASF/sam0/drivers/system/clock/clock_samd21_r21/clock.o
 .ARM.attributes
                0x00000464       0x32 src/ASF/sam0/drivers/system/clock/clock_samd21_r21/gclk.o
 .ARM.attributes
                0x00000496       0x32 src/ASF/sam0/drivers/system/pinmux/pinmux.o
 .ARM.attributes
                0x000004c8       0x32 src/ASF/sam0/drivers/system/system.o
 .ARM.attributes
                0x000004fa       0x32 src/ASF/sam0/utils/cmsis/samr21/source/gcc/startup_samr21.o
 .ARM.attributes
                0x0000052c       0x32 src/ASF/sam0/utils/syscalls/gcc/syscalls.o
 .ARM.attributes
                0x0000055e       0x32 src/main.o
 .ARM.attributes
                0x00000590       0x1e c:/program files (x86)/atmel/atmel toolchain/arm gcc/native/4.8.1443/arm-gnu-toolchain/bin/../lib/gcc/arm-none-eabi/4.8.4/armv6-m\libgcc.a(_udivsi3.o)
 .ARM.attributes
                0x000005ae       0x1e c:/program files (x86)/atmel/atmel toolchain/arm gcc/native/4.8.1443/arm-gnu-toolchain/bin/../lib/gcc/arm-none-eabi/4.8.4/armv6-m\libgcc.a(_dvmd_tls.o)
 .ARM.attributes
                0x000005cc       0x2c c:/program files (x86)/atmel/atmel toolchain/arm gcc/native/4.8.1443/arm-gnu-toolchain/bin/../lib/gcc/arm-none-eabi/4.8.4/armv6-m\libgcc.a(_muldi3.o)
 .ARM.attributes
                0x000005f8       0x2c c:/program files (x86)/atmel/atmel toolchain/arm gcc/native/4.8.1443/arm-gnu-toolchain/bin/../lib/gcc/arm-none-eabi/4.8.4/../../../../arm-none-eabi/lib/armv6-m\libc_s.a(lib_a-impure.o)
 .ARM.attributes
                0x00000624       0x2c c:/program files (x86)/atmel/atmel toolchain/arm gcc/native/4.8.1443/arm-gnu-toolchain/bin/../lib/gcc/arm-none-eabi/4.8.4/../../../../arm-none-eabi/lib/armv6-m\libc_s.a(lib_a-init.o)
 .ARM.attributes
                0x00000650       0x2c c:/program files (x86)/atmel/atmel toolchain/arm gcc/native/4.8.1443/arm-gnu-toolchain/bin/../lib/gcc/arm-none-eabi/4.8.4/../../../../arm-none-eabi/lib/armv6-m\libc_s.a(lib_a-memcpy-stub.o)
 .ARM.attributes
                0x0000067c       0x2c c:/program files (x86)/atmel/atmel toolchain/arm gcc/native/4.8.1443/arm-gnu-toolchain/bin/../lib/gcc/arm-none-eabi/4.8.4/../../../../arm-none-eabi/lib/armv6-m\libc_s.a(lib_a-memset.o)
 .ARM.attributes
                0x000006a8       0x2c c:/program files (x86)/atmel/atmel toolchain/arm gcc/native/4.8.1443/arm-gnu-toolchain/bin/../lib/gcc/arm-none-eabi/4.8.4/../../../../arm-none-eabi/lib/armv6-m\libc_s.a(lib_a-printf.o)
 .ARM.attributes
                0x000006d4       0x2c c:/program files (x86)/atmel/atmel toolchain/arm gcc/native/4.8.1443/arm-gnu-toolchain/bin/../lib/gcc/arm-none-eabi/4.8.4/../../../../arm-none-eabi/lib/armv6-m\libc_s.a(lib_a-setbuf.o)
 .ARM.attributes
                0x00000700       0x2c c:/program files (x86)/atmel/atmel toolchain/arm gcc/native/4.8.1443/arm-gnu-toolchain/bin/../lib/gcc/arm-none-eabi/4.8.4/../../../../arm-none-eabi/lib/armv6-m\libc_s.a(lib_a-setvbuf.o)
 .ARM.attributes
                0x0000072c       0x1c c:/program files (x86)/atmel/atmel toolchain/arm gcc/native/4.8.1443/arm-gnu-toolchain/bin/../lib/gcc/arm-none-eabi/4.8.4/../../../../arm-none-eabi/lib/armv6-m\libc_s.a(lib_a-strcmp.o)
 .ARM.attributes
                0x00000748       0x2c c:/program files (x86)/atmel/atmel toolchain/arm gcc/native/4.8.1443/arm-gnu-toolchain/bin/../lib/gcc/arm-none-eabi/4.8.4/../../../../arm-none-eabi/lib/armv6-m\libc_s.a(lib_a-strlen.o)
 .ARM.attributes
                0x00000774       0x2c c:/program files (x86)/atmel/atmel toolchain/arm gcc/native/4.8.1443/arm-gnu-toolchain/bin/../lib/gcc/arm-none-eabi/4.8.4/../../../../arm-none-eabi/lib/armv6-m\libc_s.a(lib_a-vfprintf.o)
 .ARM.attributes
                0x000007a0       0x2c c:/program files (x86)/atmel/atmel toolchain/arm gcc/native/4.8.1443/arm-gnu-toolchain/bin/../lib/gcc/arm-none-eabi/4.8.4/../../../../arm-none-eabi/lib/armv6-m\libc_s.a(lib_a-vfprintf_i.o)
 .ARM.attributes
                0x000007cc       0x2c c:/program files (x86)/atmel/atmel toolchain/arm gcc/native/4.8.1443/arm-gnu-toolchain/bin/../lib/gcc/arm-none-eabi/4.8.4/../../../../arm-none-eabi/lib/armv6-m\libc_s.a(lib_a-wbuf.o)
 .ARM.attributes
                0x000007f8       0x2c c:/program files (x86)/atmel/atmel toolchain/arm gcc/native/4.8.1443/arm-gnu-toolchain/bin/../lib/gcc/arm-none-eabi/4.8.4/../../../../arm-none-eabi/lib/armv6-m\libc_s.a(lib_a-wsetup.o)
 .ARM.attributes
                0x00000824       0x2c c:/program files (x86)/atmel/atmel toolchain/arm gcc/native/4.8.1443/arm-gnu-toolchain/bin/../lib/gcc/arm-none-eabi/4.8.4/../../../../arm-none-eabi/lib/armv6-m\libc_s.a(lib_a-fflush.o)
 .ARM.attributes
                0x00000850       0x2c c:/program files (x86)/atmel/atmel toolchain/arm gcc/native/4.8.1443/arm-gnu-toolchain/bin/../lib/gcc/arm-none-eabi/4.8.4/../../../../arm-none-eabi/lib/armv6-m\libc_s.a(lib_a-findfp.o)
 .ARM.attributes
                0x0000087c       0x2c c:/program files (x86)/atmel/atmel toolchain/arm gcc/native/4.8.1443/arm-gnu-toolchain/bin/../lib/gcc/arm-none-eabi/4.8.4/../../../../arm-none-eabi/lib/armv6-m\libc_s.a(lib_a-makebuf.o)
 .ARM.attributes
                0x000008a8       0x2c c:/program files (x86)/atmel/atmel toolchain/arm gcc/native/4.8.1443/arm-gnu-toolchain/bin/../lib/gcc/arm-none-eabi/4.8.4/../../../../arm-none-eabi/lib/armv6-m\libc_s.a(lib_a-malloc.o)
 .ARM.attributes
                0x000008d4       0x2c c:/program files (x86)/atmel/atmel toolchain/arm gcc/native/4.8.1443/arm-gnu-toolchain/bin/../lib/gcc/arm-none-eabi/4.8.4/../../../../arm-none-eabi/lib/armv6-m\libc_s.a(lib_a-memchr-stub.o)
 .ARM.attributes
                0x00000900       0x2c c:/program files (x86)/atmel/atmel toolchain/arm gcc/native/4.8.1443/arm-gnu-toolchain/bin/../lib/gcc/arm-none-eabi/4.8.4/../../../../arm-none-eabi/lib/armv6-m\libc_s.a(lib_a-nano-freer.o)
 .ARM.attributes
                0x0000092c       0x2c c:/program files (x86)/atmel/atmel toolchain/arm gcc/native/4.8.1443/arm-gnu-toolchain/bin/../lib/gcc/arm-none-eabi/4.8.4/../../../../arm-none-eabi/lib/armv6-m\libc_s.a(lib_a-nano-mallocr.o)
 .ARM.attributes
                0x00000958       0x2c c:/program files (x86)/atmel/atmel toolchain/arm gcc/native/4.8.1443/arm-gnu-toolchain/bin/../lib/gcc/arm-none-eabi/4.8.4/../../../../arm-none-eabi/lib/armv6-m\libc_s.a(lib_a-sbrkr.o)
 .ARM.attributes
                0x00000984       0x2c c:/program files (x86)/atmel/atmel toolchain/arm gcc/native/4.8.1443/arm-gnu-toolchain/bin/../lib/gcc/arm-none-eabi/4.8.4/../../../../arm-none-eabi/lib/armv6-m\libc_s.a(lib_a-stdio.o)
 .ARM.attributes
                0x000009b0       0x2c c:/program files (x86)/atmel/atmel toolchain/arm gcc/native/4.8.1443/arm-gnu-toolchain/bin/../lib/gcc/arm-none-eabi/4.8.4/../../../../arm-none-eabi/lib/armv6-m\libc_s.a(lib_a-writer.o)
 .ARM.attributes
                0x000009dc       0x2c c:/program files (x86)/atmel/atmel toolchain/arm gcc/native/4.8.1443/arm-gnu-toolchain/bin/../lib/gcc/arm-none-eabi/4.8.4/../../../../arm-none-eabi/lib/armv6-m\libc_s.a(lib_a-closer.o)
 .ARM.attributes
                0x00000a08       0x2c c:/program files (x86)/atmel/atmel toolchain/arm gcc/native/4.8.1443/arm-gnu-toolchain/bin/../lib/gcc/arm-none-eabi/4.8.4/../../../../arm-none-eabi/lib/armv6-m\libc_s.a(lib_a-fstatr.o)
 .ARM.attributes
                0x00000a34       0x2c c:/program files (x86)/atmel/atmel toolchain/arm gcc/native/4.8.1443/arm-gnu-toolchain/bin/../lib/gcc/arm-none-eabi/4.8.4/../../../../arm-none-eabi/lib/armv6-m\libc_s.a(lib_a-isattyr.o)
 .ARM.attributes
                0x00000a60       0x2c c:/program files (x86)/atmel/atmel toolchain/arm gcc/native/4.8.1443/arm-gnu-toolchain/bin/../lib/gcc/arm-none-eabi/4.8.4/../../../../arm-none-eabi/lib/armv6-m\libc_s.a(lib_a-lseekr.o)
 .ARM.attributes
                0x00000a8c       0x2c c:/program files (x86)/atmel/atmel toolchain/arm gcc/native/4.8.1443/arm-gnu-toolchain/bin/../lib/gcc/arm-none-eabi/4.8.4/../../../../arm-none-eabi/lib/armv6-m\libc_s.a(lib_a-readr.o)
 .ARM.attributes
                0x00000ab8       0x2c c:/program files (x86)/atmel/atmel toolchain/arm gcc/native/4.8.1443/arm-gnu-toolchain/bin/../lib/gcc/arm-none-eabi/4.8.4/../../../../arm-none-eabi/lib/armv6-m\libc_s.a(lib_a-reent.o)
 .ARM.attributes
                0x00000ae4       0x1e c:/program files (x86)/atmel/atmel toolchain/arm gcc/native/4.8.1443/arm-gnu-toolchain/bin/../lib/gcc/arm-none-eabi/4.8.4/armv6-m/crtn.o

.comment        0x00000000       0x5b
 .comment       0x00000000       0x5b src/ASF/sam0/drivers/adc/adc_sam_d_r/adc.o
                                 0x5c (size before relaxing)
 .comment       0x00000000       0x5c src/ASF/sam0/drivers/adc/adc_sam_d_r/adc_callback.o
 .comment       0x00000000       0x5c src/ASF/sam0/drivers/extint/extint_sam_d_r/extint.o
 .comment       0x00000000       0x5c src/ASF/sam0/drivers/sercom/sercom.o
 .comment       0x00000000       0x5c src/ASF/sam0/utils/stdio/read.o
 .comment       0x00000000       0x5c src/ASF/sam0/utils/stdio/write.o
 .comment       0x00000000       0x5c src/ASF/thirdparty/freertos/freertos-8.0.1/Source/portable/GCC/ARM_CM0/port.o
 .comment       0x00000000       0x5c src/ASF/thirdparty/freertos/freertos-8.0.1/Source/portable/MemMang/heap_1.o
 .comment       0x00000000       0x5c src/ASF/thirdparty/freertos/freertos-8.0.1/Source/list.o
 .comment       0x00000000       0x5c src/ASF/thirdparty/freertos/freertos-8.0.1/Source/queue.o
 .comment       0x00000000       0x5c src/ASF/thirdparty/freertos/freertos-8.0.1/Source/tasks.o
 .comment       0x00000000       0x5c src/ASF/thirdparty/freertos/freertos-8.0.1/Source/timers.o
 .comment       0x00000000       0x5c src/ASF/sam0/drivers/sercom/usart/usart.o
 .comment       0x00000000       0x5c src/ASF/sam0/drivers/sercom/usart/usart_interrupt.o
 .comment       0x00000000       0x5c src/ASF/sam0/drivers/sercom/sercom_interrupt.o
 .comment       0x00000000       0x5c src/ASF/sam0/drivers/extint/extint_callback.o
 .comment       0x00000000       0x5c src/ASF/common2/services/delay/sam0/systick_counter.o
 .comment       0x00000000       0x5c src/ASF/common/utils/interrupt/interrupt_sam_nvic.o
 .comment       0x00000000       0x5c src/ASF/sam0/boards/samr21_xplained_pro/board_init.o
 .comment       0x00000000       0x5c src/ASF/sam0/drivers/port/port.o
 .comment       0x00000000       0x5c src/ASF/sam0/drivers/system/clock/clock_samd21_r21/clock.o
 .comment       0x00000000       0x5c src/ASF/sam0/drivers/system/clock/clock_samd21_r21/gclk.o
 .comment       0x00000000       0x5c src/ASF/sam0/drivers/system/pinmux/pinmux.o
 .comment       0x00000000       0x5c src/ASF/sam0/drivers/system/system.o
 .comment       0x00000000       0x5c src/ASF/sam0/utils/cmsis/samr21/source/gcc/startup_samr21.o
 .comment       0x00000000       0x5c src/ASF/sam0/utils/syscalls/gcc/syscalls.o
 .comment       0x00000000       0x5c src/main.o

.debug_info     0x00000000    0x23a8e
 .debug_info    0x00000000     0x3344 src/ASF/sam0/drivers/adc/adc_sam_d_r/adc.o
 .debug_info    0x00003344     0x12f0 src/ASF/sam0/drivers/adc/adc_sam_d_r/adc_callback.o
 .debug_info    0x00004634     0x211f src/ASF/sam0/drivers/extint/extint_sam_d_r/extint.o
 .debug_info    0x00006753     0x254b src/ASF/sam0/drivers/sercom/sercom.o
 .debug_info    0x00008c9e      0x1c2 src/ASF/sam0/utils/stdio/read.o
 .debug_info    0x00008e60      0x1bf src/ASF/sam0/utils/stdio/write.o
 .debug_info    0x0000901f      0x2d2 src/ASF/thirdparty/freertos/freertos-8.0.1/Source/portable/GCC/ARM_CM0/port.o
 .debug_info    0x000092f1      0x1a0 src/ASF/thirdparty/freertos/freertos-8.0.1/Source/portable/MemMang/heap_1.o
 .debug_info    0x00009491      0x2cd src/ASF/thirdparty/freertos/freertos-8.0.1/Source/list.o
 .debug_info    0x0000975e     0x13ad src/ASF/thirdparty/freertos/freertos-8.0.1/Source/queue.o
 .debug_info    0x0000ab0b     0x1be5 src/ASF/thirdparty/freertos/freertos-8.0.1/Source/tasks.o
 .debug_info    0x0000c6f0      0xc2a src/ASF/thirdparty/freertos/freertos-8.0.1/Source/timers.o
 .debug_info    0x0000d31a     0x4075 src/ASF/sam0/drivers/sercom/usart/usart.o
 .debug_info    0x0001138f     0x277b src/ASF/sam0/drivers/sercom/usart/usart_interrupt.o
 .debug_info    0x00013b0a     0x231d src/ASF/sam0/drivers/sercom/sercom_interrupt.o
 .debug_info    0x00015e27     0x10b4 src/ASF/sam0/drivers/extint/extint_callback.o
 .debug_info    0x00016edb      0x269 src/ASF/common2/services/delay/sam0/systick_counter.o
 .debug_info    0x00017144      0x1ec src/ASF/common/utils/interrupt/interrupt_sam_nvic.o
 .debug_info    0x00017330      0x96d src/ASF/sam0/boards/samr21_xplained_pro/board_init.o
 .debug_info    0x00017c9d      0x966 src/ASF/sam0/drivers/port/port.o
 .debug_info    0x00018603     0x2c9e src/ASF/sam0/drivers/system/clock/clock_samd21_r21/clock.o
 .debug_info    0x0001b2a1     0x1498 src/ASF/sam0/drivers/system/clock/clock_samd21_r21/gclk.o
 .debug_info    0x0001c739      0xa47 src/ASF/sam0/drivers/system/pinmux/pinmux.o
 .debug_info    0x0001d180      0x16f src/ASF/sam0/drivers/system/system.o
 .debug_info    0x0001d2ef      0x9cf src/ASF/sam0/utils/cmsis/samr21/source/gcc/startup_samr21.o
 .debug_info    0x0001dcbe      0x427 src/ASF/sam0/utils/syscalls/gcc/syscalls.o
 .debug_info    0x0001e0e5     0x59a9 src/main.o

.debug_abbrev   0x00000000     0x4061
 .debug_abbrev  0x00000000      0x388 src/ASF/sam0/drivers/adc/adc_sam_d_r/adc.o
 .debug_abbrev  0x00000388      0x303 src/ASF/sam0/drivers/adc/adc_sam_d_r/adc_callback.o
 .debug_abbrev  0x0000068b      0x409 src/ASF/sam0/drivers/extint/extint_sam_d_r/extint.o
 .debug_abbrev  0x00000a94      0x2fd src/ASF/sam0/drivers/sercom/sercom.o
 .debug_abbrev  0x00000d91      0x108 src/ASF/sam0/utils/stdio/read.o
 .debug_abbrev  0x00000e99       0xf5 src/ASF/sam0/utils/stdio/write.o
 .debug_abbrev  0x00000f8e      0x184 src/ASF/thirdparty/freertos/freertos-8.0.1/Source/portable/GCC/ARM_CM0/port.o
 .debug_abbrev  0x00001112      0x10b src/ASF/thirdparty/freertos/freertos-8.0.1/Source/portable/MemMang/heap_1.o
 .debug_abbrev  0x0000121d       0xfb src/ASF/thirdparty/freertos/freertos-8.0.1/Source/list.o
 .debug_abbrev  0x00001318      0x2a1 src/ASF/thirdparty/freertos/freertos-8.0.1/Source/queue.o
 .debug_abbrev  0x000015b9      0x35a src/ASF/thirdparty/freertos/freertos-8.0.1/Source/tasks.o
 .debug_abbrev  0x00001913      0x27c src/ASF/thirdparty/freertos/freertos-8.0.1/Source/timers.o
 .debug_abbrev  0x00001b8f      0x3d7 src/ASF/sam0/drivers/sercom/usart/usart.o
 .debug_abbrev  0x00001f66      0x37b src/ASF/sam0/drivers/sercom/usart/usart_interrupt.o
 .debug_abbrev  0x000022e1      0x22c src/ASF/sam0/drivers/sercom/sercom_interrupt.o
 .debug_abbrev  0x0000250d      0x297 src/ASF/sam0/drivers/extint/extint_callback.o
 .debug_abbrev  0x000027a4      0x13c src/ASF/common2/services/delay/sam0/systick_counter.o
 .debug_abbrev  0x000028e0       0xf6 src/ASF/common/utils/interrupt/interrupt_sam_nvic.o
 .debug_abbrev  0x000029d6      0x22b src/ASF/sam0/boards/samr21_xplained_pro/board_init.o
 .debug_abbrev  0x00002c01      0x1da src/ASF/sam0/drivers/port/port.o
 .debug_abbrev  0x00002ddb      0x3ba src/ASF/sam0/drivers/system/clock/clock_samd21_r21/clock.o
 .debug_abbrev  0x00003195      0x327 src/ASF/sam0/drivers/system/clock/clock_samd21_r21/gclk.o
 .debug_abbrev  0x000034bc      0x287 src/ASF/sam0/drivers/system/pinmux/pinmux.o
 .debug_abbrev  0x00003743       0xb9 src/ASF/sam0/drivers/system/system.o
 .debug_abbrev  0x000037fc      0x1c3 src/ASF/sam0/utils/cmsis/samr21/source/gcc/startup_samr21.o
 .debug_abbrev  0x000039bf      0x141 src/ASF/sam0/utils/syscalls/gcc/syscalls.o
 .debug_abbrev  0x00003b00      0x561 src/main.o

.debug_loc      0x00000000     0x877d
 .debug_loc     0x00000000      0x652 src/ASF/sam0/drivers/adc/adc_sam_d_r/adc.o
 .debug_loc     0x00000652      0x338 src/ASF/sam0/drivers/adc/adc_sam_d_r/adc_callback.o
 .debug_loc     0x0000098a      0x424 src/ASF/sam0/drivers/extint/extint_sam_d_r/extint.o
 .debug_loc     0x00000dae      0x982 src/ASF/sam0/drivers/sercom/sercom.o
 .debug_loc     0x00001730       0xfb src/ASF/sam0/utils/stdio/read.o
 .debug_loc     0x0000182b      0x140 src/ASF/sam0/utils/stdio/write.o
 .debug_loc     0x0000196b      0x113 src/ASF/thirdparty/freertos/freertos-8.0.1/Source/portable/GCC/ARM_CM0/port.o
 .debug_loc     0x00001a7e       0x7f src/ASF/thirdparty/freertos/freertos-8.0.1/Source/portable/MemMang/heap_1.o
 .debug_loc     0x00001afd       0x85 src/ASF/thirdparty/freertos/freertos-8.0.1/Source/list.o
 .debug_loc     0x00001b82     0x1428 src/ASF/thirdparty/freertos/freertos-8.0.1/Source/queue.o
 .debug_loc     0x00002faa     0x1421 src/ASF/thirdparty/freertos/freertos-8.0.1/Source/tasks.o
 .debug_loc     0x000043cb      0x9c6 src/ASF/thirdparty/freertos/freertos-8.0.1/Source/timers.o
 .debug_loc     0x00004d91      0xe4a src/ASF/sam0/drivers/sercom/usart/usart.o
 .debug_loc     0x00005bdb      0x579 src/ASF/sam0/drivers/sercom/usart/usart_interrupt.o
 .debug_loc     0x00006154      0x16c src/ASF/sam0/drivers/sercom/sercom_interrupt.o
 .debug_loc     0x000062c0      0x22b src/ASF/sam0/drivers/extint/extint_callback.o
 .debug_loc     0x000064eb       0xe4 src/ASF/common2/services/delay/sam0/systick_counter.o
 .debug_loc     0x000065cf       0x1e src/ASF/common/utils/interrupt/interrupt_sam_nvic.o
 .debug_loc     0x000065ed       0x59 src/ASF/sam0/boards/samr21_xplained_pro/board_init.o
 .debug_loc     0x00006646      0x16d src/ASF/sam0/drivers/port/port.o
 .debug_loc     0x000067b3      0xfba src/ASF/sam0/drivers/system/clock/clock_samd21_r21/clock.o
 .debug_loc     0x0000776d      0x508 src/ASF/sam0/drivers/system/clock/clock_samd21_r21/gclk.o
 .debug_loc     0x00007c75      0x2e3 src/ASF/sam0/drivers/system/pinmux/pinmux.o
 .debug_loc     0x00007f58       0x20 src/ASF/sam0/drivers/system/system.o
 .debug_loc     0x00007f78       0x7c src/ASF/sam0/utils/cmsis/samr21/source/gcc/startup_samr21.o
 .debug_loc     0x00007ff4      0x112 src/ASF/sam0/utils/syscalls/gcc/syscalls.o
 .debug_loc     0x00008106      0x677 src/main.o

.debug_aranges  0x00000000      0x970
 .debug_aranges
                0x00000000       0x30 src/ASF/sam0/drivers/adc/adc_sam_d_r/adc.o
 .debug_aranges
                0x00000030       0x48 src/ASF/sam0/drivers/adc/adc_sam_d_r/adc_callback.o
 .debug_aranges
                0x00000078       0x50 src/ASF/sam0/drivers/extint/extint_sam_d_r/extint.o
 .debug_aranges
                0x000000c8       0x40 src/ASF/sam0/drivers/sercom/sercom.o
 .debug_aranges
                0x00000108       0x20 src/ASF/sam0/utils/stdio/read.o
 .debug_aranges
                0x00000128       0x20 src/ASF/sam0/utils/stdio/write.o
 .debug_aranges
                0x00000148       0x88 src/ASF/thirdparty/freertos/freertos-8.0.1/Source/portable/GCC/ARM_CM0/port.o
 .debug_aranges
                0x000001d0       0x38 src/ASF/thirdparty/freertos/freertos-8.0.1/Source/portable/MemMang/heap_1.o
 .debug_aranges
                0x00000208       0x40 src/ASF/thirdparty/freertos/freertos-8.0.1/Source/list.o
 .debug_aranges
                0x00000248      0x108 src/ASF/thirdparty/freertos/freertos-8.0.1/Source/queue.o
 .debug_aranges
                0x00000350      0x160 src/ASF/thirdparty/freertos/freertos-8.0.1/Source/tasks.o
 .debug_aranges
                0x000004b0       0x68 src/ASF/thirdparty/freertos/freertos-8.0.1/Source/timers.o
 .debug_aranges
                0x00000518       0x40 src/ASF/sam0/drivers/sercom/usart/usart.o
 .debug_aranges
                0x00000558       0x70 src/ASF/sam0/drivers/sercom/usart/usart_interrupt.o
 .debug_aranges
                0x000005c8       0x60 src/ASF/sam0/drivers/sercom/sercom_interrupt.o
 .debug_aranges
                0x00000628       0x48 src/ASF/sam0/drivers/extint/extint_callback.o
 .debug_aranges
                0x00000670       0x30 src/ASF/common2/services/delay/sam0/systick_counter.o
 .debug_aranges
                0x000006a0       0x28 src/ASF/common/utils/interrupt/interrupt_sam_nvic.o
 .debug_aranges
                0x000006c8       0x20 src/ASF/sam0/boards/samr21_xplained_pro/board_init.o
 .debug_aranges
                0x000006e8       0x28 src/ASF/sam0/drivers/port/port.o
 .debug_aranges
                0x00000710       0x78 src/ASF/sam0/drivers/system/clock/clock_samd21_r21/clock.o
 .debug_aranges
                0x00000788       0x80 src/ASF/sam0/drivers/system/clock/clock_samd21_r21/gclk.o
 .debug_aranges
                0x00000808       0x38 src/ASF/sam0/drivers/system/pinmux/pinmux.o
 .debug_aranges
                0x00000840       0x28 src/ASF/sam0/drivers/system/system.o
 .debug_aranges
                0x00000868       0x28 src/ASF/sam0/utils/cmsis/samr21/source/gcc/startup_samr21.o
 .debug_aranges
                0x00000890       0x60 src/ASF/sam0/utils/syscalls/gcc/syscalls.o
 .debug_aranges
                0x000008f0       0x80 src/main.o

.debug_ranges   0x00000000      0xa20
 .debug_ranges  0x00000000       0x50 src/ASF/sam0/drivers/adc/adc_sam_d_r/adc.o
 .debug_ranges  0x00000050       0x38 src/ASF/sam0/drivers/adc/adc_sam_d_r/adc_callback.o
 .debug_ranges  0x00000088       0x40 src/ASF/sam0/drivers/extint/extint_sam_d_r/extint.o
 .debug_ranges  0x000000c8       0x48 src/ASF/sam0/drivers/sercom/sercom.o
 .debug_ranges  0x00000110       0x10 src/ASF/sam0/utils/stdio/read.o
 .debug_ranges  0x00000120       0x10 src/ASF/sam0/utils/stdio/write.o
 .debug_ranges  0x00000130       0x78 src/ASF/thirdparty/freertos/freertos-8.0.1/Source/portable/GCC/ARM_CM0/port.o
 .debug_ranges  0x000001a8       0x28 src/ASF/thirdparty/freertos/freertos-8.0.1/Source/portable/MemMang/heap_1.o
 .debug_ranges  0x000001d0       0x30 src/ASF/thirdparty/freertos/freertos-8.0.1/Source/list.o
 .debug_ranges  0x00000200       0xf8 src/ASF/thirdparty/freertos/freertos-8.0.1/Source/queue.o
 .debug_ranges  0x000002f8      0x1e8 src/ASF/thirdparty/freertos/freertos-8.0.1/Source/tasks.o
 .debug_ranges  0x000004e0       0x90 src/ASF/thirdparty/freertos/freertos-8.0.1/Source/timers.o
 .debug_ranges  0x00000570       0xf0 src/ASF/sam0/drivers/sercom/usart/usart.o
 .debug_ranges  0x00000660       0x60 src/ASF/sam0/drivers/sercom/usart/usart_interrupt.o
 .debug_ranges  0x000006c0       0x50 src/ASF/sam0/drivers/sercom/sercom_interrupt.o
 .debug_ranges  0x00000710       0x60 src/ASF/sam0/drivers/extint/extint_callback.o
 .debug_ranges  0x00000770       0x50 src/ASF/common2/services/delay/sam0/systick_counter.o
 .debug_ranges  0x000007c0       0x18 src/ASF/common/utils/interrupt/interrupt_sam_nvic.o
 .debug_ranges  0x000007d8       0x10 src/ASF/sam0/boards/samr21_xplained_pro/board_init.o
 .debug_ranges  0x000007e8       0x18 src/ASF/sam0/drivers/port/port.o
 .debug_ranges  0x00000800       0x68 src/ASF/sam0/drivers/system/clock/clock_samd21_r21/clock.o
 .debug_ranges  0x00000868       0x70 src/ASF/sam0/drivers/system/clock/clock_samd21_r21/gclk.o
 .debug_ranges  0x000008d8       0x28 src/ASF/sam0/drivers/system/pinmux/pinmux.o
 .debug_ranges  0x00000900       0x18 src/ASF/sam0/drivers/system/system.o
 .debug_ranges  0x00000918       0x18 src/ASF/sam0/utils/cmsis/samr21/source/gcc/startup_samr21.o
 .debug_ranges  0x00000930       0x50 src/ASF/sam0/utils/syscalls/gcc/syscalls.o
 .debug_ranges  0x00000980       0xa0 src/main.o

.debug_macro    0x00000000    0x18bf8
 .debug_macro   0x00000000      0x4c2 src/ASF/sam0/drivers/adc/adc_sam_d_r/adc.o
 .debug_macro   0x000004c2      0x84a src/ASF/sam0/drivers/adc/adc_sam_d_r/adc.o
 .debug_macro   0x00000d0c      0x166 src/ASF/sam0/drivers/adc/adc_sam_d_r/adc.o
 .debug_macro   0x00000e72      0x4d1 src/ASF/sam0/drivers/adc/adc_sam_d_r/adc.o
 .debug_macro   0x00001343       0x16 src/ASF/sam0/drivers/adc/adc_sam_d_r/adc.o
 .debug_macro   0x00001359       0x44 src/ASF/sam0/drivers/adc/adc_sam_d_r/adc.o
 .debug_macro   0x0000139d      0x209 src/ASF/sam0/drivers/adc/adc_sam_d_r/adc.o
 .debug_macro   0x000015a6       0x10 src/ASF/sam0/drivers/adc/adc_sam_d_r/adc.o
 .debug_macro   0x000015b6       0x76 src/ASF/sam0/drivers/adc/adc_sam_d_r/adc.o
 .debug_macro   0x0000162c       0x16 src/ASF/sam0/drivers/adc/adc_sam_d_r/adc.o
 .debug_macro   0x00001642      0x6e5 src/ASF/sam0/drivers/adc/adc_sam_d_r/adc.o
 .debug_macro   0x00001d27      0xde2 src/ASF/sam0/drivers/adc/adc_sam_d_r/adc.o
 .debug_macro   0x00002b09       0x22 src/ASF/sam0/drivers/adc/adc_sam_d_r/adc.o
 .debug_macro   0x00002b2b       0x40 src/ASF/sam0/drivers/adc/adc_sam_d_r/adc.o
 .debug_macro   0x00002b6b       0x3a src/ASF/sam0/drivers/adc/adc_sam_d_r/adc.o
 .debug_macro   0x00002ba5      0x24f src/ASF/sam0/drivers/adc/adc_sam_d_r/adc.o
 .debug_macro   0x00002df4      0x682 src/ASF/sam0/drivers/adc/adc_sam_d_r/adc.o
 .debug_macro   0x00003476      0x8bf src/ASF/sam0/drivers/adc/adc_sam_d_r/adc.o
 .debug_macro   0x00003d35      0xd6a src/ASF/sam0/drivers/adc/adc_sam_d_r/adc.o
 .debug_macro   0x00004a9f      0x4ce src/ASF/sam0/drivers/adc/adc_sam_d_r/adc.o
 .debug_macro   0x00004f6d      0x9f8 src/ASF/sam0/drivers/adc/adc_sam_d_r/adc.o
 .debug_macro   0x00005965      0x82b src/ASF/sam0/drivers/adc/adc_sam_d_r/adc.o
 .debug_macro   0x00006190      0x45f src/ASF/sam0/drivers/adc/adc_sam_d_r/adc.o
 .debug_macro   0x000065ef       0x5e src/ASF/sam0/drivers/adc/adc_sam_d_r/adc.o
 .debug_macro   0x0000664d      0x225 src/ASF/sam0/drivers/adc/adc_sam_d_r/adc.o
 .debug_macro   0x00006872      0x797 src/ASF/sam0/drivers/adc/adc_sam_d_r/adc.o
 .debug_macro   0x00007009       0x5e src/ASF/sam0/drivers/adc/adc_sam_d_r/adc.o
 .debug_macro   0x00007067      0x60a src/ASF/sam0/drivers/adc/adc_sam_d_r/adc.o
 .debug_macro   0x00007671      0x3b6 src/ASF/sam0/drivers/adc/adc_sam_d_r/adc.o
 .debug_macro   0x00007a27       0x94 src/ASF/sam0/drivers/adc/adc_sam_d_r/adc.o
 .debug_macro   0x00007abb      0xc55 src/ASF/sam0/drivers/adc/adc_sam_d_r/adc.o
 .debug_macro   0x00008710     0x1092 src/ASF/sam0/drivers/adc/adc_sam_d_r/adc.o
 .debug_macro   0x000097a2      0xc4a src/ASF/sam0/drivers/adc/adc_sam_d_r/adc.o
 .debug_macro   0x0000a3ec      0x6bf src/ASF/sam0/drivers/adc/adc_sam_d_r/adc.o
 .debug_macro   0x0000aaab     0x1b4b src/ASF/sam0/drivers/adc/adc_sam_d_r/adc.o
 .debug_macro   0x0000c5f6     0x144a src/ASF/sam0/drivers/adc/adc_sam_d_r/adc.o
 .debug_macro   0x0000da40      0x34e src/ASF/sam0/drivers/adc/adc_sam_d_r/adc.o
 .debug_macro   0x0000dd8e       0x7c src/ASF/sam0/drivers/adc/adc_sam_d_r/adc.o
 .debug_macro   0x0000de0a       0xa0 src/ASF/sam0/drivers/adc/adc_sam_d_r/adc.o
 .debug_macro   0x0000deaa       0xca src/ASF/sam0/drivers/adc/adc_sam_d_r/adc.o
 .debug_macro   0x0000df74       0x94 src/ASF/sam0/drivers/adc/adc_sam_d_r/adc.o
 .debug_macro   0x0000e008       0x58 src/ASF/sam0/drivers/adc/adc_sam_d_r/adc.o
 .debug_macro   0x0000e060      0x364 src/ASF/sam0/drivers/adc/adc_sam_d_r/adc.o
 .debug_macro   0x0000e3c4       0x82 src/ASF/sam0/drivers/adc/adc_sam_d_r/adc.o
 .debug_macro   0x0000e446      0x197 src/ASF/sam0/drivers/adc/adc_sam_d_r/adc.o
 .debug_macro   0x0000e5dd       0xa0 src/ASF/sam0/drivers/adc/adc_sam_d_r/adc.o
 .debug_macro   0x0000e67d       0xb8 src/ASF/sam0/drivers/adc/adc_sam_d_r/adc.o
 .debug_macro   0x0000e735       0x1c src/ASF/sam0/drivers/adc/adc_sam_d_r/adc.o
 .debug_macro   0x0000e751       0x1c src/ASF/sam0/drivers/adc/adc_sam_d_r/adc.o
 .debug_macro   0x0000e76d       0x1c src/ASF/sam0/drivers/adc/adc_sam_d_r/adc.o
 .debug_macro   0x0000e789       0x7c src/ASF/sam0/drivers/adc/adc_sam_d_r/adc.o
 .debug_macro   0x0000e805      0x1c6 src/ASF/sam0/drivers/adc/adc_sam_d_r/adc.o
 .debug_macro   0x0000e9cb       0x16 src/ASF/sam0/drivers/adc/adc_sam_d_r/adc.o
 .debug_macro   0x0000e9e1       0xdc src/ASF/sam0/drivers/adc/adc_sam_d_r/adc.o
 .debug_macro   0x0000eabd      0x12f src/ASF/sam0/drivers/adc/adc_sam_d_r/adc.o
 .debug_macro   0x0000ebec      0x12f src/ASF/sam0/drivers/adc/adc_sam_d_r/adc.o
 .debug_macro   0x0000ed1b      0x12f src/ASF/sam0/drivers/adc/adc_sam_d_r/adc.o
 .debug_macro   0x0000ee4a      0x12f src/ASF/sam0/drivers/adc/adc_sam_d_r/adc.o
 .debug_macro   0x0000ef79      0x12f src/ASF/sam0/drivers/adc/adc_sam_d_r/adc.o
 .debug_macro   0x0000f0a8      0x12f src/ASF/sam0/drivers/adc/adc_sam_d_r/adc.o
 .debug_macro   0x0000f1d7      0x11e src/ASF/sam0/drivers/adc/adc_sam_d_r/adc.o
 .debug_macro   0x0000f2f5       0xe2 src/ASF/sam0/drivers/adc/adc_sam_d_r/adc.o
 .debug_macro   0x0000f3d7       0xe2 src/ASF/sam0/drivers/adc/adc_sam_d_r/adc.o
 .debug_macro   0x0000f4b9       0xe2 src/ASF/sam0/drivers/adc/adc_sam_d_r/adc.o
 .debug_macro   0x0000f59b      0x12c src/ASF/sam0/drivers/adc/adc_sam_d_r/adc.o
 .debug_macro   0x0000f6c7      0x100 src/ASF/sam0/drivers/adc/adc_sam_d_r/adc.o
 .debug_macro   0x0000f7c7       0xf4 src/ASF/sam0/drivers/adc/adc_sam_d_r/adc.o
 .debug_macro   0x0000f8bb      0x40f src/ASF/sam0/drivers/adc/adc_sam_d_r/adc.o
 .debug_macro   0x0000fcca       0x40 src/ASF/sam0/drivers/adc/adc_sam_d_r/adc.o
 .debug_macro   0x0000fd0a      0x345 src/ASF/sam0/drivers/adc/adc_sam_d_r/adc.o
 .debug_macro   0x0001004f     0x174b src/ASF/sam0/drivers/adc/adc_sam_d_r/adc.o
 .debug_macro   0x0001179a       0x58 src/ASF/sam0/drivers/adc/adc_sam_d_r/adc.o
 .debug_macro   0x000117f2       0x58 src/ASF/sam0/drivers/adc/adc_sam_d_r/adc.o
 .debug_macro   0x0001184a       0x35 src/ASF/sam0/drivers/adc/adc_sam_d_r/adc.o
 .debug_macro   0x0001187f       0xa3 src/ASF/sam0/drivers/adc/adc_sam_d_r/adc.o
 .debug_macro   0x00011922       0x16 src/ASF/sam0/drivers/adc/adc_sam_d_r/adc.o
 .debug_macro   0x00011938       0x35 src/ASF/sam0/drivers/adc/adc_sam_d_r/adc.o
 .debug_macro   0x0001196d       0x10 src/ASF/sam0/drivers/adc/adc_sam_d_r/adc.o
 .debug_macro   0x0001197d       0x52 src/ASF/sam0/drivers/adc/adc_sam_d_r/adc.o
 .debug_macro   0x000119cf       0x16 src/ASF/sam0/drivers/adc/adc_sam_d_r/adc.o
 .debug_macro   0x000119e5       0x43 src/ASF/sam0/drivers/adc/adc_sam_d_r/adc.o
 .debug_macro   0x00011a28      0x180 src/ASF/sam0/drivers/adc/adc_sam_d_r/adc.o
 .debug_macro   0x00011ba8       0x10 src/ASF/sam0/drivers/adc/adc_sam_d_r/adc.o
 .debug_macro   0x00011bb8       0x22 src/ASF/sam0/drivers/adc/adc_sam_d_r/adc.o
 .debug_macro   0x00011bda       0xbd src/ASF/sam0/drivers/adc/adc_sam_d_r/adc.o
 .debug_macro   0x00011c97       0x16 src/ASF/sam0/drivers/adc/adc_sam_d_r/adc.o
 .debug_macro   0x00011cad      0x16c src/ASF/sam0/drivers/adc/adc_sam_d_r/adc.o
 .debug_macro   0x00011e19       0x16 src/ASF/sam0/drivers/adc/adc_sam_d_r/adc.o
 .debug_macro   0x00011e2f       0x16 src/ASF/sam0/drivers/adc/adc_sam_d_r/adc.o
 .debug_macro   0x00011e45       0x29 src/ASF/sam0/drivers/adc/adc_sam_d_r/adc.o
 .debug_macro   0x00011e6e       0x51 src/ASF/sam0/drivers/adc/adc_sam_d_r/adc.o
 .debug_macro   0x00011ebf       0x3f src/ASF/sam0/drivers/adc/adc_sam_d_r/adc.o
 .debug_macro   0x00011efe      0x3df src/ASF/sam0/drivers/adc/adc_sam_d_r/adc.o
 .debug_macro   0x000122dd       0x11 src/ASF/sam0/drivers/adc/adc_sam_d_r/adc.o
 .debug_macro   0x000122ee       0x11 src/ASF/sam0/drivers/adc/adc_sam_d_r/adc.o
 .debug_macro   0x000122ff       0x2e src/ASF/sam0/drivers/adc/adc_sam_d_r/adc.o
 .debug_macro   0x0001232d       0x19 src/ASF/sam0/drivers/adc/adc_sam_d_r/adc.o
 .debug_macro   0x00012346      0x4c5 src/ASF/sam0/drivers/adc/adc_sam_d_r/adc_callback.o
 .debug_macro   0x0001280b      0x4c2 src/ASF/sam0/drivers/extint/extint_sam_d_r/extint.o
 .debug_macro   0x00012ccd       0x1f src/ASF/sam0/drivers/extint/extint_sam_d_r/extint.o
 .debug_macro   0x00012cec       0x16 src/ASF/sam0/drivers/extint/extint_sam_d_r/extint.o
 .debug_macro   0x00012d02      0x4d0 src/ASF/sam0/drivers/sercom/sercom.o
 .debug_macro   0x000131d2       0x9a src/ASF/sam0/drivers/sercom/sercom.o
 .debug_macro   0x0001326c       0x10 src/ASF/sam0/drivers/sercom/sercom.o
 .debug_macro   0x0001327c      0x442 src/ASF/sam0/utils/stdio/read.o
 .debug_macro   0x000136be      0x442 src/ASF/sam0/utils/stdio/write.o
 .debug_macro   0x00013b00      0x101 src/ASF/thirdparty/freertos/freertos-8.0.1/Source/portable/GCC/ARM_CM0/port.o
 .debug_macro   0x00013c01      0x15a src/ASF/thirdparty/freertos/freertos-8.0.1/Source/portable/MemMang/heap_1.o
 .debug_macro   0x00013d5b      0x139 src/ASF/thirdparty/freertos/freertos-8.0.1/Source/list.o
 .debug_macro   0x00013e94      0x1c9 src/ASF/thirdparty/freertos/freertos-8.0.1/Source/queue.o
 .debug_macro   0x0001405d      0x256 src/ASF/thirdparty/freertos/freertos-8.0.1/Source/tasks.o
 .debug_macro   0x000142b3       0x1c src/ASF/thirdparty/freertos/freertos-8.0.1/Source/tasks.o
 .debug_macro   0x000142cf      0x176 src/ASF/thirdparty/freertos/freertos-8.0.1/Source/timers.o
 .debug_macro   0x00014445      0x4e1 src/ASF/sam0/drivers/sercom/usart/usart.o
 .debug_macro   0x00014926       0x51 src/ASF/sam0/drivers/sercom/usart/usart.o
 .debug_macro   0x00014977      0x4e1 src/ASF/sam0/drivers/sercom/usart/usart_interrupt.o
 .debug_macro   0x00014e58      0x4cd src/ASF/sam0/drivers/sercom/sercom_interrupt.o
 .debug_macro   0x00015325      0x467 src/ASF/sam0/drivers/extint/extint_callback.o
 .debug_macro   0x0001578c       0x19 src/ASF/sam0/drivers/extint/extint_callback.o
 .debug_macro   0x000157a5      0x47d src/ASF/common2/services/delay/sam0/systick_counter.o
 .debug_macro   0x00015c22       0x16 src/ASF/common2/services/delay/sam0/systick_counter.o
 .debug_macro   0x00015c38      0x442 src/ASF/common/utils/interrupt/interrupt_sam_nvic.o
 .debug_macro   0x0001607a      0x47e src/ASF/sam0/boards/samr21_xplained_pro/board_init.o
 .debug_macro   0x000164f8       0x19 src/ASF/sam0/boards/samr21_xplained_pro/board_init.o
 .debug_macro   0x00016511      0x45c src/ASF/sam0/drivers/port/port.o
 .debug_macro   0x0001696d      0x4b4 src/ASF/sam0/drivers/system/clock/clock_samd21_r21/clock.o
 .debug_macro   0x00016e21      0x29d src/ASF/sam0/drivers/system/clock/clock_samd21_r21/clock.o
 .debug_macro   0x000170be      0x478 src/ASF/sam0/drivers/system/clock/clock_samd21_r21/gclk.o
 .debug_macro   0x00017536      0x454 src/ASF/sam0/drivers/system/pinmux/pinmux.o
 .debug_macro   0x0001798a      0x486 src/ASF/sam0/drivers/system/system.o
 .debug_macro   0x00017e10      0x2af src/ASF/sam0/utils/cmsis/samr21/source/gcc/startup_samr21.o
 .debug_macro   0x000180bf       0x3a src/ASF/sam0/utils/cmsis/samr21/source/gcc/startup_samr21.o
 .debug_macro   0x000180f9      0x129 src/ASF/sam0/utils/syscalls/gcc/syscalls.o
 .debug_macro   0x00018222       0x97 src/ASF/sam0/utils/syscalls/gcc/syscalls.o
 .debug_macro   0x000182b9       0xef src/ASF/sam0/utils/syscalls/gcc/syscalls.o
 .debug_macro   0x000183a8       0x16 src/ASF/sam0/utils/syscalls/gcc/syscalls.o
 .debug_macro   0x000183be       0x10 src/ASF/sam0/utils/syscalls/gcc/syscalls.o
 .debug_macro   0x000183ce       0x41 src/ASF/sam0/utils/syscalls/gcc/syscalls.o
 .debug_macro   0x0001840f      0x120 src/ASF/sam0/utils/syscalls/gcc/syscalls.o
 .debug_macro   0x0001852f      0x6c9 src/main.o

.debug_line     0x00000000     0xfd20
 .debug_line    0x00000000      0xc5a src/ASF/sam0/drivers/adc/adc_sam_d_r/adc.o
 .debug_line    0x00000c5a      0xb6c src/ASF/sam0/drivers/adc/adc_sam_d_r/adc_callback.o
 .debug_line    0x000017c6      0xb91 src/ASF/sam0/drivers/extint/extint_sam_d_r/extint.o