Archive member included because of file (symbol)

c:/program files (x86)/atmel/atmel toolchain/arm gcc/native/4.8.1443/arm-gnu-toolchain/bin/../lib/gcc/arm-none-eabi/4.8.4/armv6-m\libgcc.a(_udivsi3.o)
                              trcRecorder.o (__aeabi_uidiv)
c:/program files (x86)/atmel/atmel toolchain/arm gcc/native/4.8.1443/arm-gnu-toolchain/bin/../lib/gcc/arm-none-eabi/4.8.4/armv6-m\libgcc.a(_dvmd_tls.o)
                              c:/program files (x86)/atmel/atmel toolchain/arm gcc/native/4.8.1443/arm-gnu-toolchain/bin/../lib/gcc/arm-none-eabi/4.8.4/armv6-m\libgcc.a(_udivsi3.o) (__aeabi_idiv0)
c:/program files (x86)/atmel/atmel toolchain/arm gcc/native/4.8.1443/arm-gnu-toolchain/bin/../lib/gcc/arm-none-eabi/4.8.4/armv6-m\libgcc.a(_muldi3.o)
                              src/ASF/sam0/drivers/sercom/sercom.o (__aeabi_lmul)
c:/program files (x86)/atmel/atmel toolchain/arm gcc/native/4.8.1443/arm-gnu-toolchain/bin/../lib/gcc/arm-none-eabi/4.8.4/armv6-m\libgcc.a(truncdfsf2.o)
                              trcRecorder.o (__aeabi_d2f)
c:/program files (x86)/atmel/atmel toolchain/arm gcc/native/4.8.1443/arm-gnu-toolchain/bin/../lib/gcc/arm-none-eabi/4.8.4/../../../../arm-none-eabi/lib/armv6-m\libc_s.a(lib_a-exit.o)
                              c:/program files (x86)/atmel/atmel toolchain/arm gcc/native/4.8.1443/arm-gnu-toolchain/bin/../lib/gcc/arm-none-eabi/4.8.4/../../../../arm-none-eabi/lib/armv6-m/crt0.o (exit)
c:/program files (x86)/atmel/atmel toolchain/arm gcc/native/4.8.1443/arm-gnu-toolchain/bin/../lib/gcc/arm-none-eabi/4.8.4/../../../../arm-none-eabi/lib/armv6-m\libc_s.a(lib_a-impure.o)
                              c:/program files (x86)/atmel/atmel toolchain/arm gcc/native/4.8.1443/arm-gnu-toolchain/bin/../lib/gcc/arm-none-eabi/4.8.4/../../../../arm-none-eabi/lib/armv6-m\libc_s.a(lib_a-exit.o) (_global_impure_ptr)
c:/program files (x86)/atmel/atmel toolchain/arm gcc/native/4.8.1443/arm-gnu-toolchain/bin/../lib/gcc/arm-none-eabi/4.8.4/../../../../arm-none-eabi/lib/armv6-m\libc_s.a(lib_a-init.o)
                              c:/program files (x86)/atmel/atmel toolchain/arm gcc/native/4.8.1443/arm-gnu-toolchain/bin/../lib/gcc/arm-none-eabi/4.8.4/../../../../arm-none-eabi/lib/armv6-m/crt0.o (__libc_init_array)
c:/program files (x86)/atmel/atmel toolchain/arm gcc/native/4.8.1443/arm-gnu-toolchain/bin/../lib/gcc/arm-none-eabi/4.8.4/../../../../arm-none-eabi/lib/armv6-m\libc_s.a(lib_a-memcpy-stub.o)
                              src/ASF/sam0/drivers/adc/adc_sam_d_r/adc.o (memcpy)
c:/program files (x86)/atmel/atmel toolchain/arm gcc/native/4.8.1443/arm-gnu-toolchain/bin/../lib/gcc/arm-none-eabi/4.8.4/../../../../arm-none-eabi/lib/armv6-m\libc_s.a(lib_a-memset.o)
                              c:/program files (x86)/atmel/atmel toolchain/arm gcc/native/4.8.1443/arm-gnu-toolchain/bin/../lib/gcc/arm-none-eabi/4.8.4/../../../../arm-none-eabi/lib/armv6-m/crt0.o (memset)
c:/program files (x86)/atmel/atmel toolchain/arm gcc/native/4.8.1443/arm-gnu-toolchain/bin/../lib/gcc/arm-none-eabi/4.8.4/../../../../arm-none-eabi/lib/armv6-m\libc_s.a(lib_a-printf.o)
                              src/ASF/sam0/utils/syscalls/gcc/syscalls.o (printf)
c:/program files (x86)/atmel/atmel toolchain/arm gcc/native/4.8.1443/arm-gnu-toolchain/bin/../lib/gcc/arm-none-eabi/4.8.4/../../../../arm-none-eabi/lib/armv6-m\libc_s.a(lib_a-setbuf.o)
                              src/ASF/thirdparty/wireless/addons/sio2host/uart/sio2host.o (setbuf)
c:/program files (x86)/atmel/atmel toolchain/arm gcc/native/4.8.1443/arm-gnu-toolchain/bin/../lib/gcc/arm-none-eabi/4.8.4/../../../../arm-none-eabi/lib/armv6-m\libc_s.a(lib_a-setvbuf.o)
                              c:/program files (x86)/atmel/atmel toolchain/arm gcc/native/4.8.1443/arm-gnu-toolchain/bin/../lib/gcc/arm-none-eabi/4.8.4/../../../../arm-none-eabi/lib/armv6-m\libc_s.a(lib_a-setbuf.o) (setvbuf)
c:/program files (x86)/atmel/atmel toolchain/arm gcc/native/4.8.1443/arm-gnu-toolchain/bin/../lib/gcc/arm-none-eabi/4.8.4/../../../../arm-none-eabi/lib/armv6-m\libc_s.a(lib_a-strcmp.o)
                              src/main.o (strcmp)
c:/program files (x86)/atmel/atmel toolchain/arm gcc/native/4.8.1443/arm-gnu-toolchain/bin/../lib/gcc/arm-none-eabi/4.8.4/../../../../arm-none-eabi/lib/armv6-m\libc_s.a(lib_a-strncmp.o)
                              trcRecorder.o (strncmp)
c:/program files (x86)/atmel/atmel toolchain/arm gcc/native/4.8.1443/arm-gnu-toolchain/bin/../lib/gcc/arm-none-eabi/4.8.4/../../../../arm-none-eabi/lib/armv6-m\libc_s.a(lib_a-strncpy.o)
                              trcRecorder.o (strncpy)
c:/program files (x86)/atmel/atmel toolchain/arm gcc/native/4.8.1443/arm-gnu-toolchain/bin/../lib/gcc/arm-none-eabi/4.8.4/../../../../arm-none-eabi/lib/armv6-m\libc_s.a(lib_a-vfprintf.o)
[...]
Memory Configuration

Name             Origin             Length             Attributes
rom              0x00000000         0x00040000         xr
ram              0x20000000         0x00008000         xrw
*default*        0x00000000         0xffffffff

Linker script and memory map

LOAD c:/program files (x86)/atmel/atmel toolchain/arm gcc/native/4.8.1443/arm-gnu-toolchain/bin/../lib/gcc/arm-none-eabi/4.8.4/armv6-m/crti.o
LOAD c:/program files (x86)/atmel/atmel toolchain/arm gcc/native/4.8.1443/arm-gnu-toolchain/bin/../lib/gcc/arm-none-eabi/4.8.4/armv6-m/crtbegin.o
LOAD c:/program files (x86)/atmel/atmel toolchain/arm gcc/native/4.8.1443/arm-gnu-toolchain/bin/../lib/gcc/arm-none-eabi/4.8.4/../../../../arm-none-eabi/lib/armv6-m/crt0.o
LOAD src/ASF/sam0/drivers/adc/adc_sam_d_r/adc.o
LOAD src/ASF/sam0/drivers/adc/adc_sam_d_r/adc_callback.o
LOAD src/ASF/sam0/drivers/extint/extint_sam_d_r/extint.o
LOAD src/ASF/sam0/drivers/sercom/sercom.o
LOAD src/ASF/sam0/utils/stdio/read.o
LOAD src/ASF/sam0/utils/stdio/write.o
LOAD src/ASF/thirdparty/freertos/freertos-8.0.1/Source/croutine.o
LOAD src/ASF/thirdparty/freertos/freertos-8.0.1/Source/event_groups.o
LOAD src/ASF/thirdparty/freertos/freertos-8.0.1/Source/portable/GCC/ARM_CM0/port.o
LOAD src/ASF/thirdparty/freertos/freertos-8.0.1/Source/portable/MemMang/heap_1.o
LOAD src/ASF/thirdparty/wireless/addons/sio2host/uart/sio2host.o
LOAD src/tasks.o
LOAD trcRecorder.o
LOAD src/ASF/thirdparty/freertos/freertos-8.0.1/Source/list.o
LOAD src/ASF/thirdparty/freertos/freertos-8.0.1/Source/queue.o
LOAD src/ASF/thirdparty/freertos/freertos-8.0.1/Source/tasks.o
LOAD src/ASF/thirdparty/freertos/freertos-8.0.1/Source/timers.o
LOAD src/ASF/sam0/drivers/sercom/usart/usart.o
LOAD src/ASF/sam0/drivers/sercom/usart/usart_interrupt.o
LOAD src/ASF/sam0/drivers/sercom/sercom_interrupt.o
LOAD src/ASF/sam0/drivers/extint/extint_callback.o
LOAD src/ASF/common2/services/delay/sam0/systick_counter.o
LOAD src/config/lcd.o
LOAD src/ASF/common/utils/interrupt/interrupt_sam_nvic.o
LOAD src/ASF/sam0/boards/samr21_xplained_pro/board_init.o
LOAD src/ASF/sam0/drivers/port/port.o
LOAD src/ASF/sam0/drivers/system/clock/clock_samd21_r21/clock.o
LOAD src/ASF/sam0/drivers/system/clock/clock_samd21_r21/gclk.o
LOAD src/ASF/sam0/drivers/system/interrupt/system_interrupt.o
LOAD src/ASF/sam0/drivers/system/pinmux/pinmux.o
LOAD src/ASF/sam0/drivers/system/system.o
LOAD src/ASF/sam0/utils/cmsis/samr21/source/gcc/startup_samr21.o
LOAD src/ASF/sam0/utils/cmsis/samr21/source/system_samr21.o
LOAD src/ASF/sam0/utils/syscalls/gcc/syscalls.o
LOAD src/main.o
START GROUP
LOAD ../src/ASF/thirdparty/CMSIS/Lib/GCC\libarm_cortexM0l_math.a
LOAD c:/program files (x86)/atmel/atmel toolchain/arm gcc/native/4.8.1443/arm-gnu-toolchain/bin/../lib/gcc/arm-none-eabi/4.8.4/../../../../arm-none-eabi/lib/armv6-m\libm.a
END GROUP
START GROUP
LOAD c:/program files (x86)/atmel/atmel toolchain/arm gcc/native/4.8.1443/arm-gnu-toolchain/bin/../lib/gcc/arm-none-eabi/4.8.4/armv6-m\libgcc.a
LOAD c:/program files (x86)/atmel/atmel toolchain/arm gcc/native/4.8.1443/arm-gnu-toolchain/bin/../lib/gcc/arm-none-eabi/4.8.4/../../../../arm-none-eabi/lib/armv6-m\libc_s.a
END GROUP
START GROUP
LOAD c:/program files (x86)/atmel/atmel toolchain/arm gcc/native/4.8.1443/arm-gnu-toolchain/bin/../lib/gcc/arm-none-eabi/4.8.4/armv6-m\libgcc.a
LOAD c:/program files (x86)/atmel/atmel toolchain/arm gcc/native/4.8.1443/arm-gnu-toolchain/bin/../lib/gcc/arm-none-eabi/4.8.4/../../../../arm-none-eabi/lib/armv6-m\libc_s.a
END GROUP
LOAD c:/program files (x86)/atmel/atmel toolchain/arm gcc/native/4.8.1443/arm-gnu-toolchain/bin/../lib/gcc/arm-none-eabi/4.8.4/armv6-m/crtend.o
LOAD c:/program files (x86)/atmel/atmel toolchain/arm gcc/native/4.8.1443/arm-gnu-toolchain/bin/../lib/gcc/arm-none-eabi/4.8.4/armv6-m/crtn.o
                0x00002000                STACK_SIZE = DEFINED (STACK_SIZE)?STACK_SIZE:DEFINED (__stack_size__)?__stack_size__:0x2000

.text           0x00000000     0x49e0
                0x00000000                . = ALIGN (0x4)
                0x00000000                _sfixed = .
 *(.vectors .vectors.*)
 .vectors       0x00000000       0xb4 src/ASF/sam0/utils/cmsis/samr21/source/gcc/startup_samr21.o
                0x00000000                exception_table
 *(.text .text.* .gnu.linkonce.t.*)
 .text          0x000000b4       0x60 c:/program files (x86)/atmel/atmel toolchain/arm gcc/native/4.8.1443/arm-gnu-toolchain/bin/../lib/gcc/arm-none-eabi/4.8.4/armv6-m/crtbegin.o
 .text.adc_get_config_defaults
                0x00000114       0x48 src/ASF/sam0/drivers/adc/adc_sam_d_r/adc.o
                0x00000114                adc_get_config_defaults
 .text.adc_init
                0x0000015c      0x434 src/ASF/sam0/drivers/adc/adc_sam_d_r/adc.o
                0x0000015c                adc_init
 .text.ADC_Handler
                0x00000590       0xbc src/ASF/sam0/drivers/adc/adc_sam_d_r/adc_callback.o
                0x00000590                ADC_Handler
 .text._extint_enable
                0x0000064c       0x1c src/ASF/sam0/drivers/extint/extint_sam_d_r/extint.o
 .text._system_extint_init
                0x00000668       0x6c src/ASF/sam0/drivers/extint/extint_sam_d_r/extint.o
                0x00000668                _system_extint_init
 .text.extint_chan_get_config_defaults
                0x000006d4       0x14 src/ASF/sam0/drivers/extint/extint_sam_d_r/extint.o
                0x000006d4                extint_chan_get_config_defaults
 .text.extint_chan_set_config
                0x000006e8       0x78 src/ASF/sam0/drivers/extint/extint_sam_d_r/extint.o
                0x000006e8                extint_chan_set_config
 .text._sercom_get_sync_baud_val
                0x00000760       0x28 src/ASF/sam0/drivers/sercom/sercom.o
                0x00000760                _sercom_get_sync_baud_val
 .text._sercom_get_async_baud_val
                0x00000788      0x1b0 src/ASF/sam0/drivers/sercom/sercom.o
                0x00000788                _sercom_get_async_baud_val
 .text.sercom_set_gclk_generator
                0x00000938       0x50 src/ASF/sam0/drivers/sercom/sercom.o
                0x00000938                sercom_set_gclk_generator
 .text._sercom_get_default_pad
                0x00000988      0x188 src/ASF/sam0/drivers/sercom/sercom.o
                0x00000988                _sercom_get_default_pad
 .text._sercom_get_sercom_inst_index
                0x00000b10       0x3c src/ASF/sam0/drivers/sercom/sercom.o
                0x00000b10                _sercom_get_sercom_inst_index
 .text._read    0x00000b4c       0x44 src/ASF/sam0/utils/stdio/read.o
                0x00000b4c                _read
 .text._write   0x00000b90       0x54 src/ASF/sam0/utils/stdio/write.o
                0x00000b90                _write
 .text.prvTaskExitError
                0x00000be4       0x14 src/ASF/thirdparty/freertos/freertos-8.0.1/Source/portable/GCC/ARM_CM0/port.o
 .text.vPortStartFirstTask
                0x00000bf8       0x20 src/ASF/thirdparty/freertos/freertos-8.0.1/Source/portable/GCC/ARM_CM0/port.o
 .text.pxPortInitialiseStack
                0x00000c18       0x20 src/ASF/thirdparty/freertos/freertos-8.0.1/Source/portable/GCC/ARM_CM0/port.o
                0x00000c18                pxPortInitialiseStack
 .text.SVC_Handler
                0x00000c38        0x4 src/ASF/thirdparty/freertos/freertos-8.0.1/Source/portable/GCC/ARM_CM0/port.o
                0x00000c38                SVC_Handler
 .text.vPortYield
                0x00000c3c       0x18 src/ASF/thirdparty/freertos/freertos-8.0.1/Source/portable/GCC/ARM_CM0/port.o
                0x00000c3c                vPortYield
 .text.vPortEnterCritical
                0x00000c54       0x18 src/ASF/thirdparty/freertos/freertos-8.0.1/Source/portable/GCC/ARM_CM0/port.o
                0x00000c54                vPortEnterCritical
 .text.vPortExitCritical
                0x00000c6c       0x20 src/ASF/thirdparty/freertos/freertos-8.0.1/Source/portable/GCC/ARM_CM0/port.o
                0x00000c6c                vPortExitCritical
 .text.ulSetInterruptMaskFromISR
                0x00000c8c        0xc src/ASF/thirdparty/freertos/freertos-8.0.1/Source/portable/GCC/ARM_CM0/port.o
                0x00000c8c                ulSetInterruptMaskFromISR
 .text.vClearInterruptMaskFromISR
                0x00000c98        0x8 src/ASF/thirdparty/freertos/freertos-8.0.1/Source/portable/GCC/ARM_CM0/port.o
                0x00000c98                vClearInterruptMaskFromISR
 .text.PendSV_Handler
                0x00000ca0       0x44 src/ASF/thirdparty/freertos/freertos-8.0.1/Source/portable/GCC/ARM_CM0/port.o
                0x00000ca0                PendSV_Handler
 .text.SysTick_Handler
                0x00000ce4       0x30 src/ASF/thirdparty/freertos/freertos-8.0.1/Source/portable/GCC/ARM_CM0/port.o
                0x00000ce4                SysTick_Handler
 .text.vPortSetupTimerInterrupt
                0x00000d14       0x24 src/ASF/thirdparty/freertos/freertos-8.0.1/Source/portable/GCC/ARM_CM0/port.o
                0x00000d14                vPortSetupTimerInterrupt
 .text.xPortStartScheduler
                0x00000d38       0x40 src/ASF/thirdparty/freertos/freertos-8.0.1/Source/portable/GCC/ARM_CM0/port.o
                0x00000d38                xPortStartScheduler
 .text.pvPortMalloc
                0x00000d78       0x68 src/ASF/thirdparty/freertos/freertos-8.0.1/Source/portable/MemMang/heap_1.o
                0x00000d78                pvPortMalloc
 .text.vPortFree
                0x00000de0        0xc src/ASF/thirdparty/freertos/freertos-8.0.1/Source/portable/MemMang/heap_1.o
                0x00000de0                vPortFree
 .text.vListInitialise
                0x00000dec       0x18 src/ASF/thirdparty/freertos/freertos-8.0.1/Source/list.o
                0x00000dec                vListInitialise
 .text.vListInitialiseItem
                0x00000e04        0x8 src/ASF/thirdparty/freertos/freertos-8.0.1/Source/list.o
                0x00000e04                vListInitialiseItem
 .text.vListInsertEnd
                0x00000e0c       0x18 src/ASF/thirdparty/freertos/freertos-8.0.1/Source/list.o
                0x00000e0c                vListInsertEnd
 .text.vListInsert
                0x00000e24       0x30 src/ASF/thirdparty/freertos/freertos-8.0.1/Source/list.o
                0x00000e24                vListInsert
 .text.uxListRemove
                0x00000e54       0x24 src/ASF/thirdparty/freertos/freertos-8.0.1/Source/list.o
                0x00000e54                uxListRemove
 .text.prvCopyDataToQueue
                0x00000e78       0x78 src/ASF/thirdparty/freertos/freertos-8.0.1/Source/queue.o
 .text.prvNotifyQueueSetContainer
                0x00000ef0       0x50 src/ASF/thirdparty/freertos/freertos-8.0.1/Source/queue.o
 .text.prvCopyDataFromQueue
                0x00000f40       0x28 src/ASF/thirdparty/freertos/freertos-8.0.1/Source/queue.o
 .text.prvUnlockQueue
                0x00000f68       0xa8 src/ASF/thirdparty/freertos/freertos-8.0.1/Source/queue.o
 .text.xQueueGenericReset
                0x00001010       0x78 src/ASF/thirdparty/freertos/freertos-8.0.1/Source/queue.o
                0x00001010                xQueueGenericReset
 .text.xQueueGenericCreate
                0x00001088       0x58 src/ASF/thirdparty/freertos/freertos-8.0.1/Source/queue.o
                0x00001088                xQueueGenericCreate
 .text.xQueueGenericSend
                0x000010e0      0x174 src/ASF/thirdparty/freertos/freertos-8.0.1/Source/queue.o
                0x000010e0                xQueueGenericSend
 .text.xQueueGenericSendFromISR
                0x00001254       0xd0 src/ASF/thirdparty/freertos/freertos-8.0.1/Source/queue.o
                0x00001254                xQueueGenericSendFromISR
 .text.xQueueGenericReceive
                0x00001324      0x18c src/ASF/thirdparty/freertos/freertos-8.0.1/Source/queue.o
                0x00001324                xQueueGenericReceive
 .text.vQueueWaitForMessageRestricted
                0x000014b0       0x4c src/ASF/thirdparty/freertos/freertos-8.0.1/Source/queue.o
                0x000014b0                vQueueWaitForMessageRestricted
 .text.prvResetNextTaskUnblockTime
                0x000014fc       0x2c src/ASF/thirdparty/freertos/freertos-8.0.1/Source/tasks.o
 .text.prvAddCurrentTaskToDelayedList
                0x00001528       0x58 src/ASF/thirdparty/freertos/freertos-8.0.1/Source/tasks.o
 .text.xTaskGenericCreate
                0x00001580      0x204 src/ASF/thirdparty/freertos/freertos-8.0.1/Source/tasks.o
                0x00001580                xTaskGenericCreate
 .text.vTaskStartScheduler
                0x00001784       0x60 src/ASF/thirdparty/freertos/freertos-8.0.1/Source/tasks.o
                0x00001784                vTaskStartScheduler
 .text.vTaskSuspendAll
                0x000017e4       0x10 src/ASF/thirdparty/freertos/freertos-8.0.1/Source/tasks.o
                0x000017e4                vTaskSuspendAll
 .text.xTaskGetTickCount
                0x000017f4       0x20 src/ASF/thirdparty/freertos/freertos-8.0.1/Source/tasks.o
                0x000017f4                xTaskGetTickCount
 .text.xTaskIncrementTick
                0x00001814      0x12c src/ASF/thirdparty/freertos/freertos-8.0.1/Source/tasks.o
                0x00001814                xTaskIncrementTick
 .text.xTaskResumeAll
                0x00001940       0xf8 src/ASF/thirdparty/freertos/freertos-8.0.1/Source/tasks.o
                0x00001940                xTaskResumeAll
 .text.vTaskDelay
                0x00001a38       0x5c src/ASF/thirdparty/freertos/freertos-8.0.1/Source/tasks.o
                0x00001a38                vTaskDelay
 .text.prvIdleTask
                0x00001a94       0x84 src/ASF/thirdparty/freertos/freertos-8.0.1/Source/tasks.o
 .text.vTaskSwitchContext
                0x00001b18       0x98 src/ASF/thirdparty/freertos/freertos-8.0.1/Source/tasks.o
                0x00001b18                vTaskSwitchContext
 .text.vTaskPlaceOnEventList
                0x00001bb0       0x58 src/ASF/thirdparty/freertos/freertos-8.0.1/Source/tasks.o
                0x00001bb0                vTaskPlaceOnEventList
 .text.vTaskPlaceOnEventListRestricted
                0x00001c08       0x40 src/ASF/thirdparty/freertos/freertos-8.0.1/Source/tasks.o
                0x00001c08                vTaskPlaceOnEventListRestricted
 .text.xTaskRemoveFromEventList
                0x00001c48       0x88 src/ASF/thirdparty/freertos/freertos-8.0.1/Source/tasks.o
                0x00001c48                xTaskRemoveFromEventList
 .text.vTaskSetTimeOutState
                0x00001cd0       0x20 src/ASF/thirdparty/freertos/freertos-8.0.1/Source/tasks.o
                0x00001cd0                vTaskSetTimeOutState
 .text.xTaskCheckForTimeOut
                0x00001cf0       0x70 src/ASF/thirdparty/freertos/freertos-8.0.1/Source/tasks.o
                0x00001cf0                xTaskCheckForTimeOut
 .text.vTaskMissedYield
                0x00001d60        0xc src/ASF/thirdparty/freertos/freertos-8.0.1/Source/tasks.o
                0x00001d60                vTaskMissedYield
 .text.xTaskGetCurrentTaskHandle
                0x00001d6c        0xc src/ASF/thirdparty/freertos/freertos-8.0.1/Source/tasks.o
                0x00001d6c                xTaskGetCurrentTaskHandle
 .text.xTaskGetSchedulerState
                0x00001d78       0x20 src/ASF/thirdparty/freertos/freertos-8.0.1/Source/tasks.o
                0x00001d78                xTaskGetSchedulerState
 .text.vTaskPriorityInherit
                0x00001d98       0x80 src/ASF/thirdparty/freertos/freertos-8.0.1/Source/tasks.o
                0x00001d98                vTaskPriorityInherit
 .text.vTaskPriorityDisinherit
                0x00001e18       0x54 src/ASF/thirdparty/freertos/freertos-8.0.1/Source/tasks.o
                0x00001e18                vTaskPriorityDisinherit
 .text.prvInsertTimerInActiveList
                0x00001e6c       0x48 src/ASF/thirdparty/freertos/freertos-8.0.1/Source/timers.o
 .text.prvCheckForValidListAndQueue
                0x00001eb4       0x68 src/ASF/thirdparty/freertos/freertos-8.0.1/Source/timers.o
 .text.xTimerCreateTimerTask
                0x00001f1c       0x48 src/ASF/thirdparty/freertos/freertos-8.0.1/Source/timers.o
                0x00001f1c                xTimerCreateTimerTask
 .text.xTimerGenericCommand
                0x00001f64       0x64 src/ASF/thirdparty/freertos/freertos-8.0.1/Source/timers.o
                0x00001f64                xTimerGenericCommand
 .text.prvSampleTimeNow
                0x00001fc8       0xbc src/ASF/thirdparty/freertos/freertos-8.0.1/Source/timers.o
 .text.prvTimerTask
                0x00002084      0x178 src/ASF/thirdparty/freertos/freertos-8.0.1/Source/timers.o
 .text.usart_init
                0x000021fc      0x308 src/ASF/sam0/drivers/sercom/usart/usart.o
                0x000021fc                usart_init
 .text.usart_write_wait
                0x00002504       0x2c src/ASF/sam0/drivers/sercom/usart/usart.o
                0x00002504                usart_write_wait
 .text.usart_read_wait
                0x00002530       0x78 src/ASF/sam0/drivers/sercom/usart/usart.o
                0x00002530                usart_read_wait
 .text._usart_interrupt_handler
                0x000025a8      0x19c src/ASF/sam0/drivers/sercom/usart/usart_interrupt.o
                0x000025a8                _usart_interrupt_handler
 .text._sercom_default_handler
                0x00002744        0x4 src/ASF/sam0/drivers/sercom/sercom_interrupt.o
 .text._sercom_set_handler
                0x00002748       0x3c src/ASF/sam0/drivers/sercom/sercom_interrupt.o
                0x00002748                _sercom_set_handler
 .text._sercom_get_interrupt_vector
                0x00002784       0x2c src/ASF/sam0/drivers/sercom/sercom_interrupt.o
                0x00002784                _sercom_get_interrupt_vector
 .text.SERCOM0_Handler
                0x000027b0       0x10 src/ASF/sam0/drivers/sercom/sercom_interrupt.o
                0x000027b0                SERCOM0_Handler
 .text.SERCOM1_Handler
                0x000027c0       0x10 src/ASF/sam0/drivers/sercom/sercom_interrupt.o
                0x000027c0                SERCOM1_Handler
 .text.SERCOM2_Handler
                0x000027d0       0x10 src/ASF/sam0/drivers/sercom/sercom_interrupt.o
                0x000027d0                SERCOM2_Handler
 .text.SERCOM3_Handler
                0x000027e0       0x10 src/ASF/sam0/drivers/sercom/sercom_interrupt.o
                0x000027e0                SERCOM3_Handler
 .text.SERCOM4_Handler
                0x000027f0       0x10 src/ASF/sam0/drivers/sercom/sercom_interrupt.o
                0x000027f0                SERCOM4_Handler
 .text.SERCOM5_Handler
                0x00002800       0x10 src/ASF/sam0/drivers/sercom/sercom_interrupt.o
                0x00002800                SERCOM5_Handler
 .text.extint_register_callback
                0x00002810       0x30 src/ASF/sam0/drivers/extint/extint_callback.o
                0x00002810                extint_register_callback
 .text.extint_chan_enable_callback
                0x00002840       0x20 src/ASF/sam0/drivers/extint/extint_callback.o
                0x00002840                extint_chan_enable_callback
 .text.EIC_Handler
                0x00002860       0x6c src/ASF/sam0/drivers/extint/extint_callback.o
                0x00002860                EIC_Handler
 .text.delay_init
                0x000028cc       0x3c src/ASF/common2/services/delay/sam0/systick_counter.o
                0x000028cc                delay_init
 .text.delay_cycles_ms
                0x00002908       0x2c src/ASF/common2/services/delay/sam0/systick_counter.o
                0x00002908                delay_cycles_ms
 .text.cpu_irq_enter_critical
                0x00002934       0x40 src/ASF/common/utils/interrupt/interrupt_sam_nvic.o
                0x00002934                cpu_irq_enter_critical
 .text.cpu_irq_leave_critical
                0x00002974       0x30 src/ASF/common/utils/interrupt/interrupt_sam_nvic.o
                0x00002974                cpu_irq_leave_critical
 .text.system_board_init
                0x000029a4       0x38 src/ASF/sam0/boards/samr21_xplained_pro/board_init.o
                0x000029a4                board_init
                0x000029a4                system_board_init
 .text.port_pin_set_config
                0x000029dc       0x24 src/ASF/sam0/drivers/port/port.o
                0x000029dc                port_pin_set_config
 .text.system_clock_source_get_hz
                0x00002a00       0x90 src/ASF/sam0/drivers/system/clock/clock_samd21_r21/clock.o
                0x00002a00                system_clock_source_get_hz
 .text.system_clock_source_osc8m_set_config
                0x00002a90       0x3c src/ASF/sam0/drivers/system/clock/clock_samd21_r21/clock.o
                0x00002a90                system_clock_source_osc8m_set_config
 .text.system_clock_source_enable
                0x00002acc       0xa0 src/ASF/sam0/drivers/system/clock/clock_samd21_r21/clock.o
                0x00002acc                system_clock_source_enable
 .text.system_clock_init
                0x00002b6c       0x94 src/ASF/sam0/drivers/system/clock/clock_samd21_r21/clock.o
                0x00002b6c                system_clock_init
 .text.system_gclk_init
                0x00002c00       0x24 src/ASF/sam0/drivers/system/clock/clock_samd21_r21/gclk.o
                0x00002c00                system_gclk_init
 .text.system_gclk_gen_set_config
                0x00002c24       0xb4 src/ASF/sam0/drivers/system/clock/clock_samd21_r21/gclk.o
                0x00002c24                system_gclk_gen_set_config
 .text.system_gclk_gen_enable
                0x00002cd8       0x44 src/ASF/sam0/drivers/system/clock/clock_samd21_r21/gclk.o
                0x00002cd8                system_gclk_gen_enable
 .text.system_gclk_gen_get_hz
                0x00002d1c       0x8c src/ASF/sam0/drivers/system/clock/clock_samd21_r21/gclk.o
                0x00002d1c                system_gclk_gen_get_hz
 .text.system_gclk_chan_enable
                0x00002da8       0x30 src/ASF/sam0/drivers/system/clock/clock_samd21_r21/gclk.o
                0x00002da8                system_gclk_chan_enable
 .text.system_gclk_chan_disable
                0x00002dd8       0x5c src/ASF/sam0/drivers/system/clock/clock_samd21_r21/gclk.o
                0x00002dd8                system_gclk_chan_disable
 .text.system_gclk_chan_set_config
                0x00002e34       0x1c src/ASF/sam0/drivers/system/clock/clock_samd21_r21/gclk.o
                0x00002e34                system_gclk_chan_set_config
 .text.system_gclk_chan_get_hz
                0x00002e50       0x34 src/ASF/sam0/drivers/system/clock/clock_samd21_r21/gclk.o
                0x00002e50                system_gclk_chan_get_hz
 .text._system_pinmux_config
                0x00002e84       0x8c src/ASF/sam0/drivers/system/pinmux/pinmux.o
 .text.system_pinmux_pin_set_config
                0x00002f10       0x2c src/ASF/sam0/drivers/system/pinmux/pinmux.o
                0x00002f10                system_pinmux_pin_set_config
 .text._system_dummy_init
                0x00002f3c        0x4 src/ASF/sam0/drivers/system/system.o
                0x00002f3c                _system_dummy_init
                0x00002f3c                _system_events_init
 .text.system_init
                0x00002f40       0x24 src/ASF/sam0/drivers/system/system.o
                0x00002f40                system_init
 .text.Dummy_Handler
                0x00002f64        0x4 src/ASF/sam0/utils/cmsis/samr21/source/gcc/startup_samr21.o
                0x00002f64                DMAC_Handler
                0x00002f64                HardFault_Handler
                0x00002f64                AC_Handler
                0x00002f64                NMI_Handler
                0x00002f64                TCC1_Handler
                0x00002f64                TCC0_Handler
                0x00002f64                RTC_Handler
                0x00002f64                WDT_Handler
                0x00002f64                TC4_Handler
                0x00002f64                USB_Handler
                0x00002f64                TC3_Handler
                0x00002f64                Dummy_Handler
                0x00002f64                PM_Handler
                0x00002f64                TCC2_Handler
                0x00002f64                EVSYS_Handler
                0x00002f64                I2S_Handler
                0x00002f64                NVMCTRL_Handler
                0x00002f64                PTC_Handler
                0x00002f64                TC5_Handler
                0x00002f64                SYSCTRL_Handler
 .text.Reset_Handler
                0x00002f68       0xa0 src/ASF/sam0/utils/cmsis/samr21/source/gcc/startup_samr21.o
                0x00002f68                Reset_Handler
 .text._sbrk    0x00003008       0x24 src/ASF/sam0/utils/syscalls/gcc/syscalls.o
                0x00003008                _sbrk
 .text._close   0x0000302c        0x8 src/ASF/sam0/utils/syscalls/gcc/syscalls.o
                0x0000302c                _close
 .text._fstat   0x00003034        0xc src/ASF/sam0/utils/syscalls/gcc/syscalls.o
                0x00003034                _fstat
 .text._isatty  0x00003040        0x4 src/ASF/sam0/utils/syscalls/gcc/syscalls.o
                0x00003040                _isatty
 .text._lseek   0x00003044        0x4 src/ASF/sam0/utils/syscalls/gcc/syscalls.o
                0x00003044                _lseek
 .text.read_temp_task
                0x00003048       0x1c src/main.o
 .text.extint_callback
                0x00003064       0x4c src/main.o
 .text.updateDisplay
                0x000030b0      0x108 src/main.o
 .text.cycle_room_task
                0x000031b8       0x58 src/main.o
 .text.lcd_task
                0x00003210       0x18 src/main.o
 .text.usart_serial_getchar
                0x00003228       0x2c src/main.o
 .text.usart_serial_putchar
                0x00003254       0x18 src/main.o
 .text.open_register
                0x0000326c       0x28 src/main.o
                0x0000326c                open_register
 .text.close_register
                0x00003294       0x28 src/main.o
                0x00003294                close_register
 .text.update_register_task
                0x000032bc       0xf8 src/main.o
 .text.configure_adc
                0x000033b4       0x68 src/main.o
                0x000033b4                configure_adc
 .text.pin_init
                0x0000341c       0x3c src/main.o
                0x0000341c                pin_init
 .text.main     0x00003458      0x224 src/main.o
                0x00003458                main
 .text          0x0000367c       0x9c c:/program files (x86)/atmel/atmel toolchain/arm gcc/native/4.8.1443/arm-gnu-toolchain/bin/../lib/gcc/arm-none-eabi/4.8.4/armv6-m\libgcc.a(_udivsi3.o)
                0x0000367c                __aeabi_uidiv
                0x0000367c                __udivsi3
                0x00003704                __aeabi_uidivmod
 .text          0x00003718        0x4 c:/program files (x86)/atmel/atmel toolchain/arm gcc/native/4.8.1443/arm-gnu-toolchain/bin/../lib/gcc/arm-none-eabi/4.8.4/armv6-m\libgcc.a(_dvmd_tls.o)
                0x00003718                __aeabi_idiv0
                0x00003718                __aeabi_ldiv0
 .text          0x0000371c       0x44 c:/program files (x86)/atmel/atmel toolchain/arm gcc/native/4.8.1443/arm-gnu-toolchain/bin/../lib/gcc/arm-none-eabi/4.8.4/armv6-m\libgcc.a(_muldi3.o)
                0x0000371c                __muldi3
                0x0000371c                __aeabi_lmul
 .text.__libc_init_array
                0x00003760       0x4c c:/program files (x86)/atmel/atmel toolchain/arm gcc/native/4.8.1443/arm-gnu-toolchain/bin/../lib/gcc/arm-none-eabi/4.8.4/../../../../arm-none-eabi/lib/armv6-m\libc_s.a(lib_a-init.o)
                0x00003760                __libc_init_array
 .text.memcpy   0x000037ac       0x12 c:/program files (x86)/atmel/atmel toolchain/arm gcc/native/4.8.1443/arm-gnu-toolchain/bin/../lib/gcc/arm-none-eabi/4.8.4/../../../../arm-none-eabi/lib/armv6-m\libc_s.a(lib_a-memcpy-stub.o)
                0x000037ac                memcpy
 .text.memset   0x000037be       0x10 c:/program files (x86)/atmel/atmel toolchain/arm gcc/native/4.8.1443/arm-gnu-toolchain/bin/../lib/gcc/arm-none-eabi/4.8.4/../../../../arm-none-eabi/lib/armv6-m\libc_s.a(lib_a-memset.o)
                0x000037be                memset
 *fill*         0x000037ce        0x2 
 .text.printf   0x000037d0       0x34 c:/program files (x86)/atmel/atmel toolchain/arm gcc/native/4.8.1443/arm-gnu-toolchain/bin/../lib/gcc/arm-none-eabi/4.8.4/../../../../arm-none-eabi/lib/armv6-m\libc_s.a(lib_a-printf.o)
                0x000037d0                iprintf
                0x000037d0                printf
 .text.setbuf   0x00003804       0x12 c:/program files (x86)/atmel/atmel toolchain/arm gcc/native/4.8.1443/arm-gnu-toolchain/bin/../lib/gcc/arm-none-eabi/4.8.4/../../../../arm-none-eabi/lib/armv6-m\libc_s.a(lib_a-setbuf.o)
                0x00003804                setbuf
 *fill*         0x00003816        0x2 
 .text.setvbuf  0x00003818      0x10c c:/program files (x86)/atmel/atmel toolchain/arm gcc/native/4.8.1443/arm-gnu-toolchain/bin/../lib/gcc/arm-none-eabi/4.8.4/../../../../arm-none-eabi/lib/armv6-m\libc_s.a(lib_a-setvbuf.o)
                0x00003818                setvbuf
 .text          0x00003924       0x14 c:/program files (x86)/atmel/atmel toolchain/arm gcc/native/4.8.1443/arm-gnu-toolchain/bin/../lib/gcc/arm-none-eabi/4.8.4/../../../../arm-none-eabi/lib/armv6-m\libc_s.a(lib_a-strcmp.o)
                0x00003924                strcmp
 .text.__sfputc_r
                0x00003938       0x2a c:/program files (x86)/atmel/atmel toolchain/arm gcc/native/4.8.1443/arm-gnu-toolchain/bin/../lib/gcc/arm-none-eabi/4.8.4/../../../../arm-none-eabi/lib/armv6-m\libc_s.a(lib_a-vfprintf.o)
 .text.__sfputs_r
                0x00003962       0x24 c:/program files (x86)/atmel/atmel toolchain/arm gcc/native/4.8.1443/arm-gnu-toolchain/bin/../lib/gcc/arm-none-eabi/4.8.4/../../../../arm-none-eabi/lib/armv6-m\libc_s.a(lib_a-vfprintf.o)
                0x00003962                __sfputs_r
 *fill*         0x00003986        0x2 
 .text._vfprintf_r
                0x00003988      0x210 c:/program files (x86)/atmel/atmel toolchain/arm gcc/native/4.8.1443/arm-gnu-toolchain/bin/../lib/gcc/arm-none-eabi/4.8.4/../../../../arm-none-eabi/lib/armv6-m\libc_s.a(lib_a-vfprintf.o)
                0x00003988                _vfprintf_r
                0x00003988                _vfiprintf_r
 .text._printf_common
                0x00003b98       0xe8 c:/program files (x86)/atmel/atmel toolchain/arm gcc/native/4.8.1443/arm-gnu-toolchain/bin/../lib/gcc/arm-none-eabi/4.8.4/../../../../arm-none-eabi/lib/armv6-m\libc_s.a(lib_a-vfprintf_i.o)
                0x00003b98                _printf_common
 .text._printf_i
                0x00003c80      0x22c c:/program files (x86)/atmel/atmel toolchain/arm gcc/native/4.8.1443/arm-gnu-toolchain/bin/../lib/gcc/arm-none-eabi/4.8.4/../../../../arm-none-eabi/lib/armv6-m\libc_s.a(lib_a-vfprintf_i.o)
                0x00003c80                _printf_i
 .text.__swbuf_r
                0x00003eac       0xb0 c:/program files (x86)/atmel/atmel toolchain/arm gcc/native/4.8.1443/arm-gnu-toolchain/bin/../lib/gcc/arm-none-eabi/4.8.4/../../../../arm-none-eabi/lib/armv6-m\libc_s.a(lib_a-wbuf.o)
                0x00003eac                __swbuf_r
 .text.__swsetup_r
                0x00003f5c       0xe4 c:/program files (x86)/atmel/atmel toolchain/arm gcc/native/4.8.1443/arm-gnu-toolchain/bin/../lib/gcc/arm-none-eabi/4.8.4/../../../../arm-none-eabi/lib/armv6-m\libc_s.a(lib_a-wsetup.o)
                0x00003f5c                __swsetup_r
 .text.__sflush_r
                0x00004040      0x112 c:/program files (x86)/atmel/atmel toolchain/arm gcc/native/4.8.1443/arm-gnu-toolchain/bin/../lib/gcc/arm-none-eabi/4.8.4/../../../../arm-none-eabi/lib/armv6-m\libc_s.a(lib_a-fflush.o)
                0x00004040                __sflush_r
 *fill*         0x00004152        0x2 
 .text._fflush_r
                0x00004154       0x58 c:/program files (x86)/atmel/atmel toolchain/arm gcc/native/4.8.1443/arm-gnu-toolchain/bin/../lib/gcc/arm-none-eabi/4.8.4/../../../../arm-none-eabi/lib/armv6-m\libc_s.a(lib_a-fflush.o)
                0x00004154                _fflush_r
 .text._cleanup_r
                0x000041ac       0x34 c:/program files (x86)/atmel/atmel toolchain/arm gcc/native/4.8.1443/arm-gnu-toolchain/bin/../lib/gcc/arm-none-eabi/4.8.4/../../../../arm-none-eabi/lib/armv6-m\libc_s.a(lib_a-findfp.o)
                0x000041ac                _cleanup_r
 .text.std.isra.0
                0x000041e0       0x48 c:/program files (x86)/atmel/atmel toolchain/arm gcc/native/4.8.1443/arm-gnu-toolchain/bin/../lib/gcc/arm-none-eabi/4.8.4/../../../../arm-none-eabi/lib/armv6-m\libc_s.a(lib_a-findfp.o)
 .text.__sfmoreglue
                0x00004228       0x2c c:/program files (x86)/atmel/atmel toolchain/arm gcc/native/4.8.1443/arm-gnu-toolchain/bin/../lib/gcc/arm-none-eabi/4.8.4/../../../../arm-none-eabi/lib/armv6-m\libc_s.a(lib_a-findfp.o)
                0x00004228                __sfmoreglue
 .text.__sinit  0x00004254       0x64 c:/program files (x86)/atmel/atmel toolchain/arm gcc/native/4.8.1443/arm-gnu-toolchain/bin/../lib/gcc/arm-none-eabi/4.8.4/../../../../arm-none-eabi/lib/armv6-m\libc_s.a(lib_a-findfp.o)
                0x00004254                __sinit
 .text.__sfp    0x000042b8       0x7c c:/program files (x86)/atmel/atmel toolchain/arm gcc/native/4.8.1443/arm-gnu-toolchain/bin/../lib/gcc/arm-none-eabi/4.8.4/../../../../arm-none-eabi/lib/armv6-m\libc_s.a(lib_a-findfp.o)
                0x000042b8                __sfp
 .text.__smakebuf_r
                0x00004334       0xa0 c:/program files (x86)/atmel/atmel toolchain/arm gcc/native/4.8.1443/arm-gnu-toolchain/bin/../lib/gcc/arm-none-eabi/4.8.4/../../../../arm-none-eabi/lib/armv6-m\libc_s.a(lib_a-makebuf.o)
                0x00004334                __smakebuf_r
 .text.malloc   0x000043d4       0x14 c:/program files (x86)/atmel/atmel toolchain/arm gcc/native/4.8.1443/arm-gnu-toolchain/bin/../lib/gcc/arm-none-eabi/4.8.4/../../../../arm-none-eabi/lib/armv6-m\libc_s.a(lib_a-malloc.o)
                0x000043d4                malloc
 .text.memchr   0x000043e8       0x16 c:/program files (x86)/atmel/atmel toolchain/arm gcc/native/4.8.1443/arm-gnu-toolchain/bin/../lib/gcc/arm-none-eabi/4.8.4/../../../../arm-none-eabi/lib/armv6-m\libc_s.a(lib_a-memchr-stub.o)
                0x000043e8                memchr
 *fill*         0x000043fe        0x2 
 .text._free_r  0x00004400       0x90 c:/program files (x86)/atmel/atmel toolchain/arm gcc/native/4.8.1443/arm-gnu-toolchain/bin/../lib/gcc/arm-none-eabi/4.8.4/../../../../arm-none-eabi/lib/armv6-m\libc_s.a(lib_a-nano-freer.o)
                0x00004400                _free_r
 .text._malloc_r
                0x00004490       0xa8 c:/program files (x86)/atmel/atmel toolchain/arm gcc/native/4.8.1443/arm-gnu-toolchain/bin/../lib/gcc/arm-none-eabi/4.8.4/../../../../arm-none-eabi/lib/armv6-m\libc_s.a(lib_a-nano-mallocr.o)
                0x00004490                _malloc_r
 .text._sbrk_r  0x00004538       0x24 c:/program files (x86)/atmel/atmel toolchain/arm gcc/native/4.8.1443/arm-gnu-toolchain/bin/../lib/gcc/arm-none-eabi/4.8.4/../../../../arm-none-eabi/lib/armv6-m\libc_s.a(lib_a-sbrkr.o)
                0x00004538                _sbrk_r
 .text.__sread  0x0000455c       0x28 c:/program files (x86)/atmel/atmel toolchain/arm gcc/native/4.8.1443/arm-gnu-toolchain/bin/../lib/gcc/arm-none-eabi/4.8.4/../../../../arm-none-eabi/lib/armv6-m\libc_s.a(lib_a-stdio.o)
                0x0000455c                __sread
 .text.__swrite
                0x00004584       0x38 c:/program files (x86)/atmel/atmel toolchain/arm gcc/native/4.8.1443/arm-gnu-toolchain/bin/../lib/gcc/arm-none-eabi/4.8.4/../../../../arm-none-eabi/lib/armv6-m\libc_s.a(lib_a-stdio.o)
                0x00004584                __swrite
 .text.__sseek  0x000045bc       0x2c c:/program files (x86)/atmel/atmel toolchain/arm gcc/native/4.8.1443/arm-gnu-toolchain/bin/../lib/gcc/arm-none-eabi/4.8.4/../../../../arm-none-eabi/lib/armv6-m\libc_s.a(lib_a-stdio.o)
                0x000045bc                __sseek
 .text.__sclose
                0x000045e8        0xc c:/program files (x86)/atmel/atmel toolchain/arm gcc/native/4.8.1443/arm-gnu-toolchain/bin/../lib/gcc/arm-none-eabi/4.8.4/../../../../arm-none-eabi/lib/armv6-m\libc_s.a(lib_a-stdio.o)
                0x000045e8                __sclose
 .text.strlen   0x000045f4        0xe c:/program files (x86)/atmel/atmel toolchain/arm gcc/native/4.8.1443/arm-gnu-toolchain/bin/../lib/gcc/arm-none-eabi/4.8.4/../../../../arm-none-eabi/lib/armv6-m\libc_s.a(lib_a-strlen.o)
                0x000045f4                strlen
 *fill*         0x00004602        0x2 
 .text._write_r
                0x00004604       0x28 c:/program files (x86)/atmel/atmel toolchain/arm gcc/native/4.8.1443/arm-gnu-toolchain/bin/../lib/gcc/arm-none-eabi/4.8.4/../../../../arm-none-eabi/lib/armv6-m\libc_s.a(lib_a-writer.o)
                0x00004604                _write_r
 .text._close_r
                0x0000462c       0x24 c:/program files (x86)/atmel/atmel toolchain/arm gcc/native/4.8.1443/arm-gnu-toolchain/bin/../lib/gcc/arm-none-eabi/4.8.4/../../../../arm-none-eabi/lib/armv6-m\libc_s.a(lib_a-closer.o)
                0x0000462c                _close_r
 .text._fstat_r
                0x00004650       0x24 c:/program files (x86)/atmel/atmel toolchain/arm gcc/native/4.8.1443/arm-gnu-toolchain/bin/../lib/gcc/arm-none-eabi/4.8.4/../../../../arm-none-eabi/lib/armv6-m\libc_s.a(lib_a-fstatr.o)
                0x00004650                _fstat_r
 .text._isatty_r
                0x00004674       0x24 c:/program files (x86)/atmel/atmel toolchain/arm gcc/native/4.8.1443/arm-gnu-toolchain/bin/../lib/gcc/arm-none-eabi/4.8.4/../../../../arm-none-eabi/lib/armv6-m\libc_s.a(lib_a-isattyr.o)
                0x00004674                _isatty_r
 .text._lseek_r
                0x00004698       0x28 c:/program files (x86)/atmel/atmel toolchain/arm gcc/native/4.8.1443/arm-gnu-toolchain/bin/../lib/gcc/arm-none-eabi/4.8.4/../../../../arm-none-eabi/lib/armv6-m\libc_s.a(lib_a-lseekr.o)
                0x00004698                _lseek_r
 .text._read_r  0x000046c0       0x28 c:/program files (x86)/atmel/atmel toolchain/arm gcc/native/4.8.1443/arm-gnu-toolchain/bin/../lib/gcc/arm-none-eabi/4.8.4/../../../../arm-none-eabi/lib/armv6-m\libc_s.a(lib_a-readr.o)
                0x000046c0                _read_r
 *(.glue_7t)
 .glue_7t       0x00000000        0x0 linker stubs
 *(.glue_7)
 .glue_7        0x00000000        0x0 linker stubs
 *(.rodata .rodata* .gnu.linkonce.r.*)
 .rodata.adc_init
                0x000046e8       0xd4 src/ASF/sam0/drivers/adc/adc_sam_d_r/adc.o
 .rodata        0x000047bc       0x50 src/ASF/sam0/drivers/adc/adc_sam_d_r/adc.o
 .rodata        0x0000480c       0x18 src/ASF/sam0/drivers/sercom/sercom.o
 .rodata.str1.4
                0x00004824        0x5 src/ASF/thirdparty/freertos/freertos-8.0.1/Source/tasks.o
                                  0x8 (size before relaxing)
 *fill*         0x00004829        0x3 
 .rodata.prvTimerTask
                0x0000482c       0x28 src/ASF/thirdparty/freertos/freertos-8.0.1/Source/timers.o
 .rodata.str1.4
                0x00004854        0x8 src/ASF/thirdparty/freertos/freertos-8.0.1/Source/timers.o
 .rodata        0x0000485c        0x8 src/ASF/sam0/drivers/sercom/sercom_interrupt.o
 .rodata.system_clock_source_get_hz
                0x00004864       0x24 src/ASF/sam0/drivers/system/clock/clock_samd21_r21/clock.o
 .rodata.system_clock_source_enable
                0x00004888       0x24 src/ASF/sam0/drivers/system/clock/clock_samd21_r21/clock.o
 .rodata.str1.4
                0x000048ac       0x78 src/main.o
 .rodata.str1.1
                0x00004924        0x2 c:/program files (x86)/atmel/atmel toolchain/arm gcc/native/4.8.1443/arm-gnu-toolchain/bin/../lib/gcc/arm-none-eabi/4.8.4/../../../../arm-none-eabi/lib/armv6-m\libc_s.a(lib_a-impure.o)
 *fill*         0x00004926        0x2 
 .rodata._global_impure_ptr
                0x00004928        0x4 c:/program files (x86)/atmel/atmel toolchain/arm gcc/native/4.8.1443/arm-gnu-toolchain/bin/../lib/gcc/arm-none-eabi/4.8.4/../../../../arm-none-eabi/lib/armv6-m\libc_s.a(lib_a-impure.o)
                0x00004928                _global_impure_ptr
 .rodata.str1.1
                0x0000492c       0x11 c:/program files (x86)/atmel/atmel toolchain/arm gcc/native/4.8.1443/arm-gnu-toolchain/bin/../lib/gcc/arm-none-eabi/4.8.4/../../../../arm-none-eabi/lib/armv6-m\libc_s.a(lib_a-vfprintf.o)
 .rodata.str1.1
                0x0000493d       0x22 c:/program files (x86)/atmel/atmel toolchain/arm gcc/native/4.8.1443/arm-gnu-toolchain/bin/../lib/gcc/arm-none-eabi/4.8.4/../../../../arm-none-eabi/lib/armv6-m\libc_s.a(lib_a-vfprintf_i.o)
 *fill*         0x0000495f        0x1 
 .rodata.__sf_fake_stdin
                0x00004960       0x20 c:/program files (x86)/atmel/atmel toolchain/arm gcc/native/4.8.1443/arm-gnu-toolchain/bin/../lib/gcc/arm-none-eabi/4.8.4/../../../../arm-none-eabi/lib/armv6-m\libc_s.a(lib_a-findfp.o)
                0x00004960                __sf_fake_stdin
 .rodata.__sf_fake_stdout
                0x00004980       0x20 c:/program files (x86)/atmel/atmel toolchain/arm gcc/native/4.8.1443/arm-gnu-toolchain/bin/../lib/gcc/arm-none-eabi/4.8.4/../../../../arm-none-eabi/lib/armv6-m\libc_s.a(lib_a-findfp.o)
                0x00004980                __sf_fake_stdout
 .rodata.__sf_fake_stderr
                0x000049a0       0x20 c:/program files (x86)/atmel/atmel toolchain/arm gcc/native/4.8.1443/arm-gnu-toolchain/bin/../lib/gcc/arm-none-eabi/4.8.4/../../../../arm-none-eabi/lib/armv6-m\libc_s.a(lib_a-findfp.o)
                0x000049a0                __sf_fake_stderr
 *(.ARM.extab* .gnu.linkonce.armextab.*)
                0x000049c0                . = ALIGN (0x4)
 *(.init)
 .init          0x000049c0        0x4 c:/program files (x86)/atmel/atmel toolchain/arm gcc/native/4.8.1443/arm-gnu-toolchain/bin/../lib/gcc/arm-none-eabi/4.8.4/armv6-m/crti.o
                0x000049c0                _init
 .init          0x000049c4        0x8 c:/program files (x86)/atmel/atmel toolchain/arm gcc/native/4.8.1443/arm-gnu-toolchain/bin/../lib/gcc/arm-none-eabi/4.8.4/armv6-m/crtn.o
                0x000049cc                . = ALIGN (0x4)
                0x000049cc                __preinit_array_start = .
 *(.preinit_array)
                0x000049cc                __preinit_array_end = .
                0x000049cc                . = ALIGN (0x4)
                0x000049cc                __init_array_start = .
 *(SORT(.init_array.*))
 *(.init_array)
 .init_array    0x000049cc        0x4 c:/program files (x86)/atmel/atmel toolchain/arm gcc/native/4.8.1443/arm-gnu-toolchain/bin/../lib/gcc/arm-none-eabi/4.8.4/armv6-m/crtbegin.o
                0x000049d0                __init_array_end = .
                0x000049d0                . = ALIGN (0x4)
 *crtbegin.o(.ctors)
 *(EXCLUDE_FILE(*crtend.o) .ctors)
 *(SORT(.ctors.*))
 *crtend.o(.ctors)
                0x000049d0                . = ALIGN (0x4)
 *(.fini)
 .fini          0x000049d0        0x4 c:/program files (x86)/atmel/atmel toolchain/arm gcc/native/4.8.1443/arm-gnu-toolchain/bin/../lib/gcc/arm-none-eabi/4.8.4/armv6-m/crti.o
                0x000049d0                _fini
 .fini          0x000049d4        0x8 c:/program files (x86)/atmel/atmel toolchain/arm gcc/native/4.8.1443/arm-gnu-toolchain/bin/../lib/gcc/arm-none-eabi/4.8.4/armv6-m/crtn.o
                0x000049dc                . = ALIGN (0x4)
                0x000049dc                __fini_array_start = .
 *(.fini_array)
 .fini_array    0x000049dc        0x4 c:/program files (x86)/atmel/atmel toolchain/arm gcc/native/4.8.1443/arm-gnu-toolchain/bin/../lib/gcc/arm-none-eabi/4.8.4/armv6-m/crtbegin.o
 *(SORT(.fini_array.*))
                0x000049e0                __fini_array_end = .
 *crtbegin.o(.dtors)
 *(EXCLUDE_FILE(*crtend.o) .dtors)
 *(SORT(.dtors.*))
 *crtend.o(.dtors)
                0x000049e0                . = ALIGN (0x4)
                0x000049e0                _efixed = .
                0x000049e0                PROVIDE (__exidx_start, .)

.vfp11_veneer   0x000049e0        0x0
 .vfp11_veneer  0x00000000        0x0 linker stubs

.v4_bx          0x000049e0        0x0
 .v4_bx         0x00000000        0x0 linker stubs

.iplt           0x000049e0        0x0
 .iplt          0x00000000        0x0 c:/program files (x86)/atmel/atmel toolchain/arm gcc/native/4.8.1443/arm-gnu-toolchain/bin/../lib/gcc/arm-none-eabi/4.8.4/armv6-m/crtbegin.o

.eh_frame       0x000049e0        0x0
 .eh_frame      0x000049e0        0x0 c:/program files (x86)/atmel/atmel toolchain/arm gcc/native/4.8.1443/arm-gnu-toolchain/bin/../lib/gcc/arm-none-eabi/4.8.4/armv6-m/crtbegin.o

.rel.dyn        0x000049e0        0x0
 .rel.iplt      0x00000000        0x0 c:/program files (x86)/atmel/atmel toolchain/arm gcc/native/4.8.1443/arm-gnu-toolchain/bin/../lib/gcc/arm-none-eabi/4.8.4/armv6-m/crtbegin.o

.jcr            0x000049e0        0x0
 .jcr           0x000049e0        0x0 c:/program files (x86)/atmel/atmel toolchain/arm gcc/native/4.8.1443/arm-gnu-toolchain/bin/../lib/gcc/arm-none-eabi/4.8.4/armv6-m/crtbegin.o

.igot.plt       0x000049e0        0x0
 .igot.plt      0x00000000        0x0 c:/program files (x86)/atmel/atmel toolchain/arm gcc/native/4.8.1443/arm-gnu-toolchain/bin/../lib/gcc/arm-none-eabi/4.8.4/armv6-m/crtbegin.o

.ARM.exidx
 *(.ARM.exidx* .gnu.linkonce.armexidx.*)
                0x000049e0                PROVIDE (__exidx_end, .)
                0x000049e0                . = ALIGN (0x4)
                0x000049e0                _etext = .

.relocate       0x20000000       0x90 load address 0x000049e0
                0x20000000                . = ALIGN (0x4)
                0x20000000                _srelocate = .
 *(.ramfunc .ramfunc.*)
 *(.data .data.*)
 .data.uxCriticalNesting
                0x20000000        0x4 src/ASF/thirdparty/freertos/freertos-8.0.1/Source/portable/GCC/ARM_CM0/port.o
 .data.xNextTaskUnblockTime
                0x20000004        0x4 src/ASF/thirdparty/freertos/freertos-8.0.1/Source/tasks.o
 .data.cycles_per_us
                0x20000008        0x4 src/ASF/common2/services/delay/sam0/systick_counter.o
 .data.cycles_per_ms
                0x2000000c        0x4 src/ASF/common2/services/delay/sam0/systick_counter.o
 .data.g_interrupt_enabled
                0x20000010        0x1 src/ASF/common/utils/interrupt/interrupt_sam_nvic.o
                0x20000010                g_interrupt_enabled
 *fill*         0x20000011        0x3 
 .data.targetTemp
                0x20000014        0x4 src/main.o
                0x20000014                targetTemp
 .data.ventStatus
                0x20000018        0x1 src/main.o
                0x20000018                ventStatus
 *fill*         0x20000019        0x3 
 .data.mode     0x2000001c        0x4 src/main.o
                0x2000001c                mode
 .data.roomTemp
                0x20000020        0x4 src/main.o
                0x20000020                roomTemp
 .data.roomSelection
                0x20000024        0x4 src/main.o
                0x20000024                roomSelection
 .data.degree   0x20000028        0x1 src/main.o
                0x20000028                degree
 *fill*         0x20000029        0x3 
 .data.impure_data
                0x2000002c       0x60 c:/program files (x86)/atmel/atmel toolchain/arm gcc/native/4.8.1443/arm-gnu-toolchain/bin/../lib/gcc/arm-none-eabi/4.8.4/../../../../arm-none-eabi/lib/armv6-m\libc_s.a(lib_a-impure.o)
 .data._impure_ptr
                0x2000008c        0x4 c:/program files (x86)/atmel/atmel toolchain/arm gcc/native/4.8.1443/arm-gnu-toolchain/bin/../lib/gcc/arm-none-eabi/4.8.4/../../../../arm-none-eabi/lib/armv6-m\libc_s.a(lib_a-impure.o)
                0x2000008c                _impure_ptr
                0x20000090                . = ALIGN (0x4)
                0x20000090                _erelocate = .

.bss            0x20000090     0x3f28 load address 0x00004a70
                0x20000090                . = ALIGN (0x4)
                0x20000090                _sbss = .
                0x20000090                _szero = .
 *(.bss .bss.*)
 .bss           0x20000090       0x1c c:/program files (x86)/atmel/atmel toolchain/arm gcc/native/4.8.1443/arm-gnu-toolchain/bin/../lib/gcc/arm-none-eabi/4.8.4/armv6-m/crtbegin.o
 .bss._sercom_config
                0x200000ac        0x4 src/ASF/sam0/drivers/sercom/sercom.o
 .bss.xNextFreeByte
                0x200000b0        0x4 src/ASF/thirdparty/freertos/freertos-8.0.1/Source/portable/MemMang/heap_1.o
 .bss.ucHeap    0x200000b4     0x3a98 src/ASF/thirdparty/freertos/freertos-8.0.1/Source/portable/MemMang/heap_1.o
 .bss.pucAlignedHeap.4890
                0x20003b4c        0x4 src/ASF/thirdparty/freertos/freertos-8.0.1/Source/portable/MemMang/heap_1.o
 .bss.xNumOfOverflows
                0x20003b50        0x4 src/ASF/thirdparty/freertos/freertos-8.0.1/Source/tasks.o
 .bss.pxDelayedTaskList
                0x20003b54        0x4 src/ASF/thirdparty/freertos/freertos-8.0.1/Source/tasks.o
 .bss.xSchedulerRunning
                0x20003b58        0x4 src/ASF/thirdparty/freertos/freertos-8.0.1/Source/tasks.o
 .bss.uxTasksDeleted
                0x20003b5c        0x4 src/ASF/thirdparty/freertos/freertos-8.0.1/Source/tasks.o
 .bss.xDelayedTaskList1
                0x20003b60       0x14 src/ASF/thirdparty/freertos/freertos-8.0.1/Source/tasks.o
 .bss.xDelayedTaskList2
                0x20003b74       0x14 src/ASF/thirdparty/freertos/freertos-8.0.1/Source/tasks.o
 .bss.uxPendedTicks
                0x20003b88        0x4 src/ASF/thirdparty/freertos/freertos-8.0.1/Source/tasks.o
 .bss.pxReadyTasksLists
                0x20003b8c       0xa0 src/ASF/thirdparty/freertos/freertos-8.0.1/Source/tasks.o
 .bss.xTasksWaitingTermination
                0x20003c2c       0x14 src/ASF/thirdparty/freertos/freertos-8.0.1/Source/tasks.o
 .bss.pxCurrentTCB
                0x20003c40        0x4 src/ASF/thirdparty/freertos/freertos-8.0.1/Source/tasks.o
                0x20003c40                pxCurrentTCB
 .bss.xPendingReadyList
                0x20003c44       0x14 src/ASF/thirdparty/freertos/freertos-8.0.1/Source/tasks.o
 .bss.uxSchedulerSuspended
                0x20003c58        0x4 src/ASF/thirdparty/freertos/freertos-8.0.1/Source/tasks.o
 .bss.xTickCount
                0x20003c5c        0x4 src/ASF/thirdparty/freertos/freertos-8.0.1/Source/tasks.o
 .bss.pxOverflowDelayedTaskList
                0x20003c60        0x4 src/ASF/thirdparty/freertos/freertos-8.0.1/Source/tasks.o
 .bss.uxTaskNumber
                0x20003c64        0x4 src/ASF/thirdparty/freertos/freertos-8.0.1/Source/tasks.o
 .bss.uxCurrentNumberOfTasks
                0x20003c68        0x4 src/ASF/thirdparty/freertos/freertos-8.0.1/Source/tasks.o
 .bss.xSuspendedTaskList
                0x20003c6c       0x14 src/ASF/thirdparty/freertos/freertos-8.0.1/Source/tasks.o
 .bss.uxTopReadyPriority
                0x20003c80        0x4 src/ASF/thirdparty/freertos/freertos-8.0.1/Source/tasks.o
 .bss.xYieldPending
                0x20003c84        0x4 src/ASF/thirdparty/freertos/freertos-8.0.1/Source/tasks.o
 .bss.pxCurrentTimerList
                0x20003c88        0x4 src/ASF/thirdparty/freertos/freertos-8.0.1/Source/timers.o
 .bss.xActiveTimerList1
                0x20003c8c       0x14 src/ASF/thirdparty/freertos/freertos-8.0.1/Source/timers.o
 .bss.xActiveTimerList2
                0x20003ca0       0x14 src/ASF/thirdparty/freertos/freertos-8.0.1/Source/timers.o
 .bss.xLastTime.5134
                0x20003cb4        0x4 src/ASF/thirdparty/freertos/freertos-8.0.1/Source/timers.o
 .bss.xTimerQueue
                0x20003cb8        0x4 src/ASF/thirdparty/freertos/freertos-8.0.1/Source/timers.o
 .bss.pxOverflowTimerList
                0x20003cbc        0x4 src/ASF/thirdparty/freertos/freertos-8.0.1/Source/timers.o
 .bss._handler_table_initialized
                0x20003cc0        0x1 src/ASF/sam0/drivers/sercom/sercom_interrupt.o
 *fill*         0x20003cc1        0x3 
 .bss._sercom_interrupt_handlers
                0x20003cc4       0x18 src/ASF/sam0/drivers/sercom/sercom_interrupt.o
 .bss.cpu_irq_critical_section_counter
                0x20003cdc        0x4 src/ASF/common/utils/interrupt/interrupt_sam_nvic.o
 .bss.cpu_irq_prev_interrupt_state
                0x20003ce0        0x1 src/ASF/common/utils/interrupt/interrupt_sam_nvic.o
 *fill*         0x20003ce1        0x3 
 .bss._system_clock_inst
                0x20003ce4       0x18 src/ASF/sam0/drivers/system/clock/clock_samd21_r21/clock.o
 .bss.heap.5097
                0x20003cfc        0x4 src/ASF/sam0/utils/syscalls/gcc/syscalls.o
 .bss.numberOfRooms
                0x20003d00        0x4 src/main.o
                0x20003d00                numberOfRooms
 .bss.cdc_uart_module
                0x20003d04       0x34 src/main.o
 .bss.__malloc_sbrk_start
                0x20003d38        0x4 c:/program files (x86)/atmel/atmel toolchain/arm gcc/native/4.8.1443/arm-gnu-toolchain/bin/../lib/gcc/arm-none-eabi/4.8.4/../../../../arm-none-eabi/lib/armv6-m\libc_s.a(lib_a-nano-mallocr.o)
                0x20003d38                __malloc_sbrk_start
 .bss.__malloc_free_list
                0x20003d3c        0x4 c:/program files (x86)/atmel/atmel toolchain/arm gcc/native/4.8.1443/arm-gnu-toolchain/bin/../lib/gcc/arm-none-eabi/4.8.4/../../../../arm-none-eabi/lib/armv6-m\libc_s.a(lib_a-nano-mallocr.o)
                0x20003d3c                __malloc_free_list
 *(COMMON)
 COMMON         0x20003d40        0x4 src/ASF/sam0/drivers/adc/adc_sam_d_r/adc_callback.o
                0x20003d40                _adc_instances
 COMMON         0x20003d44       0x40 src/ASF/sam0/drivers/extint/extint_sam_d_r/extint.o
                0x20003d44                _extint_dev
 COMMON         0x20003d84        0x4 src/ASF/sam0/utils/stdio/read.o
                0x20003d84                ptr_get
 COMMON         0x20003d88        0x8 src/ASF/sam0/utils/stdio/write.o
                0x20003d88                ptr_put
                0x20003d8c                stdio_base
 COMMON         0x20003d90       0x18 src/ASF/sam0/drivers/sercom/sercom_interrupt.o
                0x20003d90                _sercom_instances
 COMMON         0x20003da8        0x1 src/ASF/sam0/drivers/extint/extint_callback.o
                0x20003da8                _current_channel
 *fill*         0x20003da9        0x3 
 COMMON         0x20003dac      0x208 src/main.o
                0x20003dac                rooms
                0x20003f8c                TEMP_QUEUE
                0x20003f90                REGISTER_QUEUE
                0x20003f94                adc_instance
 COMMON         0x20003fb4        0x4 c:/program files (x86)/atmel/atmel toolchain/arm gcc/native/4.8.1443/arm-gnu-toolchain/bin/../lib/gcc/arm-none-eabi/4.8.4/../../../../arm-none-eabi/lib/armv6-m\libc_s.a(lib_a-reent.o)
                0x20003fb4                errno
                0x20003fb8                . = ALIGN (0x4)
                0x20003fb8                _ebss = .
                0x20003fb8                _ezero = .

.stack          0x20003fb8     0x2000 load address 0x00008998
                0x20003fb8                . = ALIGN (0x8)
                0x20003fb8                _sstack = .
                0x20005fb8                . = (. + STACK_SIZE)
 *fill*         0x20003fb8     0x2000 
                0x20005fb8                . = ALIGN (0x8)
                0x20005fb8                _estack = .
                0x20005fb8                . = ALIGN (0x4)
                0x20005fb8                _end = .
OUTPUT(Kozy_Main.elf elf32-littlearm)

.ARM.attributes
                0x00000000       0x28
 .ARM.attributes
                0x00000000       0x1e c:/program files (x86)/atmel/atmel toolchain/arm gcc/native/4.8.1443/arm-gnu-toolchain/bin/../lib/gcc/arm-none-eabi/4.8.4/armv6-m/crti.o
 .ARM.attributes
                0x0000001e       0x2c c:/program files (x86)/atmel/atmel toolchain/arm gcc/native/4.8.1443/arm-gnu-toolchain/bin/../lib/gcc/arm-none-eabi/4.8.4/armv6-m/crtbegin.o
 .ARM.attributes
                0x0000004a       0x32 src/ASF/sam0/drivers/adc/adc_sam_d_r/adc.o
 .ARM.attributes
                0x0000007c       0x32 src/ASF/sam0/drivers/adc/adc_sam_d_r/adc_callback.o
 .ARM.attributes
                0x000000ae       0x32 src/ASF/sam0/drivers/extint/extint_sam_d_r/extint.o
 .ARM.attributes
                0x000000e0       0x32 src/ASF/sam0/drivers/sercom/sercom.o
 .ARM.attributes
                0x00000112       0x32 src/ASF/sam0/utils/stdio/read.o
 .ARM.attributes
                0x00000144       0x32 src/ASF/sam0/utils/stdio/write.o
 .ARM.attributes
                0x00000176       0x32 src/ASF/thirdparty/freertos/freertos-8.0.1/Source/portable/GCC/ARM_CM0/port.o
 .ARM.attributes
                0x000001a8       0x32 src/ASF/thirdparty/freertos/freertos-8.0.1/Source/portable/MemMang/heap_1.o
 .ARM.attributes
                0x000001da       0x32 src/ASF/thirdparty/freertos/freertos-8.0.1/Source/list.o
 .ARM.attributes
                0x0000020c       0x32 src/ASF/thirdparty/freertos/freertos-8.0.1/Source/queue.o
 .ARM.attributes
                0x0000023e       0x32 src/ASF/thirdparty/freertos/freertos-8.0.1/Source/tasks.o
 .ARM.attributes
                0x00000270       0x32 src/ASF/thirdparty/freertos/freertos-8.0.1/Source/timers.o
 .ARM.attributes
                0x000002a2       0x32 src/ASF/sam0/drivers/sercom/usart/usart.o
 .ARM.attributes
                0x000002d4       0x32 src/ASF/sam0/drivers/sercom/usart/usart_interrupt.o
 .ARM.attributes
                0x00000306       0x32 src/ASF/sam0/drivers/sercom/sercom_interrupt.o
 .ARM.attributes
                0x00000338       0x32 src/ASF/sam0/drivers/extint/extint_callback.o
 .ARM.attributes
                0x0000036a       0x32 src/ASF/common2/services/delay/sam0/systick_counter.o
 .ARM.attributes
                0x0000039c       0x32 src/ASF/common/utils/interrupt/interrupt_sam_nvic.o
 .ARM.attributes
                0x000003ce       0x32 src/ASF/sam0/boards/samr21_xplained_pro/board_init.o
 .ARM.attributes
                0x00000400       0x32 src/ASF/sam0/drivers/port/port.o
 .ARM.attributes
                0x00000432       0x32 src/ASF/sam0/drivers/system/clock/clock_samd21_r21/clock.o
 .ARM.attributes
                0x00000464       0x32 src/ASF/sam0/drivers/system/clock/clock_samd21_r21/gclk.o
 .ARM.attributes
                0x00000496       0x32 src/ASF/sam0/drivers/system/pinmux/pinmux.o
 .ARM.attributes
                0x000004c8       0x32 src/ASF/sam0/drivers/system/system.o
 .ARM.attributes
                0x000004fa       0x32 src/ASF/sam0/utils/cmsis/samr21/source/gcc/startup_samr21.o
 .ARM.attributes
                0x0000052c       0x32 src/ASF/sam0/utils/syscalls/gcc/syscalls.o
 .ARM.attributes
                0x0000055e       0x32 src/main.o
 .ARM.attributes
                0x00000590       0x1e c:/program files (x86)/atmel/atmel toolchain/arm gcc/native/4.8.1443/arm-gnu-toolchain/bin/../lib/gcc/arm-none-eabi/4.8.4/armv6-m\libgcc.a(_udivsi3.o)
 .ARM.attributes
                0x000005ae       0x1e c:/program files (x86)/atmel/atmel toolchain/arm gcc/native/4.8.1443/arm-gnu-toolchain/bin/../lib/gcc/arm-none-eabi/4.8.4/armv6-m\libgcc.a(_dvmd_tls.o)
 .ARM.attributes
                0x000005cc       0x2c c:/program files (x86)/atmel/atmel toolchain/arm gcc/native/4.8.1443/arm-gnu-toolchain/bin/../lib/gcc/arm-none-eabi/4.8.4/armv6-m\libgcc.a(_muldi3.o)
 .ARM.attributes
                0x000005f8       0x2c c:/program files (x86)/atmel/atmel toolchain/arm gcc/native/4.8.1443/arm-gnu-toolchain/bin/../lib/gcc/arm-none-eabi/4.8.4/../../../../arm-none-eabi/lib/armv6-m\libc_s.a(lib_a-impure.o)
 .ARM.attributes
                0x00000624       0x2c c:/program files (x86)/atmel/atmel toolchain/arm gcc/native/4.8.1443/arm-gnu-toolchain/bin/../lib/gcc/arm-none-eabi/4.8.4/../../../../arm-none-eabi/lib/armv6-m\libc_s.a(lib_a-init.o)
 .ARM.attributes
                0x00000650       0x2c c:/program files (x86)/atmel/atmel toolchain/arm gcc/native/4.8.1443/arm-gnu-toolchain/bin/../lib/gcc/arm-none-eabi/4.8.4/../../../../arm-none-eabi/lib/armv6-m\libc_s.a(lib_a-memcpy-stub.o)
 .ARM.attributes
                0x0000067c       0x2c c:/program files (x86)/atmel/atmel toolchain/arm gcc/native/4.8.1443/arm-gnu-toolchain/bin/../lib/gcc/arm-none-eabi/4.8.4/../../../../arm-none-eabi/lib/armv6-m\libc_s.a(lib_a-memset.o)
 .ARM.attributes
                0x000006a8       0x2c c:/program files (x86)/atmel/atmel toolchain/arm gcc/native/4.8.1443/arm-gnu-toolchain/bin/../lib/gcc/arm-none-eabi/4.8.4/../../../../arm-none-eabi/lib/armv6-m\libc_s.a(lib_a-printf.o)
 .ARM.attributes
                0x000006d4       0x2c c:/program files (x86)/atmel/atmel toolchain/arm gcc/native/4.8.1443/arm-gnu-toolchain/bin/../lib/gcc/arm-none-eabi/4.8.4/../../../../arm-none-eabi/lib/armv6-m\libc_s.a(lib_a-setbuf.o)
 .ARM.attributes
                0x00000700       0x2c c:/program files (x86)/atmel/atmel toolchain/arm gcc/native/4.8.1443/arm-gnu-toolchain/bin/../lib/gcc/arm-none-eabi/4.8.4/../../../../arm-none-eabi/lib/armv6-m\libc_s.a(lib_a-setvbuf.o)
 .ARM.attributes
                0x0000072c       0x1c c:/program files (x86)/atmel/atmel toolchain/arm gcc/native/4.8.1443/arm-gnu-toolchain/bin/../lib/gcc/arm-none-eabi/4.8.4/../../../../arm-none-eabi/lib/armv6-m\libc_s.a(lib_a-strcmp.o)
 .ARM.attributes
                0x00000748       0x2c c:/program files (x86)/atmel/atmel toolchain/arm gcc/native/4.8.1443/arm-gnu-toolchain/bin/../lib/gcc/arm-none-eabi/4.8.4/../../../../arm-none-eabi/lib/armv6-m\libc_s.a(lib_a-vfprintf.o)
 .ARM.attributes
                0x00000774       0x2c c:/program files (x86)/atmel/atmel toolchain/arm gcc/native/4.8.1443/arm-gnu-toolchain/bin/../lib/gcc/arm-none-eabi/4.8.4/../../../../arm-none-eabi/lib/armv6-m\libc_s.a(lib_a-vfprintf_i.o)
 .ARM.attributes
                0x000007a0       0x2c c:/program files (x86)/atmel/atmel toolchain/arm gcc/native/4.8.1443/arm-gnu-toolchain/bin/../lib/gcc/arm-none-eabi/4.8.4/../../../../arm-none-eabi/lib/armv6-m\libc_s.a(lib_a-wbuf.o)
 .ARM.attributes
                0x000007cc       0x2c c:/program files (x86)/atmel/atmel toolchain/arm gcc/native/4.8.1443/arm-gnu-toolchain/bin/../lib/gcc/arm-none-eabi/4.8.4/../../../../arm-none-eabi/lib/armv6-m\libc_s.a(lib_a-wsetup.o)
 .ARM.attributes
                0x000007f8       0x2c c:/program files (x86)/atmel/atmel toolchain/arm gcc/native/4.8.1443/arm-gnu-toolchain/bin/../lib/gcc/arm-none-eabi/4.8.4/../../../../arm-none-eabi/lib/armv6-m\libc_s.a(lib_a-fflush.o)
 .ARM.attributes
                0x00000824       0x2c c:/program files (x86)/atmel/atmel toolchain/arm gcc/native/4.8.1443/arm-gnu-toolchain/bin/../lib/gcc/arm-none-eabi/4.8.4/../../../../arm-none-eabi/lib/armv6-m\libc_s.a(lib_a-findfp.o)
 .ARM.attributes
                0x00000850       0x2c c:/program files (x86)/atmel/atmel toolchain/arm gcc/native/4.8.1443/arm-gnu-toolchain/bin/../lib/gcc/arm-none-eabi/4.8.4/../../../../arm-none-eabi/lib/armv6-m\libc_s.a(lib_a-makebuf.o)
 .ARM.attributes
                0x0000087c       0x2c c:/program files (x86)/atmel/atmel toolchain/arm gcc/native/4.8.1443/arm-gnu-toolchain/bin/../lib/gcc/arm-none-eabi/4.8.4/../../../../arm-none-eabi/lib/armv6-m\libc_s.a(lib_a-malloc.o)
 .ARM.attributes
                0x000008a8       0x2c c:/program files (x86)/atmel/atmel toolchain/arm gcc/native/4.8.1443/arm-gnu-toolchain/bin/../lib/gcc/arm-none-eabi/4.8.4/../../../../arm-none-eabi/lib/armv6-m\libc_s.a(lib_a-memchr-stub.o)
 .ARM.attributes
                0x000008d4       0x2c c:/program files (x86)/atmel/atmel toolchain/arm gcc/native/4.8.1443/arm-gnu-toolchain/bin/../lib/gcc/arm-none-eabi/4.8.4/../../../../arm-none-eabi/lib/armv6-m\libc_s.a(lib_a-nano-freer.o)
 .ARM.attributes
                0x00000900       0x2c c:/program files (x86)/atmel/atmel toolchain/arm gcc/native/4.8.1443/arm-gnu-toolchain/bin/../lib/gcc/arm-none-eabi/4.8.4/../../../../arm-none-eabi/lib/armv6-m\libc_s.a(lib_a-nano-mallocr.o)
 .ARM.attributes
                0x0000092c       0x2c c:/program files (x86)/atmel/atmel toolchain/arm gcc/native/4.8.1443/arm-gnu-toolchain/bin/../lib/gcc/arm-none-eabi/4.8.4/../../../../arm-none-eabi/lib/armv6-m\libc_s.a(lib_a-sbrkr.o)
 .ARM.attributes
                0x00000958       0x2c c:/program files (x86)/atmel/atmel toolchain/arm gcc/native/4.8.1443/arm-gnu-toolchain/bin/../lib/gcc/arm-none-eabi/4.8.4/../../../../arm-none-eabi/lib/armv6-m\libc_s.a(lib_a-stdio.o)
 .ARM.attributes
                0x00000984       0x2c c:/program files (x86)/atmel/atmel toolchain/arm gcc/native/4.8.1443/arm-gnu-toolchain/bin/../lib/gcc/arm-none-eabi/4.8.4/../../../../arm-none-eabi/lib/armv6-m\libc_s.a(lib_a-strlen.o)
 .ARM.attributes
                0x000009b0       0x2c c:/program files (x86)/atmel/atmel toolchain/arm gcc/native/4.8.1443/arm-gnu-toolchain/bin/../lib/gcc/arm-none-eabi/4.8.4/../../../../arm-none-eabi/lib/armv6-m\libc_s.a(lib_a-writer.o)
 .ARM.attributes
                0x000009dc       0x2c c:/program files (x86)/atmel/atmel toolchain/arm gcc/native/4.8.1443/arm-gnu-toolchain/bin/../lib/gcc/arm-none-eabi/4.8.4/../../../../arm-none-eabi/lib/armv6-m\libc_s.a(lib_a-closer.o)
 .ARM.attributes
                0x00000a08       0x2c c:/program files (x86)/atmel/atmel toolchain/arm gcc/native/4.8.1443/arm-gnu-toolchain/bin/../lib/gcc/arm-none-eabi/4.8.4/../../../../arm-none-eabi/lib/armv6-m\libc_s.a(lib_a-fstatr.o)
 .ARM.attributes
                0x00000a34       0x2c c:/program files (x86)/atmel/atmel toolchain/arm gcc/native/4.8.1443/arm-gnu-toolchain/bin/../lib/gcc/arm-none-eabi/4.8.4/../../../../arm-none-eabi/lib/armv6-m\libc_s.a(lib_a-isattyr.o)
 .ARM.attributes
                0x00000a60       0x2c c:/program files (x86)/atmel/atmel toolchain/arm gcc/native/4.8.1443/arm-gnu-toolchain/bin/../lib/gcc/arm-none-eabi/4.8.4/../../../../arm-none-eabi/lib/armv6-m\libc_s.a(lib_a-lseekr.o)
 .ARM.attributes
                0x00000a8c       0x2c c:/program files (x86)/atmel/atmel toolchain/arm gcc/native/4.8.1443/arm-gnu-toolchain/bin/../lib/gcc/arm-none-eabi/4.8.4/../../../../arm-none-eabi/lib/armv6-m\libc_s.a(lib_a-readr.o)
 .ARM.attributes
                0x00000ab8       0x2c c:/program files (x86)/atmel/atmel toolchain/arm gcc/native/4.8.1443/arm-gnu-toolchain/bin/../lib/gcc/arm-none-eabi/4.8.4/../../../../arm-none-eabi/lib/armv6-m\libc_s.a(lib_a-reent.o)
 .ARM.attributes
                0x00000ae4       0x1e c:/program files (x86)/atmel/atmel toolchain/arm gcc/native/4.8.1443/arm-gnu-toolchain/bin/../lib/gcc/arm-none-eabi/4.8.4/armv6-m/crtn.o

.comment        0x00000000       0x5b
 .comment       0x00000000       0x5b src/ASF/sam0/drivers/adc/adc_sam_d_r/adc.o
                                 0x5c (size before relaxing)
 .comment       0x00000000       0x5c src/ASF/sam0/drivers/adc/adc_sam_d_r/adc_callback.o
 .comment       0x00000000       0x5c src/ASF/sam0/drivers/extint/extint_sam_d_r/extint.o
 .comment       0x00000000       0x5c src/ASF/sam0/drivers/sercom/sercom.o
 .comment       0x00000000       0x5c src/ASF/sam0/utils/stdio/read.o
 .comment       0x00000000       0x5c src/ASF/sam0/utils/stdio/write.o
 .comment       0x00000000       0x5c src/ASF/thirdparty/freertos/freertos-8.0.1/Source/portable/GCC/ARM_CM0/port.o
 .comment       0x00000000       0x5c src/ASF/thirdparty/freertos/freertos-8.0.1/Source/portable/MemMang/heap_1.o
 .comment       0x00000000       0x5c src/ASF/thirdparty/freertos/freertos-8.0.1/Source/list.o
 .comment       0x00000000       0x5c src/ASF/thirdparty/freertos/freertos-8.0.1/Source/queue.o
 .comment       0x00000000       0x5c src/ASF/thirdparty/freertos/freertos-8.0.1/Source/tasks.o
 .comment       0x00000000       0x5c src/ASF/thirdparty/freertos/freertos-8.0.1/Source/timers.o
 .comment       0x00000000       0x5c src/ASF/sam0/drivers/sercom/usart/usart.o
 .comment       0x00000000       0x5c src/ASF/sam0/drivers/sercom/usart/usart_interrupt.o
 .comment       0x00000000       0x5c src/ASF/sam0/drivers/sercom/sercom_interrupt.o
 .comment       0x00000000       0x5c src/ASF/sam0/drivers/extint/extint_callback.o
 .comment       0x00000000       0x5c src/ASF/common2/services/delay/sam0/systick_counter.o
 .comment       0x00000000       0x5c src/ASF/common/utils/interrupt/interrupt_sam_nvic.o
 .comment       0x00000000       0x5c src/ASF/sam0/boards/samr21_xplained_pro/board_init.o
 .comment       0x00000000       0x5c src/ASF/sam0/drivers/port/port.o
 .comment       0x00000000       0x5c src/ASF/sam0/drivers/system/clock/clock_samd21_r21/clock.o
 .comment       0x00000000       0x5c src/ASF/sam0/drivers/system/clock/clock_samd21_r21/gclk.o
 .comment       0x00000000       0x5c src/ASF/sam0/drivers/system/pinmux/pinmux.o
 .comment       0x00000000       0x5c src/ASF/sam0/drivers/system/system.o
 .comment       0x00000000       0x5c src/ASF/sam0/utils/cmsis/samr21/source/gcc/startup_samr21.o
 .comment       0x00000000       0x5c src/ASF/sam0/utils/syscalls/gcc/syscalls.o
 .comment       0x00000000       0x5c src/main.o

.debug_info     0x00000000    0x2366d
 .debug_info    0x00000000     0x3344 src/ASF/sam0/drivers/adc/adc_sam_d_r/adc.o
 .debug_info    0x00003344     0x12f0 src/ASF/sam0/drivers/adc/adc_sam_d_r/adc_callback.o
 .debug_info    0x00004634     0x211f src/ASF/sam0/drivers/extint/extint_sam_d_r/extint.o
 .debug_info    0x00006753     0x254b src/ASF/sam0/drivers/sercom/sercom.o
 .debug_info    0x00008c9e      0x1c2 src/ASF/sam0/utils/stdio/read.o
 .debug_info    0x00008e60      0x1bf src/ASF/sam0/utils/stdio/write.o
 .debug_info    0x0000901f      0x2d2 src/ASF/thirdparty/freertos/freertos-8.0.1/Source/portable/GCC/ARM_CM0/port.o
 .debug_info    0x000092f1      0x1a0 src/ASF/thirdparty/freertos/freertos-8.0.1/Source/portable/MemMang/heap_1.o
 .debug_info    0x00009491      0x2cd src/ASF/thirdparty/freertos/freertos-8.0.1/Source/list.o
 .debug_info    0x0000975e     0x13ad src/ASF/thirdparty/freertos/freertos-8.0.1/Source/queue.o
 .debug_info    0x0000ab0b     0x1a07 src/ASF/thirdparty/freertos/freertos-8.0.1/Source/tasks.o
 .debug_info    0x0000c512      0xc2a src/ASF/thirdparty/freertos/freertos-8.0.1/Source/timers.o
 .debug_info    0x0000d13c     0x4075 src/ASF/sam0/drivers/sercom/usart/usart.o
 .debug_info    0x000111b1     0x277b src/ASF/sam0/drivers/sercom/usart/usart_interrupt.o
 .debug_info    0x0001392c     0x231d src/ASF/sam0/drivers/sercom/sercom_interrupt.o
 .debug_info    0x00015c49     0x10b4 src/ASF/sam0/drivers/extint/extint_callback.o
 .debug_info    0x00016cfd      0x269 src/ASF/common2/services/delay/sam0/systick_counter.o
 .debug_info    0x00016f66      0x1ec src/ASF/common/utils/interrupt/interrupt_sam_nvic.o
 .debug_info    0x00017152      0x96d src/ASF/sam0/boards/samr21_xplained_pro/board_init.o
 .debug_info    0x00017abf      0x966 src/ASF/sam0/drivers/port/port.o
 .debug_info    0x00018425     0x2c9e src/ASF/sam0/drivers/system/clock/clock_samd21_r21/clock.o
 .debug_info    0x0001b0c3     0x1498 src/ASF/sam0/drivers/system/clock/clock_samd21_r21/gclk.o
 .debug_info    0x0001c55b      0xa47 src/ASF/sam0/drivers/system/pinmux/pinmux.o
 .debug_info    0x0001cfa2      0x16f src/ASF/sam0/drivers/system/system.o
 .debug_info    0x0001d111      0x9cf src/ASF/sam0/utils/cmsis/samr21/source/gcc/startup_samr21.o
 .debug_info    0x0001dae0      0x427 src/ASF/sam0/utils/syscalls/gcc/syscalls.o
 .debug_info    0x0001df07     0x5766 src/main.o

.debug_abbrev   0x00000000     0x3fc4
 .debug_abbrev  0x00000000      0x388 src/ASF/sam0/drivers/adc/adc_sam_d_r/adc.o
 .debug_abbrev  0x00000388      0x303 src/ASF/sam0/drivers/adc/adc_sam_d_r/adc_callback.o
 .debug_abbrev  0x0000068b      0x409 src/ASF/sam0/drivers/extint/extint_sam_d_r/extint.o
 .debug_abbrev  0x00000a94      0x2fd src/ASF/sam0/drivers/sercom/sercom.o
 .debug_abbrev  0x00000d91      0x108 src/ASF/sam0/utils/stdio/read.o
 .debug_abbrev  0x00000e99       0xf5 src/ASF/sam0/utils/stdio/write.o
 .debug_abbrev  0x00000f8e      0x184 src/ASF/thirdparty/freertos/freertos-8.0.1/Source/portable/GCC/ARM_CM0/port.o
 .debug_abbrev  0x00001112      0x10b src/ASF/thirdparty/freertos/freertos-8.0.1/Source/portable/MemMang/heap_1.o
 .debug_abbrev  0x0000121d       0xfb src/ASF/thirdparty/freertos/freertos-8.0.1/Source/list.o
 .debug_abbrev  0x00001318      0x2a1 src/ASF/thirdparty/freertos/freertos-8.0.1/Source/queue.o
 .debug_abbrev  0x000015b9      0x340 src/ASF/thirdparty/freertos/freertos-8.0.1/Source/tasks.o
 .debug_abbrev  0x000018f9      0x27c src/ASF/thirdparty/freertos/freertos-8.0.1/Source/timers.o
 .debug_abbrev  0x00001b75      0x3d7 src/ASF/sam0/drivers/sercom/usart/usart.o
 .debug_abbrev  0x00001f4c      0x37b src/ASF/sam0/drivers/sercom/usart/usart_interrupt.o
 .debug_abbrev  0x000022c7      0x22c src/ASF/sam0/drivers/sercom/sercom_interrupt.o
 .debug_abbrev  0x000024f3      0x297 src/ASF/sam0/drivers/extint/extint_callback.o
 .debug_abbrev  0x0000278a      0x13c src/ASF/common2/services/delay/sam0/systick_counter.o
 .debug_abbrev  0x000028c6       0xf6 src/ASF/common/utils/interrupt/interrupt_sam_nvic.o
 .debug_abbrev  0x000029bc      0x22b src/ASF/sam0/boards/samr21_xplained_pro/board_init.o
 .debug_abbrev  0x00002be7      0x1da src/ASF/sam0/drivers/port/port.o
 .debug_abbrev  0x00002dc1      0x3ba src/ASF/sam0/drivers/system/clock/clock_samd21_r21/clock.o
 .debug_abbrev  0x0000317b      0x327 src/ASF/sam0/drivers/system/clock/clock_samd21_r21/gclk.o
 .debug_abbrev  0x000034a2      0x287 src/ASF/sam0/drivers/system/pinmux/pinmux.o
 .debug_abbrev  0x00003729       0xb9 src/ASF/sam0/drivers/system/system.o
 .debug_abbrev  0x000037e2      0x1c3 src/ASF/sam0/utils/cmsis/samr21/source/gcc/startup_samr21.o
 .debug_abbrev  0x000039a5      0x141 src/ASF/sam0/utils/syscalls/gcc/syscalls.o
 .debug_abbrev  0x00003ae6      0x4de src/main.o

.debug_loc      0x00000000     0x845e
 .debug_loc     0x00000000      0x652 src/ASF/sam0/drivers/adc/adc_sam_d_r/adc.o
 .debug_loc     0x00000652      0x338 src/ASF/sam0/drivers/adc/adc_sam_d_r/adc_callback.o
 .debug_loc     0x0000098a      0x424 src/ASF/sam0/drivers/extint/extint_sam_d_r/extint.o
 .debug_loc     0x00000dae      0x982 src/ASF/sam0/drivers/sercom/sercom.o
 .debug_loc     0x00001730       0xfb src/ASF/sam0/utils/stdio/read.o
 .debug_loc     0x0000182b      0x140 src/ASF/sam0/utils/stdio/write.o
 .debug_loc     0x0000196b      0x113 src/ASF/thirdparty/freertos/freertos-8.0.1/Source/portable/GCC/ARM_CM0/port.o
 .debug_loc     0x00001a7e       0x7f src/ASF/thirdparty/freertos/freertos-8.0.1/Source/portable/MemMang/heap_1.o
 .debug_loc     0x00001afd       0x85 src/ASF/thirdparty/freertos/freertos-8.0.1/Source/list.o
 .debug_loc     0x00001b82     0x1428 src/ASF/thirdparty/freertos/freertos-8.0.1/Source/queue.o
 .debug_loc     0x00002faa     0x12f0 src/ASF/thirdparty/freertos/freertos-8.0.1/Source/tasks.o
 .debug_loc     0x0000429a      0x9c6 src/ASF/thirdparty/freertos/freertos-8.0.1/Source/timers.o
 .debug_loc     0x00004c60      0xe4a src/ASF/sam0/drivers/sercom/usart/usart.o
 .debug_loc     0x00005aaa      0x579 src/ASF/sam0/drivers/sercom/usart/usart_interrupt.o
 .debug_loc     0x00006023      0x16c src/ASF/sam0/drivers/sercom/sercom_interrupt.o
 .debug_loc     0x0000618f      0x22b src/ASF/sam0/drivers/extint/extint_callback.o
 .debug_loc     0x000063ba       0xe4 src/ASF/common2/services/delay/sam0/systick_counter.o
 .debug_loc     0x0000649e       0x1e src/ASF/common/utils/interrupt/interrupt_sam_nvic.o
 .debug_loc     0x000064bc       0x59 src/ASF/sam0/boards/samr21_xplained_pro/board_init.o
 .debug_loc     0x00006515      0x16d src/ASF/sam0/drivers/port/port.o
 .debug_loc     0x00006682      0xfba src/ASF/sam0/drivers/system/clock/clock_samd21_r21/clock.o
 .debug_loc     0x0000763c      0x508 src/ASF/sam0/drivers/system/clock/clock_samd21_r21/gclk.o
 .debug_loc     0x00007b44      0x2e3 src/ASF/sam0/drivers/system/pinmux/pinmux.o
 .debug_loc     0x00007e27       0x20 src/ASF/sam0/drivers/system/system.o
 .debug_loc     0x00007e47       0x7c src/ASF/sam0/utils/cmsis/samr21/source/gcc/startup_samr21.o
 .debug_loc     0x00007ec3      0x112 src/ASF/sam0/utils/syscalls/gcc/syscalls.o
 .debug_loc     0x00007fd5      0x489 src/main.o

.debug_aranges  0x00000000      0x960
 .debug_aranges
                0x00000000       0x30 src/ASF/sam0/drivers/adc/adc_sam_d_r/adc.o
 .debug_aranges
                0x00000030       0x48 src/ASF/sam0/drivers/adc/adc_sam_d_r/adc_callback.o
 .debug_aranges
                0x00000078       0x50 src/ASF/sam0/drivers/extint/extint_sam_d_r/extint.o
 .debug_aranges
                0x000000c8       0x40 src/ASF/sam0/drivers/sercom/sercom.o
 .debug_aranges
                0x00000108       0x20 src/ASF/sam0/utils/stdio/read.o
 .debug_aranges
                0x00000128       0x20 src/ASF/sam0/utils/stdio/write.o
 .debug_aranges
                0x00000148       0x88 src/ASF/thirdparty/freertos/freertos-8.0.1/Source/portable/GCC/ARM_CM0/port.o
 .debug_aranges
                0x000001d0       0x38 src/ASF/thirdparty/freertos/freertos-8.0.1/Source/portable/MemMang/heap_1.o
 .debug_aranges
                0x00000208       0x40 src/ASF/thirdparty/freertos/freertos-8.0.1/Source/list.o
 .debug_aranges
                0x00000248      0x108 src/ASF/thirdparty/freertos/freertos-8.0.1/Source/queue.o
 .debug_aranges
                0x00000350      0x150 src/ASF/thirdparty/freertos/freertos-8.0.1/Source/tasks.o
 .debug_aranges
                0x000004a0       0x68 src/ASF/thirdparty/freertos/freertos-8.0.1/Source/timers.o
 .debug_aranges
                0x00000508       0x40 src/ASF/sam0/drivers/sercom/usart/usart.o
 .debug_aranges
                0x00000548       0x70 src/ASF/sam0/drivers/sercom/usart/usart_interrupt.o
 .debug_aranges
                0x000005b8       0x60 src/ASF/sam0/drivers/sercom/sercom_interrupt.o
 .debug_aranges
                0x00000618       0x48 src/ASF/sam0/drivers/extint/extint_callback.o
 .debug_aranges
                0x00000660       0x30 src/ASF/common2/services/delay/sam0/systick_counter.o
 .debug_aranges
                0x00000690       0x28 src/ASF/common/utils/interrupt/interrupt_sam_nvic.o
 .debug_aranges
                0x000006b8       0x20 src/ASF/sam0/boards/samr21_xplained_pro/board_init.o
 .debug_aranges
                0x000006d8       0x28 src/ASF/sam0/drivers/port/port.o
 .debug_aranges
                0x00000700       0x78 src/ASF/sam0/drivers/system/clock/clock_samd21_r21/clock.o
 .debug_aranges
                0x00000778       0x80 src/ASF/sam0/drivers/system/clock/clock_samd21_r21/gclk.o
 .debug_aranges
                0x000007f8       0x38 src/ASF/sam0/drivers/system/pinmux/pinmux.o
 .debug_aranges
                0x00000830       0x28 src/ASF/sam0/drivers/system/system.o
 .debug_aranges
                0x00000858       0x28 src/ASF/sam0/utils/cmsis/samr21/source/gcc/startup_samr21.o
 .debug_aranges
                0x00000880       0x60 src/ASF/sam0/utils/syscalls/gcc/syscalls.o
 .debug_aranges
                0x000008e0       0x80 src/main.o

.debug_ranges   0x00000000      0x9e8
 .debug_ranges  0x00000000       0x50 src/ASF/sam0/drivers/adc/adc_sam_d_r/adc.o
 .debug_ranges  0x00000050       0x38 src/ASF/sam0/drivers/adc/adc_sam_d_r/adc_callback.o
 .debug_ranges  0x00000088       0x40 src/ASF/sam0/drivers/extint/extint_sam_d_r/extint.o
 .debug_ranges  0x000000c8       0x48 src/ASF/sam0/drivers/sercom/sercom.o
 .debug_ranges  0x00000110       0x10 src/ASF/sam0/utils/stdio/read.o
 .debug_ranges  0x00000120       0x10 src/ASF/sam0/utils/stdio/write.o
 .debug_ranges  0x00000130       0x78 src/ASF/thirdparty/freertos/freertos-8.0.1/Source/portable/GCC/ARM_CM0/port.o
 .debug_ranges  0x000001a8       0x28 src/ASF/thirdparty/freertos/freertos-8.0.1/Source/portable/MemMang/heap_1.o
 .debug_ranges  0x000001d0       0x30 src/ASF/thirdparty/freertos/freertos-8.0.1/Source/list.o
 .debug_ranges  0x00000200       0xf8 src/ASF/thirdparty/freertos/freertos-8.0.1/Source/queue.o
 .debug_ranges  0x000002f8      0x1c0 src/ASF/thirdparty/freertos/freertos-8.0.1/Source/tasks.o
 .debug_ranges  0x000004b8       0x90 src/ASF/thirdparty/freertos/freertos-8.0.1/Source/timers.o
 .debug_ranges  0x00000548       0xf0 src/ASF/sam0/drivers/sercom/usart/usart.o
 .debug_ranges  0x00000638       0x60 src/ASF/sam0/drivers/sercom/usart/usart_interrupt.o
 .debug_ranges  0x00000698       0x50 src/ASF/sam0/drivers/sercom/sercom_interrupt.o
 .debug_ranges  0x000006e8       0x60 src/ASF/sam0/drivers/extint/extint_callback.o
 .debug_ranges  0x00000748       0x50 src/ASF/common2/services/delay/sam0/systick_counter.o
 .debug_ranges  0x00000798       0x18 src/ASF/common/utils/interrupt/interrupt_sam_nvic.o
 .debug_ranges  0x000007b0       0x10 src/ASF/sam0/boards/samr21_xplained_pro/board_init.o
 .debug_ranges  0x000007c0       0x18 src/ASF/sam0/drivers/port/port.o
 .debug_ranges  0x000007d8       0x68 src/ASF/sam0/drivers/system/clock/clock_samd21_r21/clock.o
 .debug_ranges  0x00000840       0x70 src/ASF/sam0/drivers/system/clock/clock_samd21_r21/gclk.o
 .debug_ranges  0x000008b0       0x28 src/ASF/sam0/drivers/system/pinmux/pinmux.o
 .debug_ranges  0x000008d8       0x18 src/ASF/sam0/drivers/system/system.o
 .debug_ranges  0x000008f0       0x18 src/ASF/sam0/utils/cmsis/samr21/source/gcc/startup_samr21.o
 .debug_ranges  0x00000908       0x50 src/ASF/sam0/utils/syscalls/gcc/syscalls.o
 .debug_ranges  0x00000958       0x90 src/main.o

.debug_macro    0x00000000    0x18b8c
 .debug_macro   0x00000000      0x4c2 src/ASF/sam0/drivers/adc/adc_sam_d_r/adc.o
 .debug_macro   0x000004c2      0x84a src/ASF/sam0/drivers/adc/adc_sam_d_r/adc.o
 .debug_macro   0x00000d0c      0x166 src/ASF/sam0/drivers/adc/adc_sam_d_r/adc.o
 .debug_macro   0x00000e72      0x4d1 src/ASF/sam0/drivers/adc/adc_sam_d_r/adc.o
 .debug_macro   0x00001343       0x16 src/ASF/sam0/drivers/adc/adc_sam_d_r/adc.o
 .debug_macro   0x00001359       0x44 src/ASF/sam0/drivers/adc/adc_sam_d_r/adc.o
 .debug_macro   0x0000139d      0x209 src/ASF/sam0/drivers/adc/adc_sam_d_r/adc.o
 .debug_macro   0x000015a6       0x10 src/ASF/sam0/drivers/adc/adc_sam_d_r/adc.o
 .debug_macro   0x000015b6       0x76 src/ASF/sam0/drivers/adc/adc_sam_d_r/adc.o
 .debug_macro   0x0000162c       0x16 src/ASF/sam0/drivers/adc/adc_sam_d_r/adc.o
 .debug_macro   0x00001642      0x6e5 src/ASF/sam0/drivers/adc/adc_sam_d_r/adc.o
 .debug_macro   0x00001d27      0xde2 src/ASF/sam0/drivers/adc/adc_sam_d_r/adc.o
 .debug_macro   0x00002b09       0x22 src/ASF/sam0/drivers/adc/adc_sam_d_r/adc.o
 .debug_macro   0x00002b2b       0x40 src/ASF/sam0/drivers/adc/adc_sam_d_r/adc.o
 .debug_macro   0x00002b6b       0x3a src/ASF/sam0/drivers/adc/adc_sam_d_r/adc.o
 .debug_macro   0x00002ba5      0x24f src/ASF/sam0/drivers/adc/adc_sam_d_r/adc.o
 .debug_macro   0x00002df4      0x682 src/ASF/sam0/drivers/adc/adc_sam_d_r/adc.o
 .debug_macro   0x00003476      0x8bf src/ASF/sam0/drivers/adc/adc_sam_d_r/adc.o
 .debug_macro   0x00003d35      0xd6a src/ASF/sam0/drivers/adc/adc_sam_d_r/adc.o
 .debug_macro   0x00004a9f      0x4ce src/ASF/sam0/drivers/adc/adc_sam_d_r/adc.o
 .debug_macro   0x00004f6d      0x9f8 src/ASF/sam0/drivers/adc/adc_sam_d_r/adc.o
 .debug_macro   0x00005965      0x82b src/ASF/sam0/drivers/adc/adc_sam_d_r/adc.o
 .debug_macro   0x00006190      0x45f src/ASF/sam0/drivers/adc/adc_sam_d_r/adc.o
 .debug_macro   0x000065ef       0x5e src/ASF/sam0/drivers/adc/adc_sam_d_r/adc.o
 .debug_macro   0x0000664d      0x225 src/ASF/sam0/drivers/adc/adc_sam_d_r/adc.o
 .debug_macro   0x00006872      0x797 src/ASF/sam0/drivers/adc/adc_sam_d_r/adc.o
 .debug_macro   0x00007009       0x5e src/ASF/sam0/drivers/adc/adc_sam_d_r/adc.o
 .debug_macro   0x00007067      0x60a src/ASF/sam0/drivers/adc/adc_sam_d_r/adc.o
 .debug_macro   0x00007671      0x3b6 src/ASF/sam0/drivers/adc/adc_sam_d_r/adc.o
 .debug_macro   0x00007a27       0x94 src/ASF/sam0/drivers/adc/adc_sam_d_r/adc.o
 .debug_macro   0x00007abb      0xc55 src/ASF/sam0/drivers/adc/adc_sam_d_r/adc.o
 .debug_macro   0x00008710     0x1092 src/ASF/sam0/drivers/adc/adc_sam_d_r/adc.o
 .debug_macro   0x000097a2      0xc4a src/ASF/sam0/drivers/adc/adc_sam_d_r/adc.o
 .debug_macro   0x0000a3ec      0x6bf src/ASF/sam0/drivers/adc/adc_sam_d_r/adc.o
 .debug_macro   0x0000aaab     0x1b4b src/ASF/sam0/drivers/adc/adc_sam_d_r/adc.o
 .debug_macro   0x0000c5f6     0x144a src/ASF/sam0/drivers/adc/adc_sam_d_r/adc.o
 .debug_macro   0x0000da40      0x34e src/ASF/sam0/drivers/adc/adc_sam_d_r/adc.o
 .debug_macro   0x0000dd8e       0x7c src/ASF/sam0/drivers/adc/adc_sam_d_r/adc.o
 .debug_macro   0x0000de0a       0xa0 src/ASF/sam0/drivers/adc/adc_sam_d_r/adc.o
 .debug_macro   0x0000deaa       0xca src/ASF/sam0/drivers/adc/adc_sam_d_r/adc.o
 .debug_macro   0x0000df74       0x94 src/ASF/sam0/drivers/adc/adc_sam_d_r/adc.o
 .debug_macro   0x0000e008       0x58 src/ASF/sam0/drivers/adc/adc_sam_d_r/adc.o
 .debug_macro   0x0000e060      0x364 src/ASF/sam0/drivers/adc/adc_sam_d_r/adc.o
 .debug_macro   0x0000e3c4       0x82 src/ASF/sam0/drivers/adc/adc_sam_d_r/adc.o
 .debug_macro   0x0000e446      0x197 src/ASF/sam0/drivers/adc/adc_sam_d_r/adc.o
 .debug_macro   0x0000e5dd       0xa0 src/ASF/sam0/drivers/adc/adc_sam_d_r/adc.o
 .debug_macro   0x0000e67d       0xb8 src/ASF/sam0/drivers/adc/adc_sam_d_r/adc.o
 .debug_macro   0x0000e735       0x1c src/ASF/sam0/drivers/adc/adc_sam_d_r/adc.o
 .debug_macro   0x0000e751       0x1c src/ASF/sam0/drivers/adc/adc_sam_d_r/adc.o
 .debug_macro   0x0000e76d       0x1c src/ASF/sam0/drivers/adc/adc_sam_d_r/adc.o
 .debug_macro   0x0000e789       0x7c src/ASF/sam0/drivers/adc/adc_sam_d_r/adc.o
 .debug_macro   0x0000e805      0x1c6 src/ASF/sam0/drivers/adc/adc_sam_d_r/adc.o
 .debug_macro   0x0000e9cb       0x16 src/ASF/sam0/drivers/adc/adc_sam_d_r/adc.o
 .debug_macro   0x0000e9e1       0xdc src/ASF/sam0/drivers/adc/adc_sam_d_r/adc.o
 .debug_macro   0x0000eabd      0x12f src/ASF/sam0/drivers/adc/adc_sam_d_r/adc.o
 .debug_macro   0x0000ebec      0x12f src/ASF/sam0/drivers/adc/adc_sam_d_r/adc.o
 .debug_macro   0x0000ed1b      0x12f src/ASF/sam0/drivers/adc/adc_sam_d_r/adc.o
 .debug_macro   0x0000ee4a      0x12f src/ASF/sam0/drivers/adc/adc_sam_d_r/adc.o
 .debug_macro   0x0000ef79      0x12f src/ASF/sam0/drivers/adc/adc_sam_d_r/adc.o
 .debug_macro   0x0000f0a8      0x12f src/ASF/sam0/drivers/adc/adc_sam_d_r/adc.o
 .debug_macro   0x0000f1d7      0x11e src/ASF/sam0/drivers/adc/adc_sam_d_r/adc.o
 .debug_macro   0x0000f2f5       0xe2 src/ASF/sam0/drivers/adc/adc_sam_d_r/adc.o
 .debug_macro   0x0000f3d7       0xe2 src/ASF/sam0/drivers/adc/adc_sam_d_r/adc.o
 .debug_macro   0x0000f4b9       0xe2 src/ASF/sam0/drivers/adc/adc_sam_d_r/adc.o
 .debug_macro   0x0000f59b      0x12c src/ASF/sam0/drivers/adc/adc_sam_d_r/adc.o
 .debug_macro   0x0000f6c7      0x100 src/ASF/sam0/drivers/adc/adc_sam_d_r/adc.o
 .debug_macro   0x0000f7c7       0xf4 src/ASF/sam0/drivers/adc/adc_sam_d_r/adc.o
 .debug_macro   0x0000f8bb      0x40f src/ASF/sam0/drivers/adc/adc_sam_d_r/adc.o
 .debug_macro   0x0000fcca       0x40 src/ASF/sam0/drivers/adc/adc_sam_d_r/adc.o
 .debug_macro   0x0000fd0a      0x345 src/ASF/sam0/drivers/adc/adc_sam_d_r/adc.o
 .debug_macro   0x0001004f     0x174b src/ASF/sam0/drivers/adc/adc_sam_d_r/adc.o
 .debug_macro   0x0001179a       0x58 src/ASF/sam0/drivers/adc/adc_sam_d_r/adc.o
 .debug_macro   0x000117f2       0x58 src/ASF/sam0/drivers/adc/adc_sam_d_r/adc.o
 .debug_macro   0x0001184a       0x35 src/ASF/sam0/drivers/adc/adc_sam_d_r/adc.o
 .debug_macro   0x0001187f       0xa3 src/ASF/sam0/drivers/adc/adc_sam_d_r/adc.o
 .debug_macro   0x00011922       0x16 src/ASF/sam0/drivers/adc/adc_sam_d_r/adc.o
 .debug_macro   0x00011938       0x35 src/ASF/sam0/drivers/adc/adc_sam_d_r/adc.o
 .debug_macro   0x0001196d       0x10 src/ASF/sam0/drivers/adc/adc_sam_d_r/adc.o
 .debug_macro   0x0001197d       0x52 src/ASF/sam0/drivers/adc/adc_sam_d_r/adc.o
 .debug_macro   0x000119cf       0x16 src/ASF/sam0/drivers/adc/adc_sam_d_r/adc.o
 .debug_macro   0x000119e5       0x43 src/ASF/sam0/drivers/adc/adc_sam_d_r/adc.o
 .debug_macro   0x00011a28      0x180 src/ASF/sam0/drivers/adc/adc_sam_d_r/adc.o
 .debug_macro   0x00011ba8       0x10 src/ASF/sam0/drivers/adc/adc_sam_d_r/adc.o
 .debug_macro   0x00011bb8       0x22 src/ASF/sam0/drivers/adc/adc_sam_d_r/adc.o
 .debug_macro   0x00011bda       0xbd src/ASF/sam0/drivers/adc/adc_sam_d_r/adc.o
 .debug_macro   0x00011c97       0x16 src/ASF/sam0/drivers/adc/adc_sam_d_r/adc.o
 .debug_macro   0x00011cad      0x16c src/ASF/sam0/drivers/adc/adc_sam_d_r/adc.o
 .debug_macro   0x00011e19       0x16 src/ASF/sam0/drivers/adc/adc_sam_d_r/adc.o
 .debug_macro   0x00011e2f       0x16 src/ASF/sam0/drivers/adc/adc_sam_d_r/adc.o
 .debug_macro   0x00011e45       0x29 src/ASF/sam0/drivers/adc/adc_sam_d_r/adc.o
 .debug_macro   0x00011e6e       0x51 src/ASF/sam0/drivers/adc/adc_sam_d_r/adc.o
 .debug_macro   0x00011ebf       0x3f src/ASF/sam0/drivers/adc/adc_sam_d_r/adc.o
 .debug_macro   0x00011efe      0x3df src/ASF/sam0/drivers/adc/adc_sam_d_r/adc.o
 .debug_macro   0x000122dd       0x11 src/ASF/sam0/drivers/adc/adc_sam_d_r/adc.o
 .debug_macro   0x000122ee       0x11 src/ASF/sam0/drivers/adc/adc_sam_d_r/adc.o
 .debug_macro   0x000122ff       0x2e src/ASF/sam0/drivers/adc/adc_sam_d_r/adc.o
 .debug_macro   0x0001232d       0x19 src/ASF/sam0/drivers/adc/adc_sam_d_r/adc.o
 .debug_macro   0x00012346      0x4c5 src/ASF/sam0/drivers/adc/adc_sam_d_r/adc_callback.o
 .debug_macro   0x0001280b      0x4c2 src/ASF/sam0/drivers/extint/extint_sam_d_r/extint.o
 .debug_macro   0x00012ccd       0x1f src/ASF/sam0/drivers/extint/extint_sam_d_r/extint.o
 .debug_macro   0x00012cec       0x16 src/ASF/sam0/drivers/extint/extint_sam_d_r/extint.o
 .debug_macro   0x00012d02      0x4d0 src/ASF/sam0/drivers/sercom/sercom.o
 .debug_macro   0x000131d2       0x9a src/ASF/sam0/drivers/sercom/sercom.o
 .debug_macro   0x0001326c       0x10 src/ASF/sam0/drivers/sercom/sercom.o
 .debug_macro   0x0001327c      0x442 src/ASF/sam0/utils/stdio/read.o
 .debug_macro   0x000136be      0x442 src/ASF/sam0/utils/stdio/write.o
 .debug_macro   0x00013b00      0x101 src/ASF/thirdparty/freertos/freertos-8.0.1/Source/portable/GCC/ARM_CM0/port.o
 .debug_macro   0x00013c01      0x15a src/ASF/thirdparty/freertos/freertos-8.0.1/Source/portable/MemMang/heap_1.o
 .debug_macro   0x00013d5b      0x139 src/ASF/thirdparty/freertos/freertos-8.0.1/Source/list.o
 .debug_macro   0x00013e94      0x1c9 src/ASF/thirdparty/freertos/freertos-8.0.1/Source/queue.o
 .debug_macro   0x0001405d      0x20c src/ASF/thirdparty/freertos/freertos-8.0.1/Source/tasks.o
 .debug_macro   0x00014269      0x176 src/ASF/thirdparty/freertos/freertos-8.0.1/Source/timers.o
 .debug_macro   0x000143df      0x4e1 src/ASF/sam0/drivers/sercom/usart/usart.o
 .debug_macro   0x000148c0       0x51 src/ASF/sam0/drivers/sercom/usart/usart.o
 .debug_macro   0x00014911      0x4e1 src/ASF/sam0/drivers/sercom/usart/usart_interrupt.o
 .debug_macro   0x00014df2      0x4cd src/ASF/sam0/drivers/sercom/sercom_interrupt.o
 .debug_macro   0x000152bf      0x467 src/ASF/sam0/drivers/extint/extint_callback.o
 .debug_macro   0x00015726       0x19 src/ASF/sam0/drivers/extint/extint_callback.o
 .debug_macro   0x0001573f      0x47d src/ASF/common2/services/delay/sam0/systick_counter.o
 .debug_macro   0x00015bbc       0x16 src/ASF/common2/services/delay/sam0/systick_counter.o
 .debug_macro   0x00015bd2      0x442 src/ASF/common/utils/interrupt/interrupt_sam_nvic.o
 .debug_macro   0x00016014      0x47e src/ASF/sam0/boards/samr21_xplained_pro/board_init.o
 .debug_macro   0x00016492       0x19 src/ASF/sam0/boards/samr21_xplained_pro/board_init.o
 .debug_macro   0x000164ab      0x45c src/ASF/sam0/drivers/port/port.o
 .debug_macro   0x00016907      0x4b4 src/ASF/sam0/drivers/system/clock/clock_samd21_r21/clock.o
 .debug_macro   0x00016dbb      0x29d src/ASF/sam0/drivers/system/clock/clock_samd21_r21/clock.o
 .debug_macro   0x00017058      0x478 src/ASF/sam0/drivers/system/clock/clock_samd21_r21/gclk.o
 .debug_macro   0x000174d0      0x454 src/ASF/sam0/drivers/system/pinmux/pinmux.o
 .debug_macro   0x00017924      0x486 src/ASF/sam0/drivers/system/system.o
 .debug_macro   0x00017daa      0x2af src/ASF/sam0/utils/cmsis/samr21/source/gcc/startup_samr21.o
 .debug_macro   0x00018059       0x3a src/ASF/sam0/utils/cmsis/samr21/source/gcc/startup_samr21.o
 .debug_macro   0x00018093      0x129 src/ASF/sam0/utils/syscalls/gcc/syscalls.o
 .debug_macro   0x000181bc       0x97 src/ASF/sam0/utils/syscalls/gcc/syscalls.o
 .debug_macro   0x00018253       0xef src/ASF/sam0/utils/syscalls/gcc/syscalls.o
 .debug_macro   0x00018342       0x16 src/ASF/sam0/utils/syscalls/gcc/syscalls.o
 .debug_macro   0x00018358       0x10 src/ASF/sam0/utils/syscalls/gcc/syscalls.o
 .debug_macro   0x00018368       0x41 src/ASF/sam0/utils/syscalls/gcc/syscalls.o
 .debug_macro   0x000183a9      0x120 src/ASF/sam0/utils/syscalls/gcc/syscalls.o
 .debug_macro   0x000184c9      0x6c3 src/main.o

.debug_line     0x00000000     0xfc3f
 .debug_line    0x00000000      0xc5a src/ASF/sam0/drivers/adc/adc_sam_d_r/adc.o
 .debug_line    0x00000c5a      0xb6c src/ASF/sam0/drivers/adc/adc_sam_d_r/adc_callback.o
 .debug_line    0x000017c6      0xb91 src/ASF/sam0/drivers/extint/extint_sam_d_r/extint.o
 .debug_line    0x00002357      0xb38 src/ASF/sam0/drivers/sercom/sercom.o
 .debug_line    0x00002e8f      0x828 src/ASF/sam0/utils/stdio/read.o
 .debug_line    0x000036b7      0x81e src/ASF/sam0/utils/stdio/write.o
 .debug_line    0x00003ed5      0x46a src/ASF/thirdparty/freertos/freertos-8.0.1/Source/portable/GCC/ARM_CM0/port.o
 .debug_line    0x0000433f      0x470 src/ASF/thirdparty/freertos/freertos-8.0.1/Source/portable/MemMang/heap_1.o
 .debug_line    0x000047af      0x46f src/ASF/thirdparty/freertos/freertos-8.0.1/Source/list.o
 .debug_line    0x00004c1e      0x9cf src/ASF/thirdparty/freertos/freertos-8.0.1/Source/queue.o
 .debug_line    0x000055ed      0xc1e src/ASF/thirdparty/freertos/freertos-8.0.1/Source/tasks.o
 .debug_line    0x0000620b      0x58d src/ASF/thirdparty/freertos/freertos-8.0.1/Source/timers.o
 .debug_line    0x00006798      0xc77 src/ASF/sam0/drivers/sercom/usart/usart.o
 .debug_line    0x0000740f      0xc05 src/ASF/sam0/drivers/sercom/usart/usart_interrupt.o
 .debug_line    0x00008014      0xaea src/ASF/sam0/drivers/sercom/sercom_interrupt.o
 .debug_line    0x00008afe      0x93c src/ASF/sam0/drivers/extint/extint_callback.o