Archive member included because of file (symbol)

c:/program files (x86)/atmel/atmel toolchain/arm gcc/native/4.8.1443/arm-gnu-toolchain/bin/../lib/gcc/arm-none-eabi/4.8.4/armv6-m\libgcc.a(_udivsi3.o)
                              src/ASF/common2/services/delay/sam0/systick_counter.o (__aeabi_uidiv)
c:/program files (x86)/atmel/atmel toolchain/arm gcc/native/4.8.1443/arm-gnu-toolchain/bin/../lib/gcc/arm-none-eabi/4.8.4/armv6-m\libgcc.a(_dvmd_tls.o)
                              c:/program files (x86)/atmel/atmel toolchain/arm gcc/native/4.8.1443/arm-gnu-toolchain/bin/../lib/gcc/arm-none-eabi/4.8.4/armv6-m\libgcc.a(_udivsi3.o) (__aeabi_idiv0)
c:/program files (x86)/atmel/atmel toolchain/arm gcc/native/4.8.1443/arm-gnu-toolchain/bin/../lib/gcc/arm-none-eabi/4.8.4/armv6-m\libgcc.a(_muldi3.o)
                              src/ASF/sam0/drivers/sercom/sercom.o (__aeabi_lmul)
c:/program files (x86)/atmel/atmel toolchain/arm gcc/native/4.8.1443/arm-gnu-toolchain/bin/../lib/gcc/arm-none-eabi/4.8.4/armv6-m\libgcc.a(_fixunsdfsi.o)
                              src/qs_adc_basic.o (__aeabi_d2uiz)
c:/program files (x86)/atmel/atmel toolchain/arm gcc/native/4.8.1443/arm-gnu-toolchain/bin/../lib/gcc/arm-none-eabi/4.8.4/armv6-m\libgcc.a(floatunsisf.o)
                              src/qs_adc_basic.o (__aeabi_ui2f)
c:/program files (x86)/atmel/atmel toolchain/arm gcc/native/4.8.1443/arm-gnu-toolchain/bin/../lib/gcc/arm-none-eabi/4.8.4/armv6-m\libgcc.a(adddf3.o)
                              src/qs_adc_basic.o (__aeabi_dadd)
c:/program files (x86)/atmel/atmel toolchain/arm gcc/native/4.8.1443/arm-gnu-toolchain/bin/../lib/gcc/arm-none-eabi/4.8.4/armv6-m\libgcc.a(divdf3.o)
                              src/qs_adc_basic.o (__aeabi_ddiv)
c:/program files (x86)/atmel/atmel toolchain/arm gcc/native/4.8.1443/arm-gnu-toolchain/bin/../lib/gcc/arm-none-eabi/4.8.4/armv6-m\libgcc.a(muldf3.o)
                              src/qs_adc_basic.o (__aeabi_dmul)
c:/program files (x86)/atmel/atmel toolchain/arm gcc/native/4.8.1443/arm-gnu-toolchain/bin/../lib/gcc/arm-none-eabi/4.8.4/armv6-m\libgcc.a(subdf3.o)
                              c:/program files (x86)/atmel/atmel toolchain/arm gcc/native/4.8.1443/arm-gnu-toolchain/bin/../lib/gcc/arm-none-eabi/4.8.4/armv6-m\libgcc.a(_fixunsdfsi.o) (__aeabi_dsub)
c:/program files (x86)/atmel/atmel toolchain/arm gcc/native/4.8.1443/arm-gnu-toolchain/bin/../lib/gcc/arm-none-eabi/4.8.4/armv6-m\libgcc.a(fixdfsi.o)
                              c:/program files (x86)/atmel/atmel toolchain/arm gcc/native/4.8.1443/arm-gnu-toolchain/bin/../lib/gcc/arm-none-eabi/4.8.4/armv6-m\libgcc.a(_fixunsdfsi.o) (__aeabi_d2iz)
c:/program files (x86)/atmel/atmel toolchain/arm gcc/native/4.8.1443/arm-gnu-toolchain/bin/../lib/gcc/arm-none-eabi/4.8.4/armv6-m\libgcc.a(extendsfdf2.o)
                              src/qs_adc_basic.o (__aeabi_f2d)
c:/program files (x86)/atmel/atmel toolchain/arm gcc/native/4.8.1443/arm-gnu-toolchain/bin/../lib/gcc/arm-none-eabi/4.8.4/armv6-m\libgcc.a(_arm_cmpdf2.o)
                              c:/program files (x86)/atmel/atmel toolchain/arm gcc/native/4.8.1443/arm-gnu-toolchain/bin/../lib/gcc/arm-none-eabi/4.8.4/armv6-m\libgcc.a(_fixunsdfsi.o) (__aeabi_dcmpge)
c:/program files (x86)/atmel/atmel toolchain/arm gcc/native/4.8.1443/arm-gnu-toolchain/bin/../lib/gcc/arm-none-eabi/4.8.4/armv6-m\libgcc.a(_clzsi2.o)
                              c:/program files (x86)/atmel/atmel toolchain/arm gcc/native/4.8.1443/arm-gnu-toolchain/bin/../lib/gcc/arm-none-eabi/4.8.4/armv6-m\libgcc.a(floatunsisf.o) (__clzsi2)
c:/program files (x86)/atmel/atmel toolchain/arm gcc/native/4.8.1443/arm-gnu-toolchain/bin/../lib/gcc/arm-none-eabi/4.8.4/armv6-m\libgcc.a(eqdf2.o)
                              c:/program files (x86)/atmel/atmel toolchain/arm gcc/native/4.8.1443/arm-gnu-toolchain/bin/../lib/gcc/arm-none-eabi/4.8.4/armv6-m\libgcc.a(_arm_cmpdf2.o) (__eqdf2)
c:/program files (x86)/atmel/atmel toolchain/arm gcc/native/4.8.1443/arm-gnu-toolchain/bin/../lib/gcc/arm-none-eabi/4.8.4/armv6-m\libgcc.a(gedf2.o)
                              c:/program files (x86)/atmel/atmel toolchain/arm gcc/native/4.8.1443/arm-gnu-toolchain/bin/../lib/gcc/arm-none-eabi/4.8.4/armv6-m\libgcc.a(_arm_cmpdf2.o) (__gedf2)
c:/program files (x86)/atmel/atmel toolchain/arm gcc/native/4.8.1443/arm-gnu-toolchain/bin/../lib/gcc/arm-none-eabi/4.8.4/armv6-m\libgcc.a(ledf2.o)
                              c:/program files (x86)/atmel/atmel toolchain/arm gcc/native/4.8.1443/arm-gnu-toolchain/bin/../lib/gcc/arm-none-eabi/4.8.4/armv6-m\libgcc.a(_arm_cmpdf2.o) (__ledf2)
c:/program files (x86)/atmel/atmel toolchain/arm gcc/native/4.8.1443/arm-gnu-toolchain/bin/../lib/gcc/arm-none-eabi/4.8.4/../../../../arm-none-eabi/lib/armv6-m\libc_s.a(lib_a-exit.o)
                              c:/program files (x86)/atmel/atmel toolchain/arm gcc/native/4.8.1443/arm-gnu-toolchain/bin/../lib/gcc/arm-none-eabi/4.8.4/../../../../arm-none-eabi/lib/armv6-m/crt0.o (exit)
[...]
Memory Configuration

Name             Origin             Length             Attributes
rom              0x00000000         0x00040000         xr
ram              0x20000000         0x00008000         xrw
*default*        0x00000000         0xffffffff

Linker script and memory map

LOAD c:/program files (x86)/atmel/atmel toolchain/arm gcc/native/4.8.1443/arm-gnu-toolchain/bin/../lib/gcc/arm-none-eabi/4.8.4/armv6-m/crti.o
LOAD c:/program files (x86)/atmel/atmel toolchain/arm gcc/native/4.8.1443/arm-gnu-toolchain/bin/../lib/gcc/arm-none-eabi/4.8.4/armv6-m/crtbegin.o
LOAD c:/program files (x86)/atmel/atmel toolchain/arm gcc/native/4.8.1443/arm-gnu-toolchain/bin/../lib/gcc/arm-none-eabi/4.8.4/../../../../arm-none-eabi/lib/armv6-m/crt0.o
LOAD src/ASF/sam0/drivers/sercom/sercom.o
LOAD src/ASF/sam0/utils/stdio/read.o
LOAD src/ASF/sam0/utils/stdio/write.o
LOAD src/ASF/thirdparty/wireless/addons/sio2host/uart/sio2host.o
LOAD src/ASF/sam0/drivers/sercom/usart/usart.o
LOAD src/ASF/sam0/drivers/sercom/usart/usart_interrupt.o
LOAD src/ASF/sam0/drivers/sercom/sercom_interrupt.o
LOAD src/ASF/common2/services/delay/sam0/systick_counter.o
LOAD src/ASF/common/utils/interrupt/interrupt_sam_nvic.o
LOAD src/ASF/sam0/boards/samr21_xplained_pro/board_init.o
LOAD src/ASF/sam0/drivers/adc/adc_sam_d_r/adc.o
LOAD src/ASF/sam0/drivers/port/port.o
LOAD src/ASF/sam0/drivers/system/clock/clock_samd21_r21/clock.o
LOAD src/ASF/sam0/drivers/system/clock/clock_samd21_r21/gclk.o
LOAD src/ASF/sam0/drivers/system/interrupt/system_interrupt.o
LOAD src/ASF/sam0/drivers/system/pinmux/pinmux.o
LOAD src/ASF/sam0/drivers/system/system.o
LOAD src/ASF/sam0/utils/cmsis/samr21/source/gcc/startup_samr21.o
LOAD src/ASF/sam0/utils/cmsis/samr21/source/system_samr21.o
LOAD src/ASF/sam0/utils/syscalls/gcc/syscalls.o
LOAD src/qs_adc_basic.o
START GROUP
LOAD ../src/ASF/thirdparty/CMSIS/Lib/GCC\libarm_cortexM0l_math.a
LOAD c:/program files (x86)/atmel/atmel toolchain/arm gcc/native/4.8.1443/arm-gnu-toolchain/bin/../lib/gcc/arm-none-eabi/4.8.4/../../../../arm-none-eabi/lib/armv6-m\libm.a
END GROUP
START GROUP
LOAD c:/program files (x86)/atmel/atmel toolchain/arm gcc/native/4.8.1443/arm-gnu-toolchain/bin/../lib/gcc/arm-none-eabi/4.8.4/armv6-m\libgcc.a
LOAD c:/program files (x86)/atmel/atmel toolchain/arm gcc/native/4.8.1443/arm-gnu-toolchain/bin/../lib/gcc/arm-none-eabi/4.8.4/../../../../arm-none-eabi/lib/armv6-m\libc_s.a
END GROUP
START GROUP
LOAD c:/program files (x86)/atmel/atmel toolchain/arm gcc/native/4.8.1443/arm-gnu-toolchain/bin/../lib/gcc/arm-none-eabi/4.8.4/armv6-m\libgcc.a
LOAD c:/program files (x86)/atmel/atmel toolchain/arm gcc/native/4.8.1443/arm-gnu-toolchain/bin/../lib/gcc/arm-none-eabi/4.8.4/../../../../arm-none-eabi/lib/armv6-m\libc_s.a
END GROUP
LOAD c:/program files (x86)/atmel/atmel toolchain/arm gcc/native/4.8.1443/arm-gnu-toolchain/bin/../lib/gcc/arm-none-eabi/4.8.4/armv6-m/crtend.o
LOAD c:/program files (x86)/atmel/atmel toolchain/arm gcc/native/4.8.1443/arm-gnu-toolchain/bin/../lib/gcc/arm-none-eabi/4.8.4/armv6-m/crtn.o
                0x00002000                STACK_SIZE = DEFINED (STACK_SIZE)?STACK_SIZE:DEFINED (__stack_size__)?__stack_size__:0x2000

.text           0x00000000     0x4b0c
                0x00000000                . = ALIGN (0x4)
                0x00000000                _sfixed = .
 *(.vectors .vectors.*)
 .vectors       0x00000000       0xb4 src/ASF/sam0/utils/cmsis/samr21/source/gcc/startup_samr21.o
                0x00000000                exception_table
 *(.text .text.* .gnu.linkonce.t.*)
 .text          0x000000b4       0x60 c:/program files (x86)/atmel/atmel toolchain/arm gcc/native/4.8.1443/arm-gnu-toolchain/bin/../lib/gcc/arm-none-eabi/4.8.4/armv6-m/crtbegin.o
 .text._sercom_get_sync_baud_val
                0x00000114       0x28 src/ASF/sam0/drivers/sercom/sercom.o
                0x00000114                _sercom_get_sync_baud_val
 *fill*         0x0000013c        0x4 
 .text._sercom_get_async_baud_val
                0x00000140      0x1b0 src/ASF/sam0/drivers/sercom/sercom.o
                0x00000140                _sercom_get_async_baud_val
 .text.sercom_set_gclk_generator
                0x000002f0       0x50 src/ASF/sam0/drivers/sercom/sercom.o
                0x000002f0                sercom_set_gclk_generator
 .text._sercom_get_default_pad
                0x00000340      0x188 src/ASF/sam0/drivers/sercom/sercom.o
                0x00000340                _sercom_get_default_pad
 .text._sercom_get_sercom_inst_index
                0x000004c8       0x3c src/ASF/sam0/drivers/sercom/sercom.o
                0x000004c8                _sercom_get_sercom_inst_index
 .text._read    0x00000504       0x44 src/ASF/sam0/utils/stdio/read.o
                0x00000504                _read
 .text._write   0x00000548       0x54 src/ASF/sam0/utils/stdio/write.o
                0x00000548                _write
 .text.usart_init
                0x0000059c      0x308 src/ASF/sam0/drivers/sercom/usart/usart.o
                0x0000059c                usart_init
 .text.usart_write_wait
                0x000008a4       0x2c src/ASF/sam0/drivers/sercom/usart/usart.o
                0x000008a4                usart_write_wait
 .text.usart_read_wait
                0x000008d0       0x78 src/ASF/sam0/drivers/sercom/usart/usart.o
                0x000008d0                usart_read_wait
 .text._usart_interrupt_handler
                0x00000948      0x19c src/ASF/sam0/drivers/sercom/usart/usart_interrupt.o
                0x00000948                _usart_interrupt_handler
 .text._sercom_default_handler
                0x00000ae4        0x4 src/ASF/sam0/drivers/sercom/sercom_interrupt.o
 .text._sercom_set_handler
                0x00000ae8       0x3c src/ASF/sam0/drivers/sercom/sercom_interrupt.o
                0x00000ae8                _sercom_set_handler
 .text._sercom_get_interrupt_vector
                0x00000b24       0x2c src/ASF/sam0/drivers/sercom/sercom_interrupt.o
                0x00000b24                _sercom_get_interrupt_vector
 .text.SERCOM0_Handler
                0x00000b50       0x10 src/ASF/sam0/drivers/sercom/sercom_interrupt.o
                0x00000b50                SERCOM0_Handler
 .text.SERCOM1_Handler
                0x00000b60       0x10 src/ASF/sam0/drivers/sercom/sercom_interrupt.o
                0x00000b60                SERCOM1_Handler
 .text.SERCOM2_Handler
                0x00000b70       0x10 src/ASF/sam0/drivers/sercom/sercom_interrupt.o
                0x00000b70                SERCOM2_Handler
 .text.SERCOM3_Handler
                0x00000b80       0x10 src/ASF/sam0/drivers/sercom/sercom_interrupt.o
                0x00000b80                SERCOM3_Handler
 .text.SERCOM4_Handler
                0x00000b90       0x10 src/ASF/sam0/drivers/sercom/sercom_interrupt.o
                0x00000b90                SERCOM4_Handler
 .text.SERCOM5_Handler
                0x00000ba0       0x10 src/ASF/sam0/drivers/sercom/sercom_interrupt.o
                0x00000ba0                SERCOM5_Handler
 .text.delay_init
                0x00000bb0       0x3c src/ASF/common2/services/delay/sam0/systick_counter.o
                0x00000bb0                delay_init
 .text.delay_cycles_ms
                0x00000bec       0x2c src/ASF/common2/services/delay/sam0/systick_counter.o
                0x00000bec                delay_cycles_ms
 .text.cpu_irq_enter_critical
                0x00000c18       0x40 src/ASF/common/utils/interrupt/interrupt_sam_nvic.o
                0x00000c18                cpu_irq_enter_critical
 .text.cpu_irq_leave_critical
                0x00000c58       0x30 src/ASF/common/utils/interrupt/interrupt_sam_nvic.o
                0x00000c58                cpu_irq_leave_critical
 .text.system_board_init
                0x00000c88       0x38 src/ASF/sam0/boards/samr21_xplained_pro/board_init.o
                0x00000c88                board_init
                0x00000c88                system_board_init
 .text.adc_get_config_defaults
                0x00000cc0       0x48 src/ASF/sam0/drivers/adc/adc_sam_d_r/adc.o
                0x00000cc0                adc_get_config_defaults
 .text.adc_init
                0x00000d08      0x3f8 src/ASF/sam0/drivers/adc/adc_sam_d_r/adc.o
                0x00000d08                adc_init
 .text.port_pin_set_config
                0x00001100       0x24 src/ASF/sam0/drivers/port/port.o
                0x00001100                port_pin_set_config
 .text.system_clock_source_get_hz
                0x00001124       0x90 src/ASF/sam0/drivers/system/clock/clock_samd21_r21/clock.o
                0x00001124                system_clock_source_get_hz
 .text.system_clock_source_osc8m_set_config
                0x000011b4       0x3c src/ASF/sam0/drivers/system/clock/clock_samd21_r21/clock.o
                0x000011b4                system_clock_source_osc8m_set_config
 .text.system_clock_source_enable
                0x000011f0       0xa0 src/ASF/sam0/drivers/system/clock/clock_samd21_r21/clock.o
                0x000011f0                system_clock_source_enable
 .text.system_clock_init
                0x00001290       0x94 src/ASF/sam0/drivers/system/clock/clock_samd21_r21/clock.o
                0x00001290                system_clock_init
 .text.system_gclk_init
                0x00001324       0x24 src/ASF/sam0/drivers/system/clock/clock_samd21_r21/gclk.o
                0x00001324                system_gclk_init
 .text.system_gclk_gen_set_config
                0x00001348       0xb4 src/ASF/sam0/drivers/system/clock/clock_samd21_r21/gclk.o
                0x00001348                system_gclk_gen_set_config
 .text.system_gclk_gen_enable
                0x000013fc       0x44 src/ASF/sam0/drivers/system/clock/clock_samd21_r21/gclk.o
                0x000013fc                system_gclk_gen_enable
 .text.system_gclk_gen_get_hz
                0x00001440       0x8c src/ASF/sam0/drivers/system/clock/clock_samd21_r21/gclk.o
                0x00001440                system_gclk_gen_get_hz
 .text.system_gclk_chan_enable
                0x000014cc       0x30 src/ASF/sam0/drivers/system/clock/clock_samd21_r21/gclk.o
                0x000014cc                system_gclk_chan_enable
 .text.system_gclk_chan_disable
                0x000014fc       0x5c src/ASF/sam0/drivers/system/clock/clock_samd21_r21/gclk.o
                0x000014fc                system_gclk_chan_disable
 .text.system_gclk_chan_set_config
                0x00001558       0x1c src/ASF/sam0/drivers/system/clock/clock_samd21_r21/gclk.o
                0x00001558                system_gclk_chan_set_config
 .text.system_gclk_chan_get_hz
                0x00001574       0x34 src/ASF/sam0/drivers/system/clock/clock_samd21_r21/gclk.o
                0x00001574                system_gclk_chan_get_hz
 .text._system_pinmux_config
                0x000015a8       0x8c src/ASF/sam0/drivers/system/pinmux/pinmux.o
 .text.system_pinmux_pin_set_config
                0x00001634       0x2c src/ASF/sam0/drivers/system/pinmux/pinmux.o
                0x00001634                system_pinmux_pin_set_config
 .text._system_dummy_init
                0x00001660        0x4 src/ASF/sam0/drivers/system/system.o
                0x00001660                _system_events_init
                0x00001660                _system_dummy_init
                0x00001660                _system_extint_init
 .text.system_init
                0x00001664       0x24 src/ASF/sam0/drivers/system/system.o
                0x00001664                system_init
 .text.Dummy_Handler
                0x00001688        0x4 src/ASF/sam0/utils/cmsis/samr21/source/gcc/startup_samr21.o
                0x00001688                DMAC_Handler
                0x00001688                HardFault_Handler
                0x00001688                AC_Handler
                0x00001688                SysTick_Handler
                0x00001688                PendSV_Handler
                0x00001688                NMI_Handler
                0x00001688                ADC_Handler
                0x00001688                TCC1_Handler
                0x00001688                TCC0_Handler
                0x00001688                RTC_Handler
                0x00001688                EIC_Handler
                0x00001688                WDT_Handler
                0x00001688                TC4_Handler
                0x00001688                USB_Handler
                0x00001688                TC3_Handler
                0x00001688                Dummy_Handler
                0x00001688                PM_Handler
                0x00001688                SVC_Handler
                0x00001688                TCC2_Handler
                0x00001688                EVSYS_Handler
                0x00001688                I2S_Handler
                0x00001688                NVMCTRL_Handler
                0x00001688                PTC_Handler
                0x00001688                TC5_Handler
                0x00001688                SYSCTRL_Handler
 .text.Reset_Handler
                0x0000168c       0xa0 src/ASF/sam0/utils/cmsis/samr21/source/gcc/startup_samr21.o
                0x0000168c                Reset_Handler
 .text._sbrk    0x0000172c       0x24 src/ASF/sam0/utils/syscalls/gcc/syscalls.o
                0x0000172c                _sbrk
 .text._close   0x00001750        0x8 src/ASF/sam0/utils/syscalls/gcc/syscalls.o
                0x00001750                _close
 .text._fstat   0x00001758        0xc src/ASF/sam0/utils/syscalls/gcc/syscalls.o
                0x00001758                _fstat
 .text._isatty  0x00001764        0x4 src/ASF/sam0/utils/syscalls/gcc/syscalls.o
                0x00001764                _isatty
 .text._lseek   0x00001768        0x4 src/ASF/sam0/utils/syscalls/gcc/syscalls.o
                0x00001768                _lseek
 .text.usart_serial_getchar
                0x0000176c       0x2c src/qs_adc_basic.o
 .text.usart_serial_putchar
                0x00001798       0x18 src/qs_adc_basic.o
 .text.configure_adc
                0x000017b0       0x5c src/qs_adc_basic.o
                0x000017b0                configure_adc
 *fill*         0x0000180c        0x4 
 .text.main     0x00001810      0x270 src/qs_adc_basic.o
                0x00001810                main
 .text          0x00001a80       0x9c c:/program files (x86)/atmel/atmel toolchain/arm gcc/native/4.8.1443/arm-gnu-toolchain/bin/../lib/gcc/arm-none-eabi/4.8.4/armv6-m\libgcc.a(_udivsi3.o)
                0x00001a80                __aeabi_uidiv
                0x00001a80                __udivsi3
                0x00001b08                __aeabi_uidivmod
 .text          0x00001b1c        0x4 c:/program files (x86)/atmel/atmel toolchain/arm gcc/native/4.8.1443/arm-gnu-toolchain/bin/../lib/gcc/arm-none-eabi/4.8.4/armv6-m\libgcc.a(_dvmd_tls.o)
                0x00001b1c                __aeabi_idiv0
                0x00001b1c                __aeabi_ldiv0
 .text          0x00001b20       0x44 c:/program files (x86)/atmel/atmel toolchain/arm gcc/native/4.8.1443/arm-gnu-toolchain/bin/../lib/gcc/arm-none-eabi/4.8.4/armv6-m\libgcc.a(_muldi3.o)
                0x00001b20                __muldi3
                0x00001b20                __aeabi_lmul
 *fill*         0x00001b64        0x4 
 .text          0x00001b68       0x40 c:/program files (x86)/atmel/atmel toolchain/arm gcc/native/4.8.1443/arm-gnu-toolchain/bin/../lib/gcc/arm-none-eabi/4.8.4/armv6-m\libgcc.a(_fixunsdfsi.o)
                0x00001b68                __aeabi_d2uiz
                0x00001b68                __fixunsdfsi
 .text          0x00001ba8       0xa0 c:/program files (x86)/atmel/atmel toolchain/arm gcc/native/4.8.1443/arm-gnu-toolchain/bin/../lib/gcc/arm-none-eabi/4.8.4/armv6-m\libgcc.a(floatunsisf.o)
                0x00001ba8                __aeabi_ui2f
 .text          0x00001c48      0x644 c:/program files (x86)/atmel/atmel toolchain/arm gcc/native/4.8.1443/arm-gnu-toolchain/bin/../lib/gcc/arm-none-eabi/4.8.4/armv6-m\libgcc.a(adddf3.o)
                0x00001c48                __aeabi_dadd
 .text          0x0000228c      0x648 c:/program files (x86)/atmel/atmel toolchain/arm gcc/native/4.8.1443/arm-gnu-toolchain/bin/../lib/gcc/arm-none-eabi/4.8.4/armv6-m\libgcc.a(divdf3.o)
                0x0000228c                __aeabi_ddiv
 .text          0x000028d4      0x520 c:/program files (x86)/atmel/atmel toolchain/arm gcc/native/4.8.1443/arm-gnu-toolchain/bin/../lib/gcc/arm-none-eabi/4.8.4/armv6-m\libgcc.a(muldf3.o)
                0x000028d4                __aeabi_dmul
 .text          0x00002df4      0x668 c:/program files (x86)/atmel/atmel toolchain/arm gcc/native/4.8.1443/arm-gnu-toolchain/bin/../lib/gcc/arm-none-eabi/4.8.4/armv6-m\libgcc.a(subdf3.o)
                0x00002df4                __aeabi_dsub
 .text          0x0000345c       0x68 c:/program files (x86)/atmel/atmel toolchain/arm gcc/native/4.8.1443/arm-gnu-toolchain/bin/../lib/gcc/arm-none-eabi/4.8.4/armv6-m\libgcc.a(fixdfsi.o)
                0x0000345c                __aeabi_d2iz
 .text          0x000034c4       0xa4 c:/program files (x86)/atmel/atmel toolchain/arm gcc/native/4.8.1443/arm-gnu-toolchain/bin/../lib/gcc/arm-none-eabi/4.8.4/armv6-m\libgcc.a(extendsfdf2.o)
                0x000034c4                __aeabi_f2d
 .text          0x00003568       0x7c c:/program files (x86)/atmel/atmel toolchain/arm gcc/native/4.8.1443/arm-gnu-toolchain/bin/../lib/gcc/arm-none-eabi/4.8.4/armv6-m\libgcc.a(_arm_cmpdf2.o)
                0x00003568                __aeabi_cdrcmple
                0x00003578                __aeabi_cdcmple
                0x00003578                __aeabi_cdcmpeq
                0x00003588                __aeabi_dcmpeq
                0x00003594                __aeabi_dcmplt
                0x000035a8                __aeabi_dcmple
                0x000035bc                __aeabi_dcmpgt
                0x000035d0                __aeabi_dcmpge
 .text          0x000035e4       0x3c c:/program files (x86)/atmel/atmel toolchain/arm gcc/native/4.8.1443/arm-gnu-toolchain/bin/../lib/gcc/arm-none-eabi/4.8.4/armv6-m\libgcc.a(_clzsi2.o)
                0x000035e4                __clzsi2
 .text          0x00003620       0x94 c:/program files (x86)/atmel/atmel toolchain/arm gcc/native/4.8.1443/arm-gnu-toolchain/bin/../lib/gcc/arm-none-eabi/4.8.4/armv6-m\libgcc.a(eqdf2.o)
                0x00003620                __nedf2
                0x00003620                __eqdf2
 .text          0x000036b4       0xfc c:/program files (x86)/atmel/atmel toolchain/arm gcc/native/4.8.1443/arm-gnu-toolchain/bin/../lib/gcc/arm-none-eabi/4.8.4/armv6-m\libgcc.a(gedf2.o)
                0x000036b4                __gedf2
                0x000036b4                __gtdf2
 .text          0x000037b0       0xfc c:/program files (x86)/atmel/atmel toolchain/arm gcc/native/4.8.1443/arm-gnu-toolchain/bin/../lib/gcc/arm-none-eabi/4.8.4/armv6-m\libgcc.a(ledf2.o)
                0x000037b0                __ledf2
                0x000037b0                __ltdf2
 .text.__libc_init_array
                0x000038ac       0x4c c:/program files (x86)/atmel/atmel toolchain/arm gcc/native/4.8.1443/arm-gnu-toolchain/bin/../lib/gcc/arm-none-eabi/4.8.4/../../../../arm-none-eabi/lib/armv6-m\libc_s.a(lib_a-init.o)
                0x000038ac                __libc_init_array
 .text.memcpy   0x000038f8       0x12 c:/program files (x86)/atmel/atmel toolchain/arm gcc/native/4.8.1443/arm-gnu-toolchain/bin/../lib/gcc/arm-none-eabi/4.8.4/../../../../arm-none-eabi/lib/armv6-m\libc_s.a(lib_a-memcpy-stub.o)
                0x000038f8                memcpy
 .text.memset   0x0000390a       0x10 c:/program files (x86)/atmel/atmel toolchain/arm gcc/native/4.8.1443/arm-gnu-toolchain/bin/../lib/gcc/arm-none-eabi/4.8.4/../../../../arm-none-eabi/lib/armv6-m\libc_s.a(lib_a-memset.o)
                0x0000390a                memset
 *fill*         0x0000391a        0x2 
 .text.printf   0x0000391c       0x34 c:/program files (x86)/atmel/atmel toolchain/arm gcc/native/4.8.1443/arm-gnu-toolchain/bin/../lib/gcc/arm-none-eabi/4.8.4/../../../../arm-none-eabi/lib/armv6-m\libc_s.a(lib_a-printf.o)
                0x0000391c                iprintf
                0x0000391c                printf
 .text.setbuf   0x00003950       0x12 c:/program files (x86)/atmel/atmel toolchain/arm gcc/native/4.8.1443/arm-gnu-toolchain/bin/../lib/gcc/arm-none-eabi/4.8.4/../../../../arm-none-eabi/lib/armv6-m\libc_s.a(lib_a-setbuf.o)
                0x00003950                setbuf
 *fill*         0x00003962        0x2 
 .text.setvbuf  0x00003964      0x10c c:/program files (x86)/atmel/atmel toolchain/arm gcc/native/4.8.1443/arm-gnu-toolchain/bin/../lib/gcc/arm-none-eabi/4.8.4/../../../../arm-none-eabi/lib/armv6-m\libc_s.a(lib_a-setvbuf.o)
                0x00003964                setvbuf
 .text.__sfputc_r
                0x00003a70       0x2a c:/program files (x86)/atmel/atmel toolchain/arm gcc/native/4.8.1443/arm-gnu-toolchain/bin/../lib/gcc/arm-none-eabi/4.8.4/../../../../arm-none-eabi/lib/armv6-m\libc_s.a(lib_a-vfprintf.o)
 .text.__sfputs_r
                0x00003a9a       0x24 c:/program files (x86)/atmel/atmel toolchain/arm gcc/native/4.8.1443/arm-gnu-toolchain/bin/../lib/gcc/arm-none-eabi/4.8.4/../../../../arm-none-eabi/lib/armv6-m\libc_s.a(lib_a-vfprintf.o)
                0x00003a9a                __sfputs_r
 *fill*         0x00003abe        0x2 
 .text._vfprintf_r
                0x00003ac0      0x210 c:/program files (x86)/atmel/atmel toolchain/arm gcc/native/4.8.1443/arm-gnu-toolchain/bin/../lib/gcc/arm-none-eabi/4.8.4/../../../../arm-none-eabi/lib/armv6-m\libc_s.a(lib_a-vfprintf.o)
                0x00003ac0                _vfprintf_r
                0x00003ac0                _vfiprintf_r
 .text._printf_common
                0x00003cd0       0xe8 c:/program files (x86)/atmel/atmel toolchain/arm gcc/native/4.8.1443/arm-gnu-toolchain/bin/../lib/gcc/arm-none-eabi/4.8.4/../../../../arm-none-eabi/lib/armv6-m\libc_s.a(lib_a-vfprintf_i.o)
                0x00003cd0                _printf_common
 .text._printf_i
                0x00003db8      0x22c c:/program files (x86)/atmel/atmel toolchain/arm gcc/native/4.8.1443/arm-gnu-toolchain/bin/../lib/gcc/arm-none-eabi/4.8.4/../../../../arm-none-eabi/lib/armv6-m\libc_s.a(lib_a-vfprintf_i.o)
                0x00003db8                _printf_i
 .text.__swbuf_r
                0x00003fe4       0xb0 c:/program files (x86)/atmel/atmel toolchain/arm gcc/native/4.8.1443/arm-gnu-toolchain/bin/../lib/gcc/arm-none-eabi/4.8.4/../../../../arm-none-eabi/lib/armv6-m\libc_s.a(lib_a-wbuf.o)
                0x00003fe4                __swbuf_r
 .text.__swsetup_r
                0x00004094       0xe4 c:/program files (x86)/atmel/atmel toolchain/arm gcc/native/4.8.1443/arm-gnu-toolchain/bin/../lib/gcc/arm-none-eabi/4.8.4/../../../../arm-none-eabi/lib/armv6-m\libc_s.a(lib_a-wsetup.o)
                0x00004094                __swsetup_r
 .text.__sflush_r
                0x00004178      0x112 c:/program files (x86)/atmel/atmel toolchain/arm gcc/native/4.8.1443/arm-gnu-toolchain/bin/../lib/gcc/arm-none-eabi/4.8.4/../../../../arm-none-eabi/lib/armv6-m\libc_s.a(lib_a-fflush.o)
                0x00004178                __sflush_r
 *fill*         0x0000428a        0x2 
 .text._fflush_r
                0x0000428c       0x58 c:/program files (x86)/atmel/atmel toolchain/arm gcc/native/4.8.1443/arm-gnu-toolchain/bin/../lib/gcc/arm-none-eabi/4.8.4/../../../../arm-none-eabi/lib/armv6-m\libc_s.a(lib_a-fflush.o)
                0x0000428c                _fflush_r
 .text._cleanup_r
                0x000042e4       0x34 c:/program files (x86)/atmel/atmel toolchain/arm gcc/native/4.8.1443/arm-gnu-toolchain/bin/../lib/gcc/arm-none-eabi/4.8.4/../../../../arm-none-eabi/lib/armv6-m\libc_s.a(lib_a-findfp.o)
                0x000042e4                _cleanup_r
 .text.std.isra.0
                0x00004318       0x48 c:/program files (x86)/atmel/atmel toolchain/arm gcc/native/4.8.1443/arm-gnu-toolchain/bin/../lib/gcc/arm-none-eabi/4.8.4/../../../../arm-none-eabi/lib/armv6-m\libc_s.a(lib_a-findfp.o)
 .text.__sfmoreglue
                0x00004360       0x2c c:/program files (x86)/atmel/atmel toolchain/arm gcc/native/4.8.1443/arm-gnu-toolchain/bin/../lib/gcc/arm-none-eabi/4.8.4/../../../../arm-none-eabi/lib/armv6-m\libc_s.a(lib_a-findfp.o)
                0x00004360                __sfmoreglue
 .text.__sinit  0x0000438c       0x64 c:/program files (x86)/atmel/atmel toolchain/arm gcc/native/4.8.1443/arm-gnu-toolchain/bin/../lib/gcc/arm-none-eabi/4.8.4/../../../../arm-none-eabi/lib/armv6-m\libc_s.a(lib_a-findfp.o)
                0x0000438c                __sinit
 .text.__sfp    0x000043f0       0x7c c:/program files (x86)/atmel/atmel toolchain/arm gcc/native/4.8.1443/arm-gnu-toolchain/bin/../lib/gcc/arm-none-eabi/4.8.4/../../../../arm-none-eabi/lib/armv6-m\libc_s.a(lib_a-findfp.o)
                0x000043f0                __sfp
 .text.__smakebuf_r
                0x0000446c       0xa0 c:/program files (x86)/atmel/atmel toolchain/arm gcc/native/4.8.1443/arm-gnu-toolchain/bin/../lib/gcc/arm-none-eabi/4.8.4/../../../../arm-none-eabi/lib/armv6-m\libc_s.a(lib_a-makebuf.o)
                0x0000446c                __smakebuf_r
 .text.malloc   0x0000450c       0x14 c:/program files (x86)/atmel/atmel toolchain/arm gcc/native/4.8.1443/arm-gnu-toolchain/bin/../lib/gcc/arm-none-eabi/4.8.4/../../../../arm-none-eabi/lib/armv6-m\libc_s.a(lib_a-malloc.o)
                0x0000450c                malloc
 .text.memchr   0x00004520       0x16 c:/program files (x86)/atmel/atmel toolchain/arm gcc/native/4.8.1443/arm-gnu-toolchain/bin/../lib/gcc/arm-none-eabi/4.8.4/../../../../arm-none-eabi/lib/armv6-m\libc_s.a(lib_a-memchr-stub.o)
                0x00004520                memchr
 *fill*         0x00004536        0x2 
 .text._free_r  0x00004538       0x90 c:/program files (x86)/atmel/atmel toolchain/arm gcc/native/4.8.1443/arm-gnu-toolchain/bin/../lib/gcc/arm-none-eabi/4.8.4/../../../../arm-none-eabi/lib/armv6-m\libc_s.a(lib_a-nano-freer.o)
                0x00004538                _free_r
 .text._malloc_r
                0x000045c8       0xa8 c:/program files (x86)/atmel/atmel toolchain/arm gcc/native/4.8.1443/arm-gnu-toolchain/bin/../lib/gcc/arm-none-eabi/4.8.4/../../../../arm-none-eabi/lib/armv6-m\libc_s.a(lib_a-nano-mallocr.o)
                0x000045c8                _malloc_r
 .text._sbrk_r  0x00004670       0x24 c:/program files (x86)/atmel/atmel toolchain/arm gcc/native/4.8.1443/arm-gnu-toolchain/bin/../lib/gcc/arm-none-eabi/4.8.4/../../../../arm-none-eabi/lib/armv6-m\libc_s.a(lib_a-sbrkr.o)
                0x00004670                _sbrk_r
 .text.__sread  0x00004694       0x28 c:/program files (x86)/atmel/atmel toolchain/arm gcc/native/4.8.1443/arm-gnu-toolchain/bin/../lib/gcc/arm-none-eabi/4.8.4/../../../../arm-none-eabi/lib/armv6-m\libc_s.a(lib_a-stdio.o)
                0x00004694                __sread
 .text.__swrite
                0x000046bc       0x38 c:/program files (x86)/atmel/atmel toolchain/arm gcc/native/4.8.1443/arm-gnu-toolchain/bin/../lib/gcc/arm-none-eabi/4.8.4/../../../../arm-none-eabi/lib/armv6-m\libc_s.a(lib_a-stdio.o)
                0x000046bc                __swrite
 .text.__sseek  0x000046f4       0x2c c:/program files (x86)/atmel/atmel toolchain/arm gcc/native/4.8.1443/arm-gnu-toolchain/bin/../lib/gcc/arm-none-eabi/4.8.4/../../../../arm-none-eabi/lib/armv6-m\libc_s.a(lib_a-stdio.o)
                0x000046f4                __sseek
 .text.__sclose
                0x00004720        0xc c:/program files (x86)/atmel/atmel toolchain/arm gcc/native/4.8.1443/arm-gnu-toolchain/bin/../lib/gcc/arm-none-eabi/4.8.4/../../../../arm-none-eabi/lib/armv6-m\libc_s.a(lib_a-stdio.o)
                0x00004720                __sclose
 .text.strlen   0x0000472c        0xe c:/program files (x86)/atmel/atmel toolchain/arm gcc/native/4.8.1443/arm-gnu-toolchain/bin/../lib/gcc/arm-none-eabi/4.8.4/../../../../arm-none-eabi/lib/armv6-m\libc_s.a(lib_a-strlen.o)
                0x0000472c                strlen
 *fill*         0x0000473a        0x2 
 .text._write_r
                0x0000473c       0x28 c:/program files (x86)/atmel/atmel toolchain/arm gcc/native/4.8.1443/arm-gnu-toolchain/bin/../lib/gcc/arm-none-eabi/4.8.4/../../../../arm-none-eabi/lib/armv6-m\libc_s.a(lib_a-writer.o)
                0x0000473c                _write_r
 .text._close_r
                0x00004764       0x24 c:/program files (x86)/atmel/atmel toolchain/arm gcc/native/4.8.1443/arm-gnu-toolchain/bin/../lib/gcc/arm-none-eabi/4.8.4/../../../../arm-none-eabi/lib/armv6-m\libc_s.a(lib_a-closer.o)
                0x00004764                _close_r
 .text._fstat_r
                0x00004788       0x24 c:/program files (x86)/atmel/atmel toolchain/arm gcc/native/4.8.1443/arm-gnu-toolchain/bin/../lib/gcc/arm-none-eabi/4.8.4/../../../../arm-none-eabi/lib/armv6-m\libc_s.a(lib_a-fstatr.o)
                0x00004788                _fstat_r
 .text._isatty_r
                0x000047ac       0x24 c:/program files (x86)/atmel/atmel toolchain/arm gcc/native/4.8.1443/arm-gnu-toolchain/bin/../lib/gcc/arm-none-eabi/4.8.4/../../../../arm-none-eabi/lib/armv6-m\libc_s.a(lib_a-isattyr.o)
                0x000047ac                _isatty_r
 .text._lseek_r
                0x000047d0       0x28 c:/program files (x86)/atmel/atmel toolchain/arm gcc/native/4.8.1443/arm-gnu-toolchain/bin/../lib/gcc/arm-none-eabi/4.8.4/../../../../arm-none-eabi/lib/armv6-m\libc_s.a(lib_a-lseekr.o)
                0x000047d0                _lseek_r
 .text._read_r  0x000047f8       0x28 c:/program files (x86)/atmel/atmel toolchain/arm gcc/native/4.8.1443/arm-gnu-toolchain/bin/../lib/gcc/arm-none-eabi/4.8.4/../../../../arm-none-eabi/lib/armv6-m\libc_s.a(lib_a-readr.o)
                0x000047f8                _read_r
 *(.glue_7t)
 .glue_7t       0x00000000        0x0 linker stubs
 *(.glue_7)
 .glue_7        0x00000000        0x0 linker stubs
 *(.rodata .rodata* .gnu.linkonce.r.*)
 .rodata        0x00004820       0x18 src/ASF/sam0/drivers/sercom/sercom.o
 .rodata        0x00004838        0x8 src/ASF/sam0/drivers/sercom/sercom_interrupt.o
 .rodata.adc_init
                0x00004840       0xd4 src/ASF/sam0/drivers/adc/adc_sam_d_r/adc.o
 .rodata        0x00004914       0x50 src/ASF/sam0/drivers/adc/adc_sam_d_r/adc.o
 .rodata.system_clock_source_get_hz
                0x00004964       0x24 src/ASF/sam0/drivers/system/clock/clock_samd21_r21/clock.o
 .rodata.system_clock_source_enable
                0x00004988       0x24 src/ASF/sam0/drivers/system/clock/clock_samd21_r21/clock.o
 .rodata.str1.4
                0x000049ac       0x24 src/qs_adc_basic.o
 .rodata        0x000049d0       0x40 c:/program files (x86)/atmel/atmel toolchain/arm gcc/native/4.8.1443/arm-gnu-toolchain/bin/../lib/gcc/arm-none-eabi/4.8.4/armv6-m\libgcc.a(divdf3.o)
 .rodata        0x00004a10       0x40 c:/program files (x86)/atmel/atmel toolchain/arm gcc/native/4.8.1443/arm-gnu-toolchain/bin/../lib/gcc/arm-none-eabi/4.8.4/armv6-m\libgcc.a(muldf3.o)
 .rodata.str1.1
                0x00004a50        0x2 c:/program files (x86)/atmel/atmel toolchain/arm gcc/native/4.8.1443/arm-gnu-toolchain/bin/../lib/gcc/arm-none-eabi/4.8.4/../../../../arm-none-eabi/lib/armv6-m\libc_s.a(lib_a-impure.o)
 *fill*         0x00004a52        0x2 
 .rodata._global_impure_ptr
                0x00004a54        0x4 c:/program files (x86)/atmel/atmel toolchain/arm gcc/native/4.8.1443/arm-gnu-toolchain/bin/../lib/gcc/arm-none-eabi/4.8.4/../../../../arm-none-eabi/lib/armv6-m\libc_s.a(lib_a-impure.o)
                0x00004a54                _global_impure_ptr
 .rodata.str1.1
                0x00004a58       0x11 c:/program files (x86)/atmel/atmel toolchain/arm gcc/native/4.8.1443/arm-gnu-toolchain/bin/../lib/gcc/arm-none-eabi/4.8.4/../../../../arm-none-eabi/lib/armv6-m\libc_s.a(lib_a-vfprintf.o)
 .rodata.str1.1
                0x00004a69       0x22 c:/program files (x86)/atmel/atmel toolchain/arm gcc/native/4.8.1443/arm-gnu-toolchain/bin/../lib/gcc/arm-none-eabi/4.8.4/../../../../arm-none-eabi/lib/armv6-m\libc_s.a(lib_a-vfprintf_i.o)
 *fill*         0x00004a8b        0x1 
 .rodata.__sf_fake_stdin
                0x00004a8c       0x20 c:/program files (x86)/atmel/atmel toolchain/arm gcc/native/4.8.1443/arm-gnu-toolchain/bin/../lib/gcc/arm-none-eabi/4.8.4/../../../../arm-none-eabi/lib/armv6-m\libc_s.a(lib_a-findfp.o)
                0x00004a8c                __sf_fake_stdin
 .rodata.__sf_fake_stdout
                0x00004aac       0x20 c:/program files (x86)/atmel/atmel toolchain/arm gcc/native/4.8.1443/arm-gnu-toolchain/bin/../lib/gcc/arm-none-eabi/4.8.4/../../../../arm-none-eabi/lib/armv6-m\libc_s.a(lib_a-findfp.o)
                0x00004aac                __sf_fake_stdout
 .rodata.__sf_fake_stderr
                0x00004acc       0x20 c:/program files (x86)/atmel/atmel toolchain/arm gcc/native/4.8.1443/arm-gnu-toolchain/bin/../lib/gcc/arm-none-eabi/4.8.4/../../../../arm-none-eabi/lib/armv6-m\libc_s.a(lib_a-findfp.o)
                0x00004acc                __sf_fake_stderr
 *(.ARM.extab* .gnu.linkonce.armextab.*)
                0x00004aec                . = ALIGN (0x4)
 *(.init)
 .init          0x00004aec        0x4 c:/program files (x86)/atmel/atmel toolchain/arm gcc/native/4.8.1443/arm-gnu-toolchain/bin/../lib/gcc/arm-none-eabi/4.8.4/armv6-m/crti.o
                0x00004aec                _init
 .init          0x00004af0        0x8 c:/program files (x86)/atmel/atmel toolchain/arm gcc/native/4.8.1443/arm-gnu-toolchain/bin/../lib/gcc/arm-none-eabi/4.8.4/armv6-m/crtn.o
                0x00004af8                . = ALIGN (0x4)
                0x00004af8                __preinit_array_start = .
 *(.preinit_array)
                0x00004af8                __preinit_array_end = .
                0x00004af8                . = ALIGN (0x4)
                0x00004af8                __init_array_start = .
 *(SORT(.init_array.*))
 *(.init_array)
 .init_array    0x00004af8        0x4 c:/program files (x86)/atmel/atmel toolchain/arm gcc/native/4.8.1443/arm-gnu-toolchain/bin/../lib/gcc/arm-none-eabi/4.8.4/armv6-m/crtbegin.o
                0x00004afc                __init_array_end = .
                0x00004afc                . = ALIGN (0x4)
 *crtbegin.o(.ctors)
 *(EXCLUDE_FILE(*crtend.o) .ctors)
 *(SORT(.ctors.*))
 *crtend.o(.ctors)
                0x00004afc                . = ALIGN (0x4)
 *(.fini)
 .fini          0x00004afc        0x4 c:/program files (x86)/atmel/atmel toolchain/arm gcc/native/4.8.1443/arm-gnu-toolchain/bin/../lib/gcc/arm-none-eabi/4.8.4/armv6-m/crti.o
                0x00004afc                _fini
 .fini          0x00004b00        0x8 c:/program files (x86)/atmel/atmel toolchain/arm gcc/native/4.8.1443/arm-gnu-toolchain/bin/../lib/gcc/arm-none-eabi/4.8.4/armv6-m/crtn.o
                0x00004b08                . = ALIGN (0x4)
                0x00004b08                __fini_array_start = .
 *(.fini_array)
 .fini_array    0x00004b08        0x4 c:/program files (x86)/atmel/atmel toolchain/arm gcc/native/4.8.1443/arm-gnu-toolchain/bin/../lib/gcc/arm-none-eabi/4.8.4/armv6-m/crtbegin.o
 *(SORT(.fini_array.*))
                0x00004b0c                __fini_array_end = .
 *crtbegin.o(.dtors)
 *(EXCLUDE_FILE(*crtend.o) .dtors)
 *(SORT(.dtors.*))
 *crtend.o(.dtors)
                0x00004b0c                . = ALIGN (0x4)
                0x00004b0c                _efixed = .
                0x00004b0c                PROVIDE (__exidx_start, .)

.vfp11_veneer   0x00004b0c        0x0
 .vfp11_veneer  0x00000000        0x0 linker stubs

.v4_bx          0x00004b0c        0x0
 .v4_bx         0x00000000        0x0 linker stubs

.iplt           0x00004b0c        0x0
 .iplt          0x00000000        0x0 c:/program files (x86)/atmel/atmel toolchain/arm gcc/native/4.8.1443/arm-gnu-toolchain/bin/../lib/gcc/arm-none-eabi/4.8.4/armv6-m/crtbegin.o

.eh_frame       0x00004b0c        0x0
 .eh_frame      0x00004b0c        0x0 c:/program files (x86)/atmel/atmel toolchain/arm gcc/native/4.8.1443/arm-gnu-toolchain/bin/../lib/gcc/arm-none-eabi/4.8.4/armv6-m/crtbegin.o

.rel.dyn        0x00004b0c        0x0
 .rel.iplt      0x00000000        0x0 c:/program files (x86)/atmel/atmel toolchain/arm gcc/native/4.8.1443/arm-gnu-toolchain/bin/../lib/gcc/arm-none-eabi/4.8.4/armv6-m/crtbegin.o

.jcr            0x00004b0c        0x0
 .jcr           0x00004b0c        0x0 c:/program files (x86)/atmel/atmel toolchain/arm gcc/native/4.8.1443/arm-gnu-toolchain/bin/../lib/gcc/arm-none-eabi/4.8.4/armv6-m/crtbegin.o

.igot.plt       0x00004b0c        0x0
 .igot.plt      0x00000000        0x0 c:/program files (x86)/atmel/atmel toolchain/arm gcc/native/4.8.1443/arm-gnu-toolchain/bin/../lib/gcc/arm-none-eabi/4.8.4/armv6-m/crtbegin.o

.ARM.exidx
 *(.ARM.exidx* .gnu.linkonce.armexidx.*)
                0x00004b0c                PROVIDE (__exidx_end, .)
                0x00004b0c                . = ALIGN (0x4)
                0x00004b0c                _etext = .

.relocate       0x20000000       0x70 load address 0x00004b0c
                0x20000000                . = ALIGN (0x4)
                0x20000000                _srelocate = .
 *(.ramfunc .ramfunc.*)
 *(.data .data.*)
 .data.cycles_per_us
                0x20000000        0x4 src/ASF/common2/services/delay/sam0/systick_counter.o
 .data.cycles_per_ms
                0x20000004        0x4 src/ASF/common2/services/delay/sam0/systick_counter.o
 .data.g_interrupt_enabled
                0x20000008        0x1 src/ASF/common/utils/interrupt/interrupt_sam_nvic.o
                0x20000008                g_interrupt_enabled
 *fill*         0x20000009        0x3 
 .data.impure_data
                0x2000000c       0x60 c:/program files (x86)/atmel/atmel toolchain/arm gcc/native/4.8.1443/arm-gnu-toolchain/bin/../lib/gcc/arm-none-eabi/4.8.4/../../../../arm-none-eabi/lib/armv6-m\libc_s.a(lib_a-impure.o)
 .data._impure_ptr
                0x2000006c        0x4 c:/program files (x86)/atmel/atmel toolchain/arm gcc/native/4.8.1443/arm-gnu-toolchain/bin/../lib/gcc/arm-none-eabi/4.8.4/../../../../arm-none-eabi/lib/armv6-m\libc_s.a(lib_a-impure.o)
                0x2000006c                _impure_ptr
                0x20000070                . = ALIGN (0x4)
                0x20000070                _erelocate = .

.bss            0x20000070       0xcc load address 0x00004b7c
                0x20000070                . = ALIGN (0x4)
                0x20000070                _sbss = .
                0x20000070                _szero = .
 *(.bss .bss.*)
 .bss           0x20000070       0x1c c:/program files (x86)/atmel/atmel toolchain/arm gcc/native/4.8.1443/arm-gnu-toolchain/bin/../lib/gcc/arm-none-eabi/4.8.4/armv6-m/crtbegin.o
 .bss._sercom_config
                0x2000008c        0x4 src/ASF/sam0/drivers/sercom/sercom.o
 .bss._handler_table_initialized
                0x20000090        0x1 src/ASF/sam0/drivers/sercom/sercom_interrupt.o
 *fill*         0x20000091        0x3 
 .bss._sercom_interrupt_handlers
                0x20000094       0x18 src/ASF/sam0/drivers/sercom/sercom_interrupt.o
 .bss.cpu_irq_critical_section_counter
                0x200000ac        0x4 src/ASF/common/utils/interrupt/interrupt_sam_nvic.o
 .bss.cpu_irq_prev_interrupt_state
                0x200000b0        0x1 src/ASF/common/utils/interrupt/interrupt_sam_nvic.o
 *fill*         0x200000b1        0x3 
 .bss._system_clock_inst
                0x200000b4       0x18 src/ASF/sam0/drivers/system/clock/clock_samd21_r21/clock.o
 .bss.heap.5097
                0x200000cc        0x4 src/ASF/sam0/utils/syscalls/gcc/syscalls.o
 .bss.cdc_uart_module
                0x200000d0       0x34 src/qs_adc_basic.o
 .bss.__malloc_sbrk_start
                0x20000104        0x4 c:/program files (x86)/atmel/atmel toolchain/arm gcc/native/4.8.1443/arm-gnu-toolchain/bin/../lib/gcc/arm-none-eabi/4.8.4/../../../../arm-none-eabi/lib/armv6-m\libc_s.a(lib_a-nano-mallocr.o)
                0x20000104                __malloc_sbrk_start
 .bss.__malloc_free_list
                0x20000108        0x4 c:/program files (x86)/atmel/atmel toolchain/arm gcc/native/4.8.1443/arm-gnu-toolchain/bin/../lib/gcc/arm-none-eabi/4.8.4/../../../../arm-none-eabi/lib/armv6-m\libc_s.a(lib_a-nano-mallocr.o)
                0x20000108                __malloc_free_list
 *(COMMON)
 COMMON         0x2000010c        0x4 src/ASF/sam0/utils/stdio/read.o
                0x2000010c                ptr_get
 COMMON         0x20000110        0x8 src/ASF/sam0/utils/stdio/write.o
                0x20000110                ptr_put
                0x20000114                stdio_base
 COMMON         0x20000118       0x18 src/ASF/sam0/drivers/sercom/sercom_interrupt.o
                0x20000118                _sercom_instances
 COMMON         0x20000130        0x8 src/qs_adc_basic.o
                0x20000130                adc_instance
 COMMON         0x20000138        0x4 c:/program files (x86)/atmel/atmel toolchain/arm gcc/native/4.8.1443/arm-gnu-toolchain/bin/../lib/gcc/arm-none-eabi/4.8.4/../../../../arm-none-eabi/lib/armv6-m\libc_s.a(lib_a-reent.o)
                0x20000138                errno
                0x2000013c                . = ALIGN (0x4)
                0x2000013c                _ebss = .
                0x2000013c                _ezero = .

.stack          0x2000013c     0x2004 load address 0x00004c48
                0x20000140                . = ALIGN (0x8)
 *fill*         0x2000013c        0x4 
                0x20000140                _sstack = .
                0x20002140                . = (. + STACK_SIZE)
 *fill*         0x20000140     0x2000 
                0x20002140                . = ALIGN (0x8)
                0x20002140                _estack = .
                0x20002140                . = ALIGN (0x4)
                0x20002140                _end = .
OUTPUT(ADC_QUICK_START2.elf elf32-littlearm)

.ARM.attributes
                0x00000000       0x28
 .ARM.attributes
                0x00000000       0x1e c:/program files (x86)/atmel/atmel toolchain/arm gcc/native/4.8.1443/arm-gnu-toolchain/bin/../lib/gcc/arm-none-eabi/4.8.4/armv6-m/crti.o
 .ARM.attributes
                0x0000001e       0x2c c:/program files (x86)/atmel/atmel toolchain/arm gcc/native/4.8.1443/arm-gnu-toolchain/bin/../lib/gcc/arm-none-eabi/4.8.4/armv6-m/crtbegin.o
 .ARM.attributes
                0x0000004a       0x32 src/ASF/sam0/drivers/sercom/sercom.o
 .ARM.attributes
                0x0000007c       0x32 src/ASF/sam0/utils/stdio/read.o
 .ARM.attributes
                0x000000ae       0x32 src/ASF/sam0/utils/stdio/write.o
 .ARM.attributes
                0x000000e0       0x32 src/ASF/sam0/drivers/sercom/usart/usart.o
 .ARM.attributes
                0x00000112       0x32 src/ASF/sam0/drivers/sercom/usart/usart_interrupt.o
 .ARM.attributes
                0x00000144       0x32 src/ASF/sam0/drivers/sercom/sercom_interrupt.o
 .ARM.attributes
                0x00000176       0x32 src/ASF/common2/services/delay/sam0/systick_counter.o
 .ARM.attributes
                0x000001a8       0x32 src/ASF/common/utils/interrupt/interrupt_sam_nvic.o
 .ARM.attributes
                0x000001da       0x32 src/ASF/sam0/boards/samr21_xplained_pro/board_init.o
 .ARM.attributes
                0x0000020c       0x32 src/ASF/sam0/drivers/adc/adc_sam_d_r/adc.o
 .ARM.attributes
                0x0000023e       0x32 src/ASF/sam0/drivers/port/port.o
 .ARM.attributes
                0x00000270       0x32 src/ASF/sam0/drivers/system/clock/clock_samd21_r21/clock.o
 .ARM.attributes
                0x000002a2       0x32 src/ASF/sam0/drivers/system/clock/clock_samd21_r21/gclk.o
 .ARM.attributes
                0x000002d4       0x32 src/ASF/sam0/drivers/system/pinmux/pinmux.o
 .ARM.attributes
                0x00000306       0x32 src/ASF/sam0/drivers/system/system.o
 .ARM.attributes
                0x00000338       0x32 src/ASF/sam0/utils/cmsis/samr21/source/gcc/startup_samr21.o
 .ARM.attributes
                0x0000036a       0x32 src/ASF/sam0/utils/syscalls/gcc/syscalls.o
 .ARM.attributes
                0x0000039c       0x32 src/qs_adc_basic.o
 .ARM.attributes
                0x000003ce       0x1e c:/program files (x86)/atmel/atmel toolchain/arm gcc/native/4.8.1443/arm-gnu-toolchain/bin/../lib/gcc/arm-none-eabi/4.8.4/armv6-m\libgcc.a(_udivsi3.o)
 .ARM.attributes
                0x000003ec       0x1e c:/program files (x86)/atmel/atmel toolchain/arm gcc/native/4.8.1443/arm-gnu-toolchain/bin/../lib/gcc/arm-none-eabi/4.8.4/armv6-m\libgcc.a(_dvmd_tls.o)
 .ARM.attributes
                0x0000040a       0x2c c:/program files (x86)/atmel/atmel toolchain/arm gcc/native/4.8.1443/arm-gnu-toolchain/bin/../lib/gcc/arm-none-eabi/4.8.4/armv6-m\libgcc.a(_muldi3.o)
 .ARM.attributes
                0x00000436       0x2c c:/program files (x86)/atmel/atmel toolchain/arm gcc/native/4.8.1443/arm-gnu-toolchain/bin/../lib/gcc/arm-none-eabi/4.8.4/armv6-m\libgcc.a(_fixunsdfsi.o)
 .ARM.attributes
                0x00000462       0x2c c:/program files (x86)/atmel/atmel toolchain/arm gcc/native/4.8.1443/arm-gnu-toolchain/bin/../lib/gcc/arm-none-eabi/4.8.4/armv6-m\libgcc.a(floatunsisf.o)
 .ARM.attributes
                0x0000048e       0x2c c:/program files (x86)/atmel/atmel toolchain/arm gcc/native/4.8.1443/arm-gnu-toolchain/bin/../lib/gcc/arm-none-eabi/4.8.4/armv6-m\libgcc.a(adddf3.o)
 .ARM.attributes
                0x000004ba       0x2c c:/program files (x86)/atmel/atmel toolchain/arm gcc/native/4.8.1443/arm-gnu-toolchain/bin/../lib/gcc/arm-none-eabi/4.8.4/armv6-m\libgcc.a(divdf3.o)
 .ARM.attributes
                0x000004e6       0x2c c:/program files (x86)/atmel/atmel toolchain/arm gcc/native/4.8.1443/arm-gnu-toolchain/bin/../lib/gcc/arm-none-eabi/4.8.4/armv6-m\libgcc.a(muldf3.o)
 .ARM.attributes
                0x00000512       0x2c c:/program files (x86)/atmel/atmel toolchain/arm gcc/native/4.8.1443/arm-gnu-toolchain/bin/../lib/gcc/arm-none-eabi/4.8.4/armv6-m\libgcc.a(subdf3.o)
 .ARM.attributes
                0x0000053e       0x2c c:/program files (x86)/atmel/atmel toolchain/arm gcc/native/4.8.1443/arm-gnu-toolchain/bin/../lib/gcc/arm-none-eabi/4.8.4/armv6-m\libgcc.a(fixdfsi.o)
 .ARM.attributes
                0x0000056a       0x2c c:/program files (x86)/atmel/atmel toolchain/arm gcc/native/4.8.1443/arm-gnu-toolchain/bin/../lib/gcc/arm-none-eabi/4.8.4/armv6-m\libgcc.a(extendsfdf2.o)
 .ARM.attributes
                0x00000596       0x1e c:/program files (x86)/atmel/atmel toolchain/arm gcc/native/4.8.1443/arm-gnu-toolchain/bin/../lib/gcc/arm-none-eabi/4.8.4/armv6-m\libgcc.a(_arm_cmpdf2.o)
 .ARM.attributes
                0x000005b4       0x1e c:/program files (x86)/atmel/atmel toolchain/arm gcc/native/4.8.1443/arm-gnu-toolchain/bin/../lib/gcc/arm-none-eabi/4.8.4/armv6-m\libgcc.a(_clzsi2.o)
 .ARM.attributes
                0x000005d2       0x2c c:/program files (x86)/atmel/atmel toolchain/arm gcc/native/4.8.1443/arm-gnu-toolchain/bin/../lib/gcc/arm-none-eabi/4.8.4/armv6-m\libgcc.a(eqdf2.o)
 .ARM.attributes
                0x000005fe       0x2c c:/program files (x86)/atmel/atmel toolchain/arm gcc/native/4.8.1443/arm-gnu-toolchain/bin/../lib/gcc/arm-none-eabi/4.8.4/armv6-m\libgcc.a(gedf2.o)
 .ARM.attributes
                0x0000062a       0x2c c:/program files (x86)/atmel/atmel toolchain/arm gcc/native/4.8.1443/arm-gnu-toolchain/bin/../lib/gcc/arm-none-eabi/4.8.4/armv6-m\libgcc.a(ledf2.o)
 .ARM.attributes
                0x00000656       0x2c c:/program files (x86)/atmel/atmel toolchain/arm gcc/native/4.8.1443/arm-gnu-toolchain/bin/../lib/gcc/arm-none-eabi/4.8.4/../../../../arm-none-eabi/lib/armv6-m\libc_s.a(lib_a-impure.o)
 .ARM.attributes
                0x00000682       0x2c c:/program files (x86)/atmel/atmel toolchain/arm gcc/native/4.8.1443/arm-gnu-toolchain/bin/../lib/gcc/arm-none-eabi/4.8.4/../../../../arm-none-eabi/lib/armv6-m\libc_s.a(lib_a-init.o)
 .ARM.attributes
                0x000006ae       0x2c c:/program files (x86)/atmel/atmel toolchain/arm gcc/native/4.8.1443/arm-gnu-toolchain/bin/../lib/gcc/arm-none-eabi/4.8.4/../../../../arm-none-eabi/lib/armv6-m\libc_s.a(lib_a-memcpy-stub.o)
 .ARM.attributes
                0x000006da       0x2c c:/program files (x86)/atmel/atmel toolchain/arm gcc/native/4.8.1443/arm-gnu-toolchain/bin/../lib/gcc/arm-none-eabi/4.8.4/../../../../arm-none-eabi/lib/armv6-m\libc_s.a(lib_a-memset.o)
 .ARM.attributes
                0x00000706       0x2c c:/program files (x86)/atmel/atmel toolchain/arm gcc/native/4.8.1443/arm-gnu-toolchain/bin/../lib/gcc/arm-none-eabi/4.8.4/../../../../arm-none-eabi/lib/armv6-m\libc_s.a(lib_a-printf.o)
 .ARM.attributes
                0x00000732       0x2c c:/program files (x86)/atmel/atmel toolchain/arm gcc/native/4.8.1443/arm-gnu-toolchain/bin/../lib/gcc/arm-none-eabi/4.8.4/../../../../arm-none-eabi/lib/armv6-m\libc_s.a(lib_a-setbuf.o)
 .ARM.attributes
                0x0000075e       0x2c c:/program files (x86)/atmel/atmel toolchain/arm gcc/native/4.8.1443/arm-gnu-toolchain/bin/../lib/gcc/arm-none-eabi/4.8.4/../../../../arm-none-eabi/lib/armv6-m\libc_s.a(lib_a-setvbuf.o)
 .ARM.attributes
                0x0000078a       0x2c c:/program files (x86)/atmel/atmel toolchain/arm gcc/native/4.8.1443/arm-gnu-toolchain/bin/../lib/gcc/arm-none-eabi/4.8.4/../../../../arm-none-eabi/lib/armv6-m\libc_s.a(lib_a-vfprintf.o)
 .ARM.attributes
                0x000007b6       0x2c c:/program files (x86)/atmel/atmel toolchain/arm gcc/native/4.8.1443/arm-gnu-toolchain/bin/../lib/gcc/arm-none-eabi/4.8.4/../../../../arm-none-eabi/lib/armv6-m\libc_s.a(lib_a-vfprintf_i.o)
 .ARM.attributes
                0x000007e2       0x2c c:/program files (x86)/atmel/atmel toolchain/arm gcc/native/4.8.1443/arm-gnu-toolchain/bin/../lib/gcc/arm-none-eabi/4.8.4/../../../../arm-none-eabi/lib/armv6-m\libc_s.a(lib_a-wbuf.o)
 .ARM.attributes
                0x0000080e       0x2c c:/program files (x86)/atmel/atmel toolchain/arm gcc/native/4.8.1443/arm-gnu-toolchain/bin/../lib/gcc/arm-none-eabi/4.8.4/../../../../arm-none-eabi/lib/armv6-m\libc_s.a(lib_a-wsetup.o)
 .ARM.attributes
                0x0000083a       0x2c c:/program files (x86)/atmel/atmel toolchain/arm gcc/native/4.8.1443/arm-gnu-toolchain/bin/../lib/gcc/arm-none-eabi/4.8.4/../../../../arm-none-eabi/lib/armv6-m\libc_s.a(lib_a-fflush.o)
 .ARM.attributes
                0x00000866       0x2c c:/program files (x86)/atmel/atmel toolchain/arm gcc/native/4.8.1443/arm-gnu-toolchain/bin/../lib/gcc/arm-none-eabi/4.8.4/../../../../arm-none-eabi/lib/armv6-m\libc_s.a(lib_a-findfp.o)
 .ARM.attributes
                0x00000892       0x2c c:/program files (x86)/atmel/atmel toolchain/arm gcc/native/4.8.1443/arm-gnu-toolchain/bin/../lib/gcc/arm-none-eabi/4.8.4/../../../../arm-none-eabi/lib/armv6-m\libc_s.a(lib_a-makebuf.o)
 .ARM.attributes
                0x000008be       0x2c c:/program files (x86)/atmel/atmel toolchain/arm gcc/native/4.8.1443/arm-gnu-toolchain/bin/../lib/gcc/arm-none-eabi/4.8.4/../../../../arm-none-eabi/lib/armv6-m\libc_s.a(lib_a-malloc.o)
 .ARM.attributes
                0x000008ea       0x2c c:/program files (x86)/atmel/atmel toolchain/arm gcc/native/4.8.1443/arm-gnu-toolchain/bin/../lib/gcc/arm-none-eabi/4.8.4/../../../../arm-none-eabi/lib/armv6-m\libc_s.a(lib_a-memchr-stub.o)
 .ARM.attributes
                0x00000916       0x2c c:/program files (x86)/atmel/atmel toolchain/arm gcc/native/4.8.1443/arm-gnu-toolchain/bin/../lib/gcc/arm-none-eabi/4.8.4/../../../../arm-none-eabi/lib/armv6-m\libc_s.a(lib_a-nano-freer.o)
 .ARM.attributes
                0x00000942       0x2c c:/program files (x86)/atmel/atmel toolchain/arm gcc/native/4.8.1443/arm-gnu-toolchain/bin/../lib/gcc/arm-none-eabi/4.8.4/../../../../arm-none-eabi/lib/armv6-m\libc_s.a(lib_a-nano-mallocr.o)
 .ARM.attributes
                0x0000096e       0x2c c:/program files (x86)/atmel/atmel toolchain/arm gcc/native/4.8.1443/arm-gnu-toolchain/bin/../lib/gcc/arm-none-eabi/4.8.4/../../../../arm-none-eabi/lib/armv6-m\libc_s.a(lib_a-sbrkr.o)
 .ARM.attributes
                0x0000099a       0x2c c:/program files (x86)/atmel/atmel toolchain/arm gcc/native/4.8.1443/arm-gnu-toolchain/bin/../lib/gcc/arm-none-eabi/4.8.4/../../../../arm-none-eabi/lib/armv6-m\libc_s.a(lib_a-stdio.o)
 .ARM.attributes
                0x000009c6       0x2c c:/program files (x86)/atmel/atmel toolchain/arm gcc/native/4.8.1443/arm-gnu-toolchain/bin/../lib/gcc/arm-none-eabi/4.8.4/../../../../arm-none-eabi/lib/armv6-m\libc_s.a(lib_a-strlen.o)
 .ARM.attributes
                0x000009f2       0x2c c:/program files (x86)/atmel/atmel toolchain/arm gcc/native/4.8.1443/arm-gnu-toolchain/bin/../lib/gcc/arm-none-eabi/4.8.4/../../../../arm-none-eabi/lib/armv6-m\libc_s.a(lib_a-writer.o)
 .ARM.attributes
                0x00000a1e       0x2c c:/program files (x86)/atmel/atmel toolchain/arm gcc/native/4.8.1443/arm-gnu-toolchain/bin/../lib/gcc/arm-none-eabi/4.8.4/../../../../arm-none-eabi/lib/armv6-m\libc_s.a(lib_a-closer.o)
 .ARM.attributes
                0x00000a4a       0x2c c:/program files (x86)/atmel/atmel toolchain/arm gcc/native/4.8.1443/arm-gnu-toolchain/bin/../lib/gcc/arm-none-eabi/4.8.4/../../../../arm-none-eabi/lib/armv6-m\libc_s.a(lib_a-fstatr.o)
 .ARM.attributes
                0x00000a76       0x2c c:/program files (x86)/atmel/atmel toolchain/arm gcc/native/4.8.1443/arm-gnu-toolchain/bin/../lib/gcc/arm-none-eabi/4.8.4/../../../../arm-none-eabi/lib/armv6-m\libc_s.a(lib_a-isattyr.o)
 .ARM.attributes
                0x00000aa2       0x2c c:/program files (x86)/atmel/atmel toolchain/arm gcc/native/4.8.1443/arm-gnu-toolchain/bin/../lib/gcc/arm-none-eabi/4.8.4/../../../../arm-none-eabi/lib/armv6-m\libc_s.a(lib_a-lseekr.o)
 .ARM.attributes
                0x00000ace       0x2c c:/program files (x86)/atmel/atmel toolchain/arm gcc/native/4.8.1443/arm-gnu-toolchain/bin/../lib/gcc/arm-none-eabi/4.8.4/../../../../arm-none-eabi/lib/armv6-m\libc_s.a(lib_a-readr.o)
 .ARM.attributes
                0x00000afa       0x2c c:/program files (x86)/atmel/atmel toolchain/arm gcc/native/4.8.1443/arm-gnu-toolchain/bin/../lib/gcc/arm-none-eabi/4.8.4/../../../../arm-none-eabi/lib/armv6-m\libc_s.a(lib_a-reent.o)
 .ARM.attributes
                0x00000b26       0x1e c:/program files (x86)/atmel/atmel toolchain/arm gcc/native/4.8.1443/arm-gnu-toolchain/bin/../lib/gcc/arm-none-eabi/4.8.4/armv6-m/crtn.o

.comment        0x00000000       0x5b
 .comment       0x00000000       0x5b src/ASF/sam0/drivers/sercom/sercom.o
                                 0x5c (size before relaxing)
 .comment       0x00000000       0x5c src/ASF/sam0/utils/stdio/read.o
 .comment       0x00000000       0x5c src/ASF/sam0/utils/stdio/write.o
 .comment       0x00000000       0x5c src/ASF/sam0/drivers/sercom/usart/usart.o
 .comment       0x00000000       0x5c src/ASF/sam0/drivers/sercom/usart/usart_interrupt.o
 .comment       0x00000000       0x5c src/ASF/sam0/drivers/sercom/sercom_interrupt.o
 .comment       0x00000000       0x5c src/ASF/common2/services/delay/sam0/systick_counter.o
 .comment       0x00000000       0x5c src/ASF/common/utils/interrupt/interrupt_sam_nvic.o
 .comment       0x00000000       0x5c src/ASF/sam0/boards/samr21_xplained_pro/board_init.o
 .comment       0x00000000       0x5c src/ASF/sam0/drivers/adc/adc_sam_d_r/adc.o
 .comment       0x00000000       0x5c src/ASF/sam0/drivers/port/port.o
 .comment       0x00000000       0x5c src/ASF/sam0/drivers/system/clock/clock_samd21_r21/clock.o
 .comment       0x00000000       0x5c src/ASF/sam0/drivers/system/clock/clock_samd21_r21/gclk.o
 .comment       0x00000000       0x5c src/ASF/sam0/drivers/system/pinmux/pinmux.o
 .comment       0x00000000       0x5c src/ASF/sam0/drivers/system/system.o
 .comment       0x00000000       0x5c src/ASF/sam0/utils/cmsis/samr21/source/gcc/startup_samr21.o
 .comment       0x00000000       0x5c src/ASF/sam0/utils/syscalls/gcc/syscalls.o
 .comment       0x00000000       0x5c src/qs_adc_basic.o

.debug_info     0x00000000    0x1a185
 .debug_info    0x00000000     0x254b src/ASF/sam0/drivers/sercom/sercom.o
 .debug_info    0x0000254b      0x1c2 src/ASF/sam0/utils/stdio/read.o
 .debug_info    0x0000270d      0x1bf src/ASF/sam0/utils/stdio/write.o
 .debug_info    0x000028cc     0x4075 src/ASF/sam0/drivers/sercom/usart/usart.o
 .debug_info    0x00006941     0x277b src/ASF/sam0/drivers/sercom/usart/usart_interrupt.o
 .debug_info    0x000090bc     0x231d src/ASF/sam0/drivers/sercom/sercom_interrupt.o
 .debug_info    0x0000b3d9      0x269 src/ASF/common2/services/delay/sam0/systick_counter.o
 .debug_info    0x0000b642      0x1ec src/ASF/common/utils/interrupt/interrupt_sam_nvic.o
 .debug_info    0x0000b82e      0x96d src/ASF/sam0/boards/samr21_xplained_pro/board_init.o
 .debug_info    0x0000c19b     0x3240 src/ASF/sam0/drivers/adc/adc_sam_d_r/adc.o
 .debug_info    0x0000f3db      0x966 src/ASF/sam0/drivers/port/port.o
 .debug_info    0x0000fd41     0x2c9e src/ASF/sam0/drivers/system/clock/clock_samd21_r21/clock.o
 .debug_info    0x000129df     0x1498 src/ASF/sam0/drivers/system/clock/clock_samd21_r21/gclk.o
 .debug_info    0x00013e77      0xa47 src/ASF/sam0/drivers/system/pinmux/pinmux.o
 .debug_info    0x000148be      0x16f src/ASF/sam0/drivers/system/system.o
 .debug_info    0x00014a2d      0x9cf src/ASF/sam0/utils/cmsis/samr21/source/gcc/startup_samr21.o
 .debug_info    0x000153fc      0x427 src/ASF/sam0/utils/syscalls/gcc/syscalls.o
 .debug_info    0x00015823     0x4962 src/qs_adc_basic.o

.debug_abbrev   0x00000000     0x29b2
 .debug_abbrev  0x00000000      0x2fd src/ASF/sam0/drivers/sercom/sercom.o
 .debug_abbrev  0x000002fd      0x108 src/ASF/sam0/utils/stdio/read.o
 .debug_abbrev  0x00000405       0xf5 src/ASF/sam0/utils/stdio/write.o
 .debug_abbrev  0x000004fa      0x3d7 src/ASF/sam0/drivers/sercom/usart/usart.o
 .debug_abbrev  0x000008d1      0x37b src/ASF/sam0/drivers/sercom/usart/usart_interrupt.o
 .debug_abbrev  0x00000c4c      0x22c src/ASF/sam0/drivers/sercom/sercom_interrupt.o
 .debug_abbrev  0x00000e78      0x13c src/ASF/common2/services/delay/sam0/systick_counter.o
 .debug_abbrev  0x00000fb4       0xf6 src/ASF/common/utils/interrupt/interrupt_sam_nvic.o
 .debug_abbrev  0x000010aa      0x22b src/ASF/sam0/boards/samr21_xplained_pro/board_init.o
 .debug_abbrev  0x000012d5      0x369 src/ASF/sam0/drivers/adc/adc_sam_d_r/adc.o
 .debug_abbrev  0x0000163e      0x1da src/ASF/sam0/drivers/port/port.o
 .debug_abbrev  0x00001818      0x3ba src/ASF/sam0/drivers/system/clock/clock_samd21_r21/clock.o
 .debug_abbrev  0x00001bd2      0x327 src/ASF/sam0/drivers/system/clock/clock_samd21_r21/gclk.o
 .debug_abbrev  0x00001ef9      0x287 src/ASF/sam0/drivers/system/pinmux/pinmux.o
 .debug_abbrev  0x00002180       0xb9 src/ASF/sam0/drivers/system/system.o
 .debug_abbrev  0x00002239      0x1c3 src/ASF/sam0/utils/cmsis/samr21/source/gcc/startup_samr21.o
 .debug_abbrev  0x000023fc      0x141 src/ASF/sam0/utils/syscalls/gcc/syscalls.o
 .debug_abbrev  0x0000253d      0x475 src/qs_adc_basic.o

.debug_loc      0x00000000     0x48a2
 .debug_loc     0x00000000      0x982 src/ASF/sam0/drivers/sercom/sercom.o
 .debug_loc     0x00000982       0xfb src/ASF/sam0/utils/stdio/read.o
 .debug_loc     0x00000a7d      0x140 src/ASF/sam0/utils/stdio/write.o
 .debug_loc     0x00000bbd      0xe4a src/ASF/sam0/drivers/sercom/usart/usart.o
 .debug_loc     0x00001a07      0x579 src/ASF/sam0/drivers/sercom/usart/usart_interrupt.o
 .debug_loc     0x00001f80      0x16c src/ASF/sam0/drivers/sercom/sercom_interrupt.o
 .debug_loc     0x000020ec       0xe4 src/ASF/common2/services/delay/sam0/systick_counter.o
 .debug_loc     0x000021d0       0x1e src/ASF/common/utils/interrupt/interrupt_sam_nvic.o
 .debug_loc     0x000021ee       0x59 src/ASF/sam0/boards/samr21_xplained_pro/board_init.o
 .debug_loc     0x00002247      0x60e src/ASF/sam0/drivers/adc/adc_sam_d_r/adc.o
 .debug_loc     0x00002855      0x16d src/ASF/sam0/drivers/port/port.o
 .debug_loc     0x000029c2      0xfba src/ASF/sam0/drivers/system/clock/clock_samd21_r21/clock.o
 .debug_loc     0x0000397c      0x508 src/ASF/sam0/drivers/system/clock/clock_samd21_r21/gclk.o
 .debug_loc     0x00003e84      0x2e3 src/ASF/sam0/drivers/system/pinmux/pinmux.o
 .debug_loc     0x00004167       0x20 src/ASF/sam0/drivers/system/system.o
 .debug_loc     0x00004187       0x7c src/ASF/sam0/utils/cmsis/samr21/source/gcc/startup_samr21.o
 .debug_loc     0x00004203      0x112 src/ASF/sam0/utils/syscalls/gcc/syscalls.o
 .debug_loc     0x00004315      0x58d src/qs_adc_basic.o

.debug_aranges  0x00000000      0x478
 .debug_aranges
                0x00000000       0x40 src/ASF/sam0/drivers/sercom/sercom.o
 .debug_aranges
                0x00000040       0x20 src/ASF/sam0/utils/stdio/read.o
 .debug_aranges
                0x00000060       0x20 src/ASF/sam0/utils/stdio/write.o
 .debug_aranges
                0x00000080       0x40 src/ASF/sam0/drivers/sercom/usart/usart.o
 .debug_aranges
                0x000000c0       0x70 src/ASF/sam0/drivers/sercom/usart/usart_interrupt.o
 .debug_aranges
                0x00000130       0x60 src/ASF/sam0/drivers/sercom/sercom_interrupt.o
 .debug_aranges
                0x00000190       0x30 src/ASF/common2/services/delay/sam0/systick_counter.o
 .debug_aranges
                0x000001c0       0x28 src/ASF/common/utils/interrupt/interrupt_sam_nvic.o
 .debug_aranges
                0x000001e8       0x20 src/ASF/sam0/boards/samr21_xplained_pro/board_init.o
 .debug_aranges
                0x00000208       0x30 src/ASF/sam0/drivers/adc/adc_sam_d_r/adc.o
 .debug_aranges
                0x00000238       0x28 src/ASF/sam0/drivers/port/port.o
 .debug_aranges
                0x00000260       0x78 src/ASF/sam0/drivers/system/clock/clock_samd21_r21/clock.o
 .debug_aranges
                0x000002d8       0x80 src/ASF/sam0/drivers/system/clock/clock_samd21_r21/gclk.o
 .debug_aranges
                0x00000358       0x38 src/ASF/sam0/drivers/system/pinmux/pinmux.o
 .debug_aranges
                0x00000390       0x28 src/ASF/sam0/drivers/system/system.o
 .debug_aranges
                0x000003b8       0x28 src/ASF/sam0/utils/cmsis/samr21/source/gcc/startup_samr21.o
 .debug_aranges
                0x000003e0       0x60 src/ASF/sam0/utils/syscalls/gcc/syscalls.o
 .debug_aranges
                0x00000440       0x38 src/qs_adc_basic.o

.debug_ranges   0x00000000      0x4c0
 .debug_ranges  0x00000000       0x48 src/ASF/sam0/drivers/sercom/sercom.o
 .debug_ranges  0x00000048       0x10 src/ASF/sam0/utils/stdio/read.o
 .debug_ranges  0x00000058       0x10 src/ASF/sam0/utils/stdio/write.o
 .debug_ranges  0x00000068       0xf0 src/ASF/sam0/drivers/sercom/usart/usart.o
 .debug_ranges  0x00000158       0x60 src/ASF/sam0/drivers/sercom/usart/usart_interrupt.o
 .debug_ranges  0x000001b8       0x50 src/ASF/sam0/drivers/sercom/sercom_interrupt.o
 .debug_ranges  0x00000208       0x50 src/ASF/common2/services/delay/sam0/systick_counter.o
 .debug_ranges  0x00000258       0x18 src/ASF/common/utils/interrupt/interrupt_sam_nvic.o
 .debug_ranges  0x00000270       0x10 src/ASF/sam0/boards/samr21_xplained_pro/board_init.o
 .debug_ranges  0x00000280       0x50 src/ASF/sam0/drivers/adc/adc_sam_d_r/adc.o
 .debug_ranges  0x000002d0       0x18 src/ASF/sam0/drivers/port/port.o
 .debug_ranges  0x000002e8       0x68 src/ASF/sam0/drivers/system/clock/clock_samd21_r21/clock.o
 .debug_ranges  0x00000350       0x70 src/ASF/sam0/drivers/system/clock/clock_samd21_r21/gclk.o
 .debug_ranges  0x000003c0       0x28 src/ASF/sam0/drivers/system/pinmux/pinmux.o
 .debug_ranges  0x000003e8       0x18 src/ASF/sam0/drivers/system/system.o
 .debug_ranges  0x00000400       0x18 src/ASF/sam0/utils/cmsis/samr21/source/gcc/startup_samr21.o
 .debug_ranges  0x00000418       0x50 src/ASF/sam0/utils/syscalls/gcc/syscalls.o
 .debug_ranges  0x00000468       0x58 src/qs_adc_basic.o

.debug_macro    0x00000000    0x17379
 .debug_macro   0x00000000      0x4d0 src/ASF/sam0/drivers/sercom/sercom.o
 .debug_macro   0x000004d0      0x83e src/ASF/sam0/drivers/sercom/sercom.o
 .debug_macro   0x00000d0e      0x166 src/ASF/sam0/drivers/sercom/sercom.o
 .debug_macro   0x00000e74      0x4d1 src/ASF/sam0/drivers/sercom/sercom.o
 .debug_macro   0x00001345       0x16 src/ASF/sam0/drivers/sercom/sercom.o
 .debug_macro   0x0000135b       0x44 src/ASF/sam0/drivers/sercom/sercom.o
 .debug_macro   0x0000139f      0x209 src/ASF/sam0/drivers/sercom/sercom.o
 .debug_macro   0x000015a8       0x10 src/ASF/sam0/drivers/sercom/sercom.o
 .debug_macro   0x000015b8       0x76 src/ASF/sam0/drivers/sercom/sercom.o
 .debug_macro   0x0000162e       0x16 src/ASF/sam0/drivers/sercom/sercom.o
 .debug_macro   0x00001644      0x6e5 src/ASF/sam0/drivers/sercom/sercom.o
 .debug_macro   0x00001d29      0xde2 src/ASF/sam0/drivers/sercom/sercom.o
 .debug_macro   0x00002b0b       0x22 src/ASF/sam0/drivers/sercom/sercom.o
 .debug_macro   0x00002b2d       0x40 src/ASF/sam0/drivers/sercom/sercom.o
 .debug_macro   0x00002b6d       0x3a src/ASF/sam0/drivers/sercom/sercom.o
 .debug_macro   0x00002ba7      0x24f src/ASF/sam0/drivers/sercom/sercom.o
 .debug_macro   0x00002df6      0x682 src/ASF/sam0/drivers/sercom/sercom.o
 .debug_macro   0x00003478      0x8bf src/ASF/sam0/drivers/sercom/sercom.o
 .debug_macro   0x00003d37      0xd6a src/ASF/sam0/drivers/sercom/sercom.o
 .debug_macro   0x00004aa1      0x4ce src/ASF/sam0/drivers/sercom/sercom.o
 .debug_macro   0x00004f6f      0x9f8 src/ASF/sam0/drivers/sercom/sercom.o
 .debug_macro   0x00005967      0x82b src/ASF/sam0/drivers/sercom/sercom.o
 .debug_macro   0x00006192      0x45f src/ASF/sam0/drivers/sercom/sercom.o
 .debug_macro   0x000065f1       0x5e src/ASF/sam0/drivers/sercom/sercom.o
 .debug_macro   0x0000664f      0x225 src/ASF/sam0/drivers/sercom/sercom.o
 .debug_macro   0x00006874      0x797 src/ASF/sam0/drivers/sercom/sercom.o
 .debug_macro   0x0000700b       0x5e src/ASF/sam0/drivers/sercom/sercom.o
 .debug_macro   0x00007069      0x60a src/ASF/sam0/drivers/sercom/sercom.o
 .debug_macro   0x00007673      0x3b6 src/ASF/sam0/drivers/sercom/sercom.o
 .debug_macro   0x00007a29       0x94 src/ASF/sam0/drivers/sercom/sercom.o
 .debug_macro   0x00007abd      0xc55 src/ASF/sam0/drivers/sercom/sercom.o
 .debug_macro   0x00008712     0x1092 src/ASF/sam0/drivers/sercom/sercom.o
 .debug_macro   0x000097a4      0xc4a src/ASF/sam0/drivers/sercom/sercom.o
 .debug_macro   0x0000a3ee      0x6bf src/ASF/sam0/drivers/sercom/sercom.o
 .debug_macro   0x0000aaad     0x1b4b src/ASF/sam0/drivers/sercom/sercom.o
 .debug_macro   0x0000c5f8     0x144a src/ASF/sam0/drivers/sercom/sercom.o
 .debug_macro   0x0000da42      0x34e src/ASF/sam0/drivers/sercom/sercom.o
 .debug_macro   0x0000dd90       0x7c src/ASF/sam0/drivers/sercom/sercom.o
 .debug_macro   0x0000de0c       0xa0 src/ASF/sam0/drivers/sercom/sercom.o
 .debug_macro   0x0000deac       0xca src/ASF/sam0/drivers/sercom/sercom.o
 .debug_macro   0x0000df76       0x94 src/ASF/sam0/drivers/sercom/sercom.o
 .debug_macro   0x0000e00a       0x58 src/ASF/sam0/drivers/sercom/sercom.o
 .debug_macro   0x0000e062      0x364 src/ASF/sam0/drivers/sercom/sercom.o
 .debug_macro   0x0000e3c6       0x82 src/ASF/sam0/drivers/sercom/sercom.o
 .debug_macro   0x0000e448      0x197 src/ASF/sam0/drivers/sercom/sercom.o
 .debug_macro   0x0000e5df       0xa0 src/ASF/sam0/drivers/sercom/sercom.o
 .debug_macro   0x0000e67f       0xb8 src/ASF/sam0/drivers/sercom/sercom.o
 .debug_macro   0x0000e737       0x1c src/ASF/sam0/drivers/sercom/sercom.o
 .debug_macro   0x0000e753       0x1c src/ASF/sam0/drivers/sercom/sercom.o
 .debug_macro   0x0000e76f       0x1c src/ASF/sam0/drivers/sercom/sercom.o
 .debug_macro   0x0000e78b       0x7c src/ASF/sam0/drivers/sercom/sercom.o
 .debug_macro   0x0000e807      0x1c6 src/ASF/sam0/drivers/sercom/sercom.o
 .debug_macro   0x0000e9cd       0x16 src/ASF/sam0/drivers/sercom/sercom.o
 .debug_macro   0x0000e9e3       0xdc src/ASF/sam0/drivers/sercom/sercom.o
 .debug_macro   0x0000eabf      0x12f src/ASF/sam0/drivers/sercom/sercom.o
 .debug_macro   0x0000ebee      0x12f src/ASF/sam0/drivers/sercom/sercom.o
 .debug_macro   0x0000ed1d      0x12f src/ASF/sam0/drivers/sercom/sercom.o
 .debug_macro   0x0000ee4c      0x12f src/ASF/sam0/drivers/sercom/sercom.o
 .debug_macro   0x0000ef7b      0x12f src/ASF/sam0/drivers/sercom/sercom.o
 .debug_macro   0x0000f0aa      0x12f src/ASF/sam0/drivers/sercom/sercom.o
 .debug_macro   0x0000f1d9      0x11e src/ASF/sam0/drivers/sercom/sercom.o
 .debug_macro   0x0000f2f7       0xe2 src/ASF/sam0/drivers/sercom/sercom.o
 .debug_macro   0x0000f3d9       0xe2 src/ASF/sam0/drivers/sercom/sercom.o
 .debug_macro   0x0000f4bb       0xe2 src/ASF/sam0/drivers/sercom/sercom.o
 .debug_macro   0x0000f59d      0x12c src/ASF/sam0/drivers/sercom/sercom.o
 .debug_macro   0x0000f6c9      0x100 src/ASF/sam0/drivers/sercom/sercom.o
 .debug_macro   0x0000f7c9       0xf4 src/ASF/sam0/drivers/sercom/sercom.o
 .debug_macro   0x0000f8bd      0x40f src/ASF/sam0/drivers/sercom/sercom.o
 .debug_macro   0x0000fccc       0x40 src/ASF/sam0/drivers/sercom/sercom.o
 .debug_macro   0x0000fd0c      0x345 src/ASF/sam0/drivers/sercom/sercom.o
 .debug_macro   0x00010051     0x174b src/ASF/sam0/drivers/sercom/sercom.o
 .debug_macro   0x0001179c       0x58 src/ASF/sam0/drivers/sercom/sercom.o
 .debug_macro   0x000117f4       0x58 src/ASF/sam0/drivers/sercom/sercom.o
 .debug_macro   0x0001184c       0x35 src/ASF/sam0/drivers/sercom/sercom.o
 .debug_macro   0x00011881       0xa3 src/ASF/sam0/drivers/sercom/sercom.o
 .debug_macro   0x00011924       0x16 src/ASF/sam0/drivers/sercom/sercom.o
 .debug_macro   0x0001193a       0x35 src/ASF/sam0/drivers/sercom/sercom.o
 .debug_macro   0x0001196f       0x10 src/ASF/sam0/drivers/sercom/sercom.o
 .debug_macro   0x0001197f       0x52 src/ASF/sam0/drivers/sercom/sercom.o
 .debug_macro   0x000119d1       0x16 src/ASF/sam0/drivers/sercom/sercom.o
 .debug_macro   0x000119e7       0x43 src/ASF/sam0/drivers/sercom/sercom.o
 .debug_macro   0x00011a2a      0x180 src/ASF/sam0/drivers/sercom/sercom.o
 .debug_macro   0x00011baa       0x10 src/ASF/sam0/drivers/sercom/sercom.o
 .debug_macro   0x00011bba       0x22 src/ASF/sam0/drivers/sercom/sercom.o
 .debug_macro   0x00011bdc       0xbd src/ASF/sam0/drivers/sercom/sercom.o
 .debug_macro   0x00011c99       0x16 src/ASF/sam0/drivers/sercom/sercom.o
 .debug_macro   0x00011caf      0x16c src/ASF/sam0/drivers/sercom/sercom.o
 .debug_macro   0x00011e1b       0x16 src/ASF/sam0/drivers/sercom/sercom.o
 .debug_macro   0x00011e31       0x16 src/ASF/sam0/drivers/sercom/sercom.o
 .debug_macro   0x00011e47       0x29 src/ASF/sam0/drivers/sercom/sercom.o
 .debug_macro   0x00011e70       0x51 src/ASF/sam0/drivers/sercom/sercom.o
 .debug_macro   0x00011ec1       0x3f src/ASF/sam0/drivers/sercom/sercom.o
 .debug_macro   0x00011f00      0x3df src/ASF/sam0/drivers/sercom/sercom.o
 .debug_macro   0x000122df       0x11 src/ASF/sam0/drivers/sercom/sercom.o
 .debug_macro   0x000122f0       0x11 src/ASF/sam0/drivers/sercom/sercom.o
 .debug_macro   0x00012301       0x2e src/ASF/sam0/drivers/sercom/sercom.o
 .debug_macro   0x0001232f       0x9a src/ASF/sam0/drivers/sercom/sercom.o
 .debug_macro   0x000123c9       0x10 src/ASF/sam0/drivers/sercom/sercom.o
 .debug_macro   0x000123d9      0x442 src/ASF/sam0/utils/stdio/read.o
 .debug_macro   0x0001281b      0x442 src/ASF/sam0/utils/stdio/write.o
 .debug_macro   0x00012c5d      0x4e1 src/ASF/sam0/drivers/sercom/usart/usart.o
 .debug_macro   0x0001313e       0x51 src/ASF/sam0/drivers/sercom/usart/usart.o
 .debug_macro   0x0001318f      0x4e1 src/ASF/sam0/drivers/sercom/usart/usart_interrupt.o
 .debug_macro   0x00013670      0x4cd src/ASF/sam0/drivers/sercom/sercom_interrupt.o
 .debug_macro   0x00013b3d      0x47d src/ASF/common2/services/delay/sam0/systick_counter.o
 .debug_macro   0x00013fba       0x16 src/ASF/common2/services/delay/sam0/systick_counter.o
 .debug_macro   0x00013fd0      0x442 src/ASF/common/utils/interrupt/interrupt_sam_nvic.o
 .debug_macro   0x00014412      0x47e src/ASF/sam0/boards/samr21_xplained_pro/board_init.o
 .debug_macro   0x00014890       0x19 src/ASF/sam0/boards/samr21_xplained_pro/board_init.o
 .debug_macro   0x000148a9      0x4a9 src/ASF/sam0/drivers/adc/adc_sam_d_r/adc.o
 .debug_macro   0x00014d52      0x45c src/ASF/sam0/drivers/port/port.o
 .debug_macro   0x000151ae      0x4b4 src/ASF/sam0/drivers/system/clock/clock_samd21_r21/clock.o
 .debug_macro   0x00015662      0x29d src/ASF/sam0/drivers/system/clock/clock_samd21_r21/clock.o
 .debug_macro   0x000158ff      0x478 src/ASF/sam0/drivers/system/clock/clock_samd21_r21/gclk.o
 .debug_macro   0x00015d77      0x454 src/ASF/sam0/drivers/system/pinmux/pinmux.o
 .debug_macro   0x000161cb      0x486 src/ASF/sam0/drivers/system/system.o
 .debug_macro   0x00016651      0x2af src/ASF/sam0/utils/cmsis/samr21/source/gcc/startup_samr21.o
 .debug_macro   0x00016900       0x3a src/ASF/sam0/utils/cmsis/samr21/source/gcc/startup_samr21.o
 .debug_macro   0x0001693a      0x129 src/ASF/sam0/utils/syscalls/gcc/syscalls.o
 .debug_macro   0x00016a63       0x97 src/ASF/sam0/utils/syscalls/gcc/syscalls.o
 .debug_macro   0x00016afa       0xef src/ASF/sam0/utils/syscalls/gcc/syscalls.o
 .debug_macro   0x00016be9       0x4a src/ASF/sam0/utils/syscalls/gcc/syscalls.o
 .debug_macro   0x00016c33       0x52 src/ASF/sam0/utils/syscalls/gcc/syscalls.o
 .debug_macro   0x00016c85       0x16 src/ASF/sam0/utils/syscalls/gcc/syscalls.o
 .debug_macro   0x00016c9b       0x10 src/ASF/sam0/utils/syscalls/gcc/syscalls.o
 .debug_macro   0x00016cab       0x41 src/ASF/sam0/utils/syscalls/gcc/syscalls.o
 .debug_macro   0x00016cec      0x120 src/ASF/sam0/utils/syscalls/gcc/syscalls.o
 .debug_macro   0x00016e0c      0x56d src/qs_adc_basic.o

.debug_line     0x00000000     0xaf2a
 .debug_line    0x00000000      0xb38 src/ASF/sam0/drivers/sercom/sercom.o
 .debug_line    0x00000b38      0x828 src/ASF/sam0/utils/stdio/read.o
 .debug_line    0x00001360      0x81e src/ASF/sam0/utils/stdio/write.o
 .debug_line    0x00001b7e      0xc77 src/ASF/sam0/drivers/sercom/usart/usart.o
 .debug_line    0x000027f5      0xc05 src/ASF/sam0/drivers/sercom/usart/usart_interrupt.o
 .debug_line    0x000033fa      0xaea src/ASF/sam0/drivers/sercom/sercom_interrupt.o
 .debug_line    0x00003ee4      0x945 src/ASF/common2/services/delay/sam0/systick_counter.o
 .debug_line    0x00004829      0x84a src/ASF/common/utils/interrupt/interrupt_sam_nvic.o
 .debug_line    0x00005073      0x8f3 src/ASF/sam0/boards/samr21_xplained_pro/board_init.o
 .debug_line    0x00005966      0xba8 src/ASF/sam0/drivers/adc/adc_sam_d_r/adc.o
 .debug_line    0x0000650e      0x878 src/ASF/sam0/drivers/port/port.o
 .debug_line    0x00006d86      0xbae src/ASF/sam0/drivers/system/clock/clock_samd21_r21/clock.o
 .debug_line    0x00007934      0xbee src/ASF/sam0/drivers/system/clock/clock_samd21_r21/gclk.o
 .debug_line    0x00008522      0x896 src/ASF/sam0/drivers/system/pinmux/pinmux.o
 .debug_line    0x00008db8      0x963 src/ASF/sam0/drivers/system/system.o
 .debug_line    0x0000971b      0x646 src/ASF/sam0/utils/cmsis/samr21/source/gcc/startup_samr21.o
 .debug_line    0x00009d61      0x39d src/ASF/sam0/utils/syscalls/gcc/syscalls.o
 .debug_line    0x0000a0fe      0xe2c src/qs_adc_basic.o

.debug_str      0x00000000    0x80434
 .debug_str     0x00000000    0x77227 src/ASF/sam0/drivers/sercom/sercom.o
                              0x77680 (size before relaxing)
 .debug_str     0x00077227       0x3d src/ASF/sam0/utils/stdio/read.o
                              0x75fc0 (size before relaxing)
 .debug_str     0x00077264       0x33 src/ASF/sam0/utils/stdio/write.o
                              0x75fc2 (size before relaxing)
 .debug_str     0x00077297     0x10a1 src/ASF/sam0/drivers/sercom/usart/usart.o
                              0x78335 (size before relaxing)
 .debug_str     0x00078338      0x1e8 src/ASF/sam0/drivers/sercom/usart/usart_interrupt.o
                              0x7767f (size before relaxing)
 .debug_str     0x00078520      0x4ec src/ASF/sam0/drivers/sercom/sercom_interrupt.o
                              0x774bb (size before relaxing)
 .debug_str     0x00078a0c      0x1c2 src/ASF/common2/services/delay/sam0/systick_counter.o
                              0x761b2 (size before relaxing)
 .debug_str     0x00078bce       0x94 src/ASF/common/utils/interrupt/interrupt_sam_nvic.o
                              0x76013 (size before relaxing)
 .debug_str     0x00078c62     0x2b2a src/ASF/sam0/boards/samr21_xplained_pro/board_init.o
                              0x78b5c (size before relaxing)
 .debug_str     0x0007b78c     0x1277 src/ASF/sam0/drivers/adc/adc_sam_d_r/adc.o
                              0x77c21 (size before relaxing)
 .debug_str     0x0007ca03       0x53 src/ASF/sam0/drivers/port/port.o
                              0x763f2 (size before relaxing)
 .debug_str     0x0007ca56     0x23bd src/ASF/sam0/drivers/system/clock/clock_samd21_r21/clock.o
                              0x79089 (size before relaxing)
 .debug_str     0x0007ee13      0x282 src/ASF/sam0/drivers/system/clock/clock_samd21_r21/gclk.o
                              0x76c56 (size before relaxing)
 .debug_str     0x0007f095      0x130 src/ASF/sam0/drivers/system/pinmux/pinmux.o
                              0x7640a (size before relaxing)
 .debug_str     0x0007f1c5       0x47 src/ASF/sam0/drivers/system/system.o
                              0x76098 (size before relaxing)
 .debug_str     0x0007f20c      0x3a9 src/ASF/sam0/utils/cmsis/samr21/source/gcc/startup_samr21.o
                              0x64398 (size before relaxing)
 .debug_str     0x0007f5b5      0x742 src/ASF/sam0/utils/syscalls/gcc/syscalls.o
                               0x4e40 (size before relaxing)
 .debug_str     0x0007fcf7      0x73d src/qs_adc_basic.o
                              0x7bf6c (size before relaxing)

.debug_frame    0x00000000     0x13d8
 .debug_frame   0x00000000       0xa0 src/ASF/sam0/drivers/sercom/sercom.o
 .debug_frame   0x000000a0       0x34 src/ASF/sam0/utils/stdio/read.o
 .debug_frame   0x000000d4       0x34 src/ASF/sam0/utils/stdio/write.o
 .debug_frame   0x00000108       0xc0 src/ASF/sam0/drivers/sercom/usart/usart.o
 .debug_frame   0x000001c8      0x110 src/ASF/sam0/drivers/sercom/usart/usart_interrupt.o
 .debug_frame   0x000002d8       0xec src/ASF/sam0/drivers/sercom/sercom_interrupt.o
 .debug_frame   0x000003c4       0x60 src/ASF/common2/services/delay/sam0/systick_counter.o
 .debug_frame   0x00000424       0x30 src/ASF/common/utils/interrupt/interrupt_sam_nvic.o
 .debug_frame   0x00000454       0x30 src/ASF/sam0/boards/samr21_xplained_pro/board_init.o
 .debug_frame   0x00000484       0x70 src/ASF/sam0/drivers/adc/adc_sam_d_r/adc.o
 .debug_frame   0x000004f4       0x44 src/ASF/sam0/drivers/port/port.o
 .debug_frame   0x00000538      0x14c src/ASF/sam0/drivers/system/clock/clock_samd21_r21/clock.o
 .debug_frame   0x00000684      0x14c src/ASF/sam0/drivers/system/clock/clock_samd21_r21/gclk.o
 .debug_frame   0x000007d0       0x7c src/ASF/sam0/drivers/system/pinmux/pinmux.o
 .debug_frame   0x0000084c       0x38 src/ASF/sam0/drivers/system/system.o
 .debug_frame   0x00000884       0x38 src/ASF/sam0/utils/cmsis/samr21/source/gcc/startup_samr21.o
 .debug_frame   0x000008bc       0xa8 src/ASF/sam0/utils/syscalls/gcc/syscalls.o
 .debug_frame   0x00000964       0x90 src/qs_adc_basic.o
 .debug_frame   0x000009f4       0x20 c:/program files (x86)/atmel/atmel toolchain/arm gcc/native/4.8.1443/arm-gnu-toolchain/bin/../lib/gcc/arm-none-eabi/4.8.4/armv6-m\libgcc.a(_udivsi3.o)
 .debug_frame   0x00000a14       0x30 c:/program files (x86)/atmel/atmel toolchain/arm gcc/native/4.8.1443/arm-gnu-toolchain/bin/../lib/gcc/arm-none-eabi/4.8.4/armv6-m\libgcc.a(_muldi3.o)
 .debug_frame   0x00000a44       0x2c c:/program files (x86)/atmel/atmel toolchain/arm gcc/native/4.8.1443/arm-gnu-toolchain/bin/../lib/gcc/arm-none-eabi/4.8.4/armv6-m\libgcc.a(_fixunsdfsi.o)
 .debug_frame   0x00000a70       0x28 c:/program files (x86)/atmel/atmel toolchain/arm gcc/native/4.8.1443/arm-gnu-toolchain/bin/../lib/gcc/arm-none-eabi/4.8.4/armv6-m\libgcc.a(floatunsisf.o)
 .debug_frame   0x00000a98       0x3c c:/program files (x86)/atmel/atmel toolchain/arm gcc/native/4.8.1443/arm-gnu-toolchain/bin/../lib/gcc/arm-none-eabi/4.8.4/armv6-m\libgcc.a(adddf3.o)
 .debug_frame   0x00000ad4       0x3c c:/program files (x86)/atmel/atmel toolchain/arm gcc/native/4.8.1443/arm-gnu-toolchain/bin/../lib/gcc/arm-none-eabi/4.8.4/armv6-m\libgcc.a(divdf3.o)
 .debug_frame   0x00000b10       0x3c c:/program files (x86)/atmel/atmel toolchain/arm gcc/native/4.8.1443/arm-gnu-toolchain/bin/../lib/gcc/arm-none-eabi/4.8.4/armv6-m\libgcc.a(muldf3.o)
 .debug_frame   0x00000b4c       0x3c c:/program files (x86)/atmel/atmel toolchain/arm gcc/native/4.8.1443/arm-gnu-toolchain/bin/../lib/gcc/arm-none-eabi/4.8.4/armv6-m\libgcc.a(subdf3.o)
 .debug_frame   0x00000b88       0x2c c:/program files (x86)/atmel/atmel toolchain/arm gcc/native/4.8.1443/arm-gnu-toolchain/bin/../lib/gcc/arm-none-eabi/4.8.4/armv6-m\libgcc.a(fixdfsi.o)
 .debug_frame   0x00000bb4       0x2c c:/program files (x86)/atmel/atmel toolchain/arm gcc/native/4.8.1443/arm-gnu-toolchain/bin/../lib/gcc/arm-none-eabi/4.8.4/armv6-m\libgcc.a(extendsfdf2.o)
 .debug_frame   0x00000be0       0x3c c:/program files (x86)/atmel/atmel toolchain/arm gcc/native/4.8.1443/arm-gnu-toolchain/bin/../lib/gcc/arm-none-eabi/4.8.4/armv6-m\libgcc.a(eqdf2.o)
 .debug_frame   0x00000c1c       0x38 c:/program files (x86)/atmel/atmel toolchain/arm gcc/native/4.8.1443/arm-gnu-toolchain/bin/../lib/gcc/arm-none-eabi/4.8.4/armv6-m\libgcc.a(gedf2.o)
 .debug_frame   0x00000c54       0x3c c:/program files (x86)/atmel/atmel toolchain/arm gcc/native/4.8.1443/arm-gnu-toolchain/bin/../lib/gcc/arm-none-eabi/4.8.4/armv6-m\libgcc.a(ledf2.o)
 .debug_frame   0x00000c90       0x2c c:/program files (x86)/atmel/atmel toolchain/arm gcc/native/4.8.1443/arm-gnu-toolchain/bin/../lib/gcc/arm-none-eabi/4.8.4/../../../../arm-none-eabi/lib/armv6-m\libc_s.a(lib_a-init.o)
 .debug_frame   0x00000cbc       0x28 c:/program files (x86)/atmel/atmel toolchain/arm gcc/native/4.8.1443/arm-gnu-toolchain/bin/../lib/gcc/arm-none-eabi/4.8.4/../../../../arm-none-eabi/lib/armv6-m\libc_s.a(lib_a-memcpy-stub.o)
 .debug_frame   0x00000ce4       0x20 c:/program files (x86)/atmel/atmel toolchain/arm gcc/native/4.8.1443/arm-gnu-toolchain/bin/../lib/gcc/arm-none-eabi/4.8.4/../../../../arm-none-eabi/lib/armv6-m\libc_s.a(lib_a-memset.o)
 .debug_frame   0x00000d04       0x50 c:/program files (x86)/atmel/atmel toolchain/arm gcc/native/4.8.1443/arm-gnu-toolchain/bin/../lib/gcc/arm-none-eabi/4.8.4/../../../../arm-none-eabi/lib/armv6-m\libc_s.a(lib_a-printf.o)
 .debug_frame   0x00000d54       0x28 c:/program files (x86)/atmel/atmel toolchain/arm gcc/native/4.8.1443/arm-gnu-toolchain/bin/../lib/gcc/arm-none-eabi/4.8.4/../../../../arm-none-eabi/lib/armv6-m\libc_s.a(lib_a-setbuf.o)
 .debug_frame   0x00000d7c       0x34 c:/program files (x86)/atmel/atmel toolchain/arm gcc/native/4.8.1443/arm-gnu-toolchain/bin/../lib/gcc/arm-none-eabi/4.8.4/../../../../arm-none-eabi/lib/armv6-m\libc_s.a(lib_a-setvbuf.o)
 .debug_frame   0x00000db0       0xa0 c:/program files (x86)/atmel/atmel toolchain/arm gcc/native/4.8.1443/arm-gnu-toolchain/bin/../lib/gcc/arm-none-eabi/4.8.4/../../../../arm-none-eabi/lib/armv6-m\libc_s.a(lib_a-vfprintf.o)
 .debug_frame   0x00000e50       0x54 c:/program files (x86)/atmel/atmel toolchain/arm gcc/native/4.8.1443/arm-gnu-toolchain/bin/../lib/gcc/arm-none-eabi/4.8.4/../../../../arm-none-eabi/lib/armv6-m\libc_s.a(lib_a-vfprintf_i.o)
 .debug_frame   0x00000ea4       0x44 c:/program files (x86)/atmel/atmel toolchain/arm gcc/native/4.8.1443/arm-gnu-toolchain/bin/../lib/gcc/arm-none-eabi/4.8.4/../../../../arm-none-eabi/lib/armv6-m\libc_s.a(lib_a-wbuf.o)
 .debug_frame   0x00000ee8       0x2c c:/program files (x86)/atmel/atmel toolchain/arm gcc/native/4.8.1443/arm-gnu-toolchain/bin/../lib/gcc/arm-none-eabi/4.8.4/../../../../arm-none-eabi/lib/armv6-m\libc_s.a(lib_a-wsetup.o)
 .debug_frame   0x00000f14       0x68 c:/program files (x86)/atmel/atmel toolchain/arm gcc/native/4.8.1443/arm-gnu-toolchain/bin/../lib/gcc/arm-none-eabi/4.8.4/../../../../arm-none-eabi/lib/armv6-m\libc_s.a(lib_a-fflush.o)
 .debug_frame   0x00000f7c      0x148 c:/program files (x86)/atmel/atmel toolchain/arm gcc/native/4.8.1443/arm-gnu-toolchain/bin/../lib/gcc/arm-none-eabi/4.8.4/../../../../arm-none-eabi/lib/armv6-m\libc_s.a(lib_a-findfp.o)
 .debug_frame   0x000010c4       0x30 c:/program files (x86)/atmel/atmel toolchain/arm gcc/native/4.8.1443/arm-gnu-toolchain/bin/../lib/gcc/arm-none-eabi/4.8.4/../../../../arm-none-eabi/lib/armv6-m\libc_s.a(lib_a-makebuf.o)
 .debug_frame   0x000010f4       0x40 c:/program files (x86)/atmel/atmel toolchain/arm gcc/native/4.8.1443/arm-gnu-toolchain/bin/../lib/gcc/arm-none-eabi/4.8.4/../../../../arm-none-eabi/lib/armv6-m\libc_s.a(lib_a-malloc.o)
 .debug_frame   0x00001134       0x20 c:/program files (x86)/atmel/atmel toolchain/arm gcc/native/4.8.1443/arm-gnu-toolchain/bin/../lib/gcc/arm-none-eabi/4.8.4/../../../../arm-none-eabi/lib/armv6-m\libc_s.a(lib_a-memchr-stub.o)
 .debug_frame   0x00001154       0x2c c:/program files (x86)/atmel/atmel toolchain/arm gcc/native/4.8.1443/arm-gnu-toolchain/bin/../lib/gcc/arm-none-eabi/4.8.4/../../../../arm-none-eabi/lib/armv6-m\libc_s.a(lib_a-nano-freer.o)
 .debug_frame   0x00001180       0x2c c:/program files (x86)/atmel/atmel toolchain/arm gcc/native/4.8.1443/arm-gnu-toolchain/bin/../lib/gcc/arm-none-eabi/4.8.4/../../../../arm-none-eabi/lib/armv6-m\libc_s.a(lib_a-nano-mallocr.o)
 .debug_frame   0x000011ac       0x2c c:/program files (x86)/atmel/atmel toolchain/arm gcc/native/4.8.1443/arm-gnu-toolchain/bin/../lib/gcc/arm-none-eabi/4.8.4/../../../../arm-none-eabi/lib/armv6-m\libc_s.a(lib_a-sbrkr.o)
 .debug_frame   0x000011d8       0x90 c:/program files (x86)/atmel/atmel toolchain/arm gcc/native/4.8.1443/arm-gnu-toolchain/bin/../lib/gcc/arm-none-eabi/4.8.4/../../../../arm-none-eabi/lib/armv6-m\libc_s.a(lib_a-stdio.o)
 .debug_frame   0x00001268       0x20 c:/program files (x86)/atmel/atmel toolchain/arm gcc/native/4.8.1443/arm-gnu-toolchain/bin/../lib/gcc/arm-none-eabi/4.8.4/../../../../arm-none-eabi/lib/armv6-m\libc_s.a(lib_a-strlen.o)
 .debug_frame   0x00001288       0x2c c:/program files (x86)/atmel/atmel toolchain/arm gcc/native/4.8.1443/arm-gnu-toolchain/bin/../lib/gcc/arm-none-eabi/4.8.4/../../../../arm-none-eabi/lib/armv6-m\libc_s.a(lib_a-writer.o)
 .debug_frame   0x000012b4       0x2c c:/program files (x86)/atmel/atmel toolchain/arm gcc/native/4.8.1443/arm-gnu-toolchain/bin/../lib/gcc/arm-none-eabi/4.8.4/../../../../arm-none-eabi/lib/armv6-m\libc_s.a(lib_a-closer.o)
 .debug_frame   0x000012e0       0x2c c:/program files (x86)/atmel/atmel toolchain/arm gcc/native/4.8.1443/arm-gnu-toolchain/bin/../lib/gcc/arm-none-eabi/4.8.4/../../../../arm-none-eabi/lib/armv6-m\libc_s.a(lib_a-fstatr.o)
 .debug_frame   0x0000130c       0x2c c:/program files (x86)/atmel/atmel toolchain/arm gcc/native/4.8.1443/arm-gnu-toolchain/bin/../lib/gcc/arm-none-eabi/4.8.4/../../../../arm-none-eabi/lib/armv6-m\libc_s.a(lib_a-isattyr.o)
 .debug_frame   0x00001338       0x2c c:/program files (x86)/atmel/atmel toolchain/arm gcc/native/4.8.1443/arm-gnu-toolchain/bin/../lib/gcc/arm-none-eabi/4.8.4/../../../../arm-none-eabi/lib/armv6-m\libc_s.a(lib_a-lseekr.o)
 .debug_frame   0x00001364       0x2c c:/program files (x86)/atmel/atmel toolchain/arm gcc/native/4.8.1443/arm-gnu-toolchain/bin/../lib/gcc/arm-none-eabi/4.8.4/../../../../arm-none-eabi/lib/armv6-m\libc_s.a(lib_a-readr.o)
 .debug_frame   0x00001390       0x48 c:/program files (x86)/atmel/atmel toolchain/arm gcc/native/4.8.1443/arm-gnu-toolchain/bin/../lib/gcc/arm-none-eabi/4.8.4/../../../../arm-none-eabi/lib/armv6-m\libc_s.a(lib_a-reent.o)

Cross Reference Table

Symbol                                            File
AC_Handler                                        src/ASF/sam0/utils/cmsis/samr21/source/gcc/startup_samr21.o
ADC_Handler                                       src/ASF/sam0/utils/cmsis/samr21/source/gcc/startup_samr21.o
DMAC_Handler                                      src/ASF/sam0/utils/cmsis/samr21/source/gcc/startup_samr21.o
Dummy_Handler                                     src/ASF/sam0/utils/cmsis/samr21/source/gcc/startup_samr21.o
EIC_Handler                                       src/ASF/sam0/utils/cmsis/samr21/source/gcc/startup_samr21.o
EVSYS_Handler                                     src/ASF/sam0/utils/cmsis/samr21/source/gcc/startup_samr21.o
HardFault_Handler                                 src/ASF/sam0/utils/cmsis/samr21/source/gcc/startup_samr21.o
I2S_Handler                                       src/ASF/sam0/utils/cmsis/samr21/source/gcc/startup_samr21.o
NMI_Handler                                       src/ASF/sam0/utils/cmsis/samr21/source/gcc/startup_samr21.o
NVMCTRL_Handler                                   src/ASF/sam0/utils/cmsis/samr21/source/gcc/startup_samr21.o
PM_Handler                                        src/ASF/sam0/utils/cmsis/samr21/source/gcc/startup_samr21.o
PTC_Handler                                       src/ASF/sam0/utils/cmsis/samr21/source/gcc/startup_samr21.o
PendSV_Handler                                    src/ASF/sam0/utils/cmsis/samr21/source/gcc/startup_samr21.o
RTC_Handler                                       src/ASF/sam0/utils/cmsis/samr21/source/gcc/startup_samr21.o
Reset_Handler                                     src/ASF/sam0/utils/cmsis/samr21/source/gcc/startup_samr21.o
SERCOM0_Handler                                   src/ASF/sam0/drivers/sercom/sercom_interrupt.o
SERCOM1_Handler                                   src/ASF/sam0/drivers/sercom/sercom_interrupt.o
SERCOM2_Handler                                   src/ASF/sam0/drivers/sercom/sercom_interrupt.o
SERCOM3_Handler                                   src/ASF/sam0/drivers/sercom/sercom_interrupt.o
SERCOM4_Handler                                   src/ASF/sam0/drivers/sercom/sercom_interrupt.o
SERCOM5_Handler                                   src/ASF/sam0/drivers/sercom/sercom_interrupt.o
SVC_Handler                                       src/ASF/sam0/utils/cmsis/samr21/source/gcc/startup_samr21.o
SYSCTRL_Handler                                   src/ASF/sam0/utils/cmsis/samr21/source/gcc/startup_samr21.o
SysTick_Handler                                   src/ASF/sam0/utils/cmsis/samr21/source/gcc/startup_samr21.o
SystemCoreClock                                   src/ASF/sam0/utils/cmsis/samr21/source/system_samr21.o
SystemCoreClockUpdate                             src/ASF/sam0/utils/cmsis/samr21/source/system_samr21.o
SystemInit                                        src/ASF/sam0/utils/cmsis/samr21/source/system_samr21.o
TC3_Handler                                       src/ASF/sam0/utils/cmsis/samr21/source/gcc/startup_samr21.o
TC4_Handler                                       src/ASF/sam0/utils/cmsis/samr21/source/gcc/startup_samr21.o
TC5_Handler                                       src/ASF/sam0/utils/cmsis/samr21/source/gcc/startup_samr21.o
TCC0_Handler                                      src/ASF/sam0/utils/cmsis/samr21/source/gcc/startup_samr21.o
TCC1_Handler                                      src/ASF/sam0/utils/cmsis/samr21/source/gcc/startup_samr21.o
TCC2_Handler                                      src/ASF/sam0/utils/cmsis/samr21/source/gcc/startup_samr21.o
USART_HOST_ISR_VECT                               src/ASF/thirdparty/wireless/addons/sio2host/uart/sio2host.o
USB_Handler                                       src/ASF/sam0/utils/cmsis/samr21/source/gcc/startup_samr21.o
WDT_Handler                                       src/ASF/sam0/utils/cmsis/samr21/source/gcc/startup_samr21.o
_Jv_RegisterClasses                               c:/program files (x86)/atmel/atmel toolchain/arm gcc/native/4.8.1443/arm-gnu-toolchain/bin/../lib/gcc/arm-none-eabi/4.8.4/armv6-m/crtbegin.o
__aeabi_cdcmpeq                                   c:/program files (x86)/atmel/atmel toolchain/arm gcc/native/4.8.1443/arm-gnu-toolchain/bin/../lib/gcc/arm-none-eabi/4.8.4/armv6-m\libgcc.a(_arm_cmpdf2.o)
__aeabi_cdcmple                                   c:/program files (x86)/atmel/atmel toolchain/arm gcc/native/4.8.1443/arm-gnu-toolchain/bin/../lib/gcc/arm-none-eabi/4.8.4/armv6-m\libgcc.a(_arm_cmpdf2.o)
__aeabi_cdrcmple                                  c:/program files (x86)/atmel/atmel toolchain/arm gcc/native/4.8.1443/arm-gnu-toolchain/bin/../lib/gcc/arm-none-eabi/4.8.4/armv6-m\libgcc.a(_arm_cmpdf2.o)
__aeabi_d2iz                                      c:/program files (x86)/atmel/atmel toolchain/arm gcc/native/4.8.1443/arm-gnu-toolchain/bin/../lib/gcc/arm-none-eabi/4.8.4/armv6-m\libgcc.a(fixdfsi.o)
                                                  c:/program files (x86)/atmel/atmel toolchain/arm gcc/native/4.8.1443/arm-gnu-toolchain/bin/../lib/gcc/arm-none-eabi/4.8.4/armv6-m\libgcc.a(_fixunsdfsi.o)
__aeabi_d2uiz                                     c:/program files (x86)/atmel/atmel toolchain/arm gcc/native/4.8.1443/arm-gnu-toolchain/bin/../lib/gcc/arm-none-eabi/4.8.4/armv6-m\libgcc.a(_fixunsdfsi.o)
                                                  src/qs_adc_basic.o
__aeabi_dadd                                      c:/program files (x86)/atmel/atmel toolchain/arm gcc/native/4.8.1443/arm-gnu-toolchain/bin/../lib/gcc/arm-none-eabi/4.8.4/armv6-m\libgcc.a(adddf3.o)
                                                  src/qs_adc_basic.o
__aeabi_dcmpeq                                    c:/program files (x86)/atmel/atmel toolchain/arm gcc/native/4.8.1443/arm-gnu-toolchain/bin/../lib/gcc/arm-none-eabi/4.8.4/armv6-m\libgcc.a(_arm_cmpdf2.o)
__aeabi_dcmpge                                    c:/program files (x86)/atmel/atmel toolchain/arm gcc/native/4.8.1443/arm-gnu-toolchain/bin/../lib/gcc/arm-none-eabi/4.8.4/armv6-m\libgcc.a(_arm_cmpdf2.o)
                                                  c:/program files (x86)/atmel/atmel toolchain/arm gcc/native/4.8.1443/arm-gnu-toolchain/bin/../lib/gcc/arm-none-eabi/4.8.4/armv6-m\libgcc.a(_fixunsdfsi.o)
__aeabi_dcmpgt                                    c:/program files (x86)/atmel/atmel toolchain/arm gcc/native/4.8.1443/arm-gnu-toolchain/bin/../lib/gcc/arm-none-eabi/4.8.4/armv6-m\libgcc.a(_arm_cmpdf2.o)
__aeabi_dcmple                                    c:/program files (x86)/atmel/atmel toolchain/arm gcc/native/4.8.1443/arm-gnu-toolchain/bin/../lib/gcc/arm-none-eabi/4.8.4/armv6-m\libgcc.a(_arm_cmpdf2.o)
__aeabi_dcmplt                                    c:/program files (x86)/atmel/atmel toolchain/arm gcc/native/4.8.1443/arm-gnu-toolchain/bin/../lib/gcc/arm-none-eabi/4.8.4/armv6-m\libgcc.a(_arm_cmpdf2.o)